====================
Model: FSRCNN
Scale: x2
Epochs: 500
Batch Size: 16
Patch Size: 96
LR: 1e-4
Optimizer: Adam
Criterion: MSE
Wandb Project: FSRCNN_X2
====================
[Epoch 001] train_loss=0.0362 | train_psnr=20.99 dB | val_loss=0.0115 | val_psnr=23.08 dB | time=75.6s
[Epoch 002] train_loss=0.0120 | train_psnr=24.47 dB | val_loss=0.0072 | val_psnr=23.55 dB | time=83.6s
[Epoch 003] train_loss=0.0085 | train_psnr=25.42 dB | val_loss=0.0062 | val_psnr=24.43 dB | time=91.6s
[Epoch 004] train_loss=0.0071 | train_psnr=26.41 dB | val_loss=0.0050 | val_psnr=25.57 dB | time=94.1s
[Epoch 005] train_loss=0.0054 | train_psnr=27.92 dB | val_loss=0.0038 | val_psnr=26.57 dB | time=95.0s
[Epoch 006] train_loss=0.0043 | train_psnr=28.87 dB | val_loss=0.0031 | val_psnr=27.32 dB | time=96.1s
[Epoch 007] train_loss=0.0039 | train_psnr=29.50 dB | val_loss=0.0028 | val_psnr=27.85 dB | time=94.2s
[Epoch 008] train_loss=0.0035 | train_psnr=30.07 dB | val_loss=0.0026 | val_psnr=28.34 dB | time=94.4s
[Epoch 009] train_loss=0.0031 | train_psnr=30.66 dB | val_loss=0.0023 | val_psnr=28.83 dB | time=96.0s
[Epoch 010] train_loss=0.0029 | train_psnr=31.11 dB | val_loss=0.0022 | val_psnr=29.19 dB | time=91.1s
[Epoch 011] train_loss=0.0028 | train_psnr=31.38 dB | val_loss=0.0020 | val_psnr=29.51 dB | time=88.8s
[Epoch 012] train_loss=0.0026 | train_psnr=32.05 dB | val_loss=0.0019 | val_psnr=29.80 dB | time=92.6s
[Epoch 013] train_loss=0.0025 | train_psnr=32.13 dB | val_loss=0.0019 | val_psnr=30.05 dB | time=95.3s
[Epoch 014] train_loss=0.0023 | train_psnr=32.45 dB | val_loss=0.0018 | val_psnr=30.23 dB | time=91.3s
[Epoch 015] train_loss=0.0022 | train_psnr=32.68 dB | val_loss=0.0017 | val_psnr=30.40 dB | time=94.3s
[Epoch 016] train_loss=0.0022 | train_psnr=32.80 dB | val_loss=0.0016 | val_psnr=30.61 dB | time=103.4s
[Epoch 017] train_loss=0.0021 | train_psnr=33.15 dB | val_loss=0.0016 | val_psnr=30.75 dB | time=99.7s
[Epoch 018] train_loss=0.0020 | train_psnr=33.06 dB | val_loss=0.0015 | val_psnr=30.91 dB | time=98.0s
[Epoch 019] train_loss=0.0020 | train_psnr=33.26 dB | val_loss=0.0015 | val_psnr=31.04 dB | time=96.5s
[Epoch 020] train_loss=0.0019 | train_psnr=33.42 dB | val_loss=0.0015 | val_psnr=31.16 dB | time=90.3s
[Epoch 021] train_loss=0.0019 | train_psnr=33.52 dB | val_loss=0.0014 | val_psnr=31.25 dB | time=93.1s
[Epoch 022] train_loss=0.0018 | train_psnr=33.70 dB | val_loss=0.0014 | val_psnr=31.28 dB | time=92.0s
[Epoch 023] train_loss=0.0018 | train_psnr=33.80 dB | val_loss=0.0014 | val_psnr=31.24 dB | time=99.3s
[Epoch 024] train_loss=0.0018 | train_psnr=33.90 dB | val_loss=0.0013 | val_psnr=31.49 dB | time=90.4s
[Epoch 025] train_loss=0.0017 | train_psnr=33.78 dB | val_loss=0.0013 | val_psnr=31.55 dB | time=92.5s
[Epoch 026] train_loss=0.0017 | train_psnr=34.18 dB | val_loss=0.0013 | val_psnr=31.58 dB | time=94.5s
[Epoch 027] train_loss=0.0018 | train_psnr=33.80 dB | val_loss=0.0013 | val_psnr=31.67 dB | time=92.5s
[Epoch 028] train_loss=0.0017 | train_psnr=34.00 dB | val_loss=0.0013 | val_psnr=31.71 dB | time=89.5s
[Epoch 029] train_loss=0.0016 | train_psnr=34.18 dB | val_loss=0.0015 | val_psnr=31.60 dB | time=93.1s
[Epoch 030] train_loss=0.0017 | train_psnr=33.98 dB | val_loss=0.0013 | val_psnr=31.74 dB | time=95.1s
[Epoch 031] train_loss=0.0016 | train_psnr=34.46 dB | val_loss=0.0013 | val_psnr=31.75 dB | time=87.3s
[Epoch 032] train_loss=0.0016 | train_psnr=34.46 dB | val_loss=0.0012 | val_psnr=31.87 dB | time=93.8s
[Epoch 033] train_loss=0.0016 | train_psnr=34.35 dB | val_loss=0.0014 | val_psnr=31.31 dB | time=99.6s
[Epoch 034] train_loss=0.0016 | train_psnr=34.05 dB | val_loss=0.0012 | val_psnr=31.91 dB | time=96.2s
[Epoch 035] train_loss=0.0015 | train_psnr=34.72 dB | val_loss=0.0013 | val_psnr=31.94 dB | time=93.9s
[Epoch 036] train_loss=0.0016 | train_psnr=34.53 dB | val_loss=0.0012 | val_psnr=31.89 dB | time=89.6s
[Epoch 037] train_loss=0.0015 | train_psnr=34.74 dB | val_loss=0.0013 | val_psnr=31.92 dB | time=90.9s
[Epoch 038] train_loss=0.0016 | train_psnr=34.59 dB | val_loss=0.0012 | val_psnr=32.01 dB | time=90.3s
[Epoch 039] train_loss=0.0015 | train_psnr=35.02 dB | val_loss=0.0012 | val_psnr=32.04 dB | time=92.3s
[Epoch 040] train_loss=0.0016 | train_psnr=34.70 dB | val_loss=0.0012 | val_psnr=32.07 dB | time=95.0s
[Epoch 041] train_loss=0.0015 | train_psnr=34.54 dB | val_loss=0.0012 | val_psnr=31.99 dB | time=90.4s
[Epoch 042] train_loss=0.0014 | train_psnr=34.89 dB | val_loss=0.0012 | val_psnr=32.09 dB | time=100.2s
[Epoch 043] train_loss=0.0015 | train_psnr=34.80 dB | val_loss=0.0012 | val_psnr=32.12 dB | time=88.8s
[Epoch 044] train_loss=0.0015 | train_psnr=34.77 dB | val_loss=0.0013 | val_psnr=31.89 dB | time=86.5s
[Epoch 045] train_loss=0.0015 | train_psnr=34.58 dB | val_loss=0.0012 | val_psnr=32.11 dB | time=93.1s
[Epoch 046] train_loss=0.0014 | train_psnr=35.00 dB | val_loss=0.0012 | val_psnr=32.15 dB | time=94.7s
[Epoch 047] train_loss=0.0014 | train_psnr=35.29 dB | val_loss=0.0011 | val_psnr=32.17 dB | time=87.9s
[Epoch 048] train_loss=0.0014 | train_psnr=35.07 dB | val_loss=0.0011 | val_psnr=32.18 dB | time=91.3s
[Epoch 049] train_loss=0.0014 | train_psnr=34.53 dB | val_loss=0.0011 | val_psnr=32.20 dB | time=91.8s
[Epoch 050] train_loss=0.0015 | train_psnr=34.77 dB | val_loss=0.0012 | val_psnr=32.17 dB | time=95.0s
[Epoch 051] train_loss=0.0014 | train_psnr=35.04 dB | val_loss=0.0011 | val_psnr=32.20 dB | time=90.6s
[Epoch 052] train_loss=0.0014 | train_psnr=35.02 dB | val_loss=0.0011 | val_psnr=32.19 dB | time=89.9s
[Epoch 053] train_loss=0.0014 | train_psnr=35.00 dB | val_loss=0.0011 | val_psnr=32.21 dB | time=90.7s
[Epoch 054] train_loss=0.0014 | train_psnr=35.05 dB | val_loss=0.0011 | val_psnr=32.18 dB | time=92.6s
[Epoch 055] train_loss=0.0014 | train_psnr=34.93 dB | val_loss=0.0012 | val_psnr=32.14 dB | time=92.8s
[Epoch 056] train_loss=0.0014 | train_psnr=35.22 dB | val_loss=0.0011 | val_psnr=32.28 dB | time=94.3s
[Epoch 057] train_loss=0.0014 | train_psnr=35.01 dB | val_loss=0.0012 | val_psnr=32.28 dB | time=90.2s
[Epoch 058] train_loss=0.0014 | train_psnr=35.16 dB | val_loss=0.0011 | val_psnr=32.30 dB | time=88.7s
[Epoch 059] train_loss=0.0014 | train_psnr=34.70 dB | val_loss=0.0011 | val_psnr=32.31 dB | time=88.4s
[Epoch 060] train_loss=0.0014 | train_psnr=35.13 dB | val_loss=0.0011 | val_psnr=32.32 dB | time=97.4s
[Epoch 061] train_loss=0.0013 | train_psnr=35.36 dB | val_loss=0.0011 | val_psnr=32.31 dB | time=93.5s
[Epoch 062] train_loss=0.0013 | train_psnr=35.22 dB | val_loss=0.0011 | val_psnr=32.35 dB | time=92.0s
[Epoch 063] train_loss=0.0014 | train_psnr=34.53 dB | val_loss=0.0013 | val_psnr=31.24 dB | time=92.2s
[Epoch 064] train_loss=0.0013 | train_psnr=35.34 dB | val_loss=0.0011 | val_psnr=32.35 dB | time=90.8s
[Epoch 065] train_loss=0.0013 | train_psnr=35.32 dB | val_loss=0.0011 | val_psnr=32.36 dB | time=94.3s
[Epoch 066] train_loss=0.0013 | train_psnr=35.29 dB | val_loss=0.0011 | val_psnr=32.29 dB | time=95.3s
[Epoch 067] train_loss=0.0013 | train_psnr=35.24 dB | val_loss=0.0011 | val_psnr=32.23 dB | time=91.5s
[Epoch 068] train_loss=0.0013 | train_psnr=35.45 dB | val_loss=0.0012 | val_psnr=32.25 dB | time=88.8s
[Epoch 069] train_loss=0.0014 | train_psnr=35.18 dB | val_loss=0.0011 | val_psnr=32.38 dB | time=90.9s
[Epoch 070] train_loss=0.0013 | train_psnr=35.26 dB | val_loss=0.0011 | val_psnr=32.40 dB | time=99.9s
[Epoch 071] train_loss=0.0014 | train_psnr=34.95 dB | val_loss=0.0011 | val_psnr=32.38 dB | time=96.3s
[Epoch 072] train_loss=0.0013 | train_psnr=35.34 dB | val_loss=0.0011 | val_psnr=32.41 dB | time=91.7s
[Epoch 073] train_loss=0.0013 | train_psnr=35.36 dB | val_loss=0.0011 | val_psnr=32.23 dB | time=97.2s
[Epoch 074] train_loss=0.0013 | train_psnr=35.31 dB | val_loss=0.0011 | val_psnr=32.40 dB | time=94.8s
[Epoch 075] train_loss=0.0013 | train_psnr=35.52 dB | val_loss=0.0011 | val_psnr=32.34 dB | time=98.0s
[Epoch 076] train_loss=0.0013 | train_psnr=35.50 dB | val_loss=0.0011 | val_psnr=32.40 dB | time=94.7s
[Epoch 077] train_loss=0.0014 | train_psnr=35.28 dB | val_loss=0.0011 | val_psnr=32.42 dB | time=91.1s
[Epoch 078] train_loss=0.0013 | train_psnr=35.49 dB | val_loss=0.0011 | val_psnr=32.43 dB | time=88.2s
[Epoch 079] train_loss=0.0013 | train_psnr=35.63 dB | val_loss=0.0011 | val_psnr=32.44 dB | time=89.7s
[Epoch 080] train_loss=0.0013 | train_psnr=34.77 dB | val_loss=0.0012 | val_psnr=31.06 dB | time=91.7s
[Epoch 081] train_loss=0.0013 | train_psnr=34.89 dB | val_loss=0.0011 | val_psnr=32.44 dB | time=90.1s
[Epoch 082] train_loss=0.0013 | train_psnr=35.56 dB | val_loss=0.0011 | val_psnr=32.45 dB | time=98.8s
[Epoch 083] train_loss=0.0013 | train_psnr=35.65 dB | val_loss=0.0011 | val_psnr=32.45 dB | time=91.4s
[Epoch 084] train_loss=0.0013 | train_psnr=35.47 dB | val_loss=0.0011 | val_psnr=32.46 dB | time=93.5s
[Epoch 085] train_loss=0.0013 | train_psnr=35.66 dB | val_loss=0.0011 | val_psnr=32.40 dB | time=91.0s
[Epoch 086] train_loss=0.0013 | train_psnr=35.69 dB | val_loss=0.0011 | val_psnr=32.38 dB | time=102.8s
[Epoch 087] train_loss=0.0012 | train_psnr=35.53 dB | val_loss=0.0011 | val_psnr=32.47 dB | time=94.4s
[Epoch 088] train_loss=0.0013 | train_psnr=35.22 dB | val_loss=0.0011 | val_psnr=32.43 dB | time=94.0s
[Epoch 089] train_loss=0.0012 | train_psnr=35.66 dB | val_loss=0.0011 | val_psnr=32.46 dB | time=91.9s
[Epoch 090] train_loss=0.0013 | train_psnr=35.51 dB | val_loss=0.0011 | val_psnr=32.48 dB | time=93.0s
[Epoch 091] train_loss=0.0013 | train_psnr=35.33 dB | val_loss=0.0011 | val_psnr=32.25 dB | time=98.7s
[Epoch 092] train_loss=0.0012 | train_psnr=35.82 dB | val_loss=0.0011 | val_psnr=32.49 dB | time=94.1s
[Epoch 093] train_loss=0.0012 | train_psnr=35.78 dB | val_loss=0.0011 | val_psnr=32.48 dB | time=90.5s
[Epoch 094] train_loss=0.0012 | train_psnr=35.45 dB | val_loss=0.0011 | val_psnr=32.49 dB | time=89.9s
[Epoch 095] train_loss=0.0012 | train_psnr=35.68 dB | val_loss=0.0012 | val_psnr=32.33 dB | time=91.1s
[Epoch 096] train_loss=0.0013 | train_psnr=35.48 dB | val_loss=0.0011 | val_psnr=32.48 dB | time=94.1s
[Epoch 097] train_loss=0.0014 | train_psnr=34.99 dB | val_loss=0.0011 | val_psnr=32.48 dB | time=94.3s
[Epoch 098] train_loss=0.0012 | train_psnr=35.72 dB | val_loss=0.0011 | val_psnr=32.48 dB | time=92.3s
[Epoch 099] train_loss=0.0012 | train_psnr=35.68 dB | val_loss=0.0011 | val_psnr=32.48 dB | time=88.5s
[Epoch 100] train_loss=0.0012 | train_psnr=35.70 dB | val_loss=0.0011 | val_psnr=32.47 dB | time=89.2s
[Epoch 101] train_loss=0.0012 | train_psnr=35.44 dB | val_loss=0.0011 | val_psnr=32.47 dB | time=97.1s
[Epoch 102] train_loss=0.0013 | train_psnr=35.17 dB | val_loss=0.0010 | val_psnr=32.49 dB | time=99.4s
[Epoch 103] train_loss=0.0012 | train_psnr=35.98 dB | val_loss=0.0010 | val_psnr=32.50 dB | time=94.5s
[Epoch 104] train_loss=0.0012 | train_psnr=35.62 dB | val_loss=0.0010 | val_psnr=32.51 dB | time=88.6s
[Epoch 105] train_loss=0.0012 | train_psnr=35.60 dB | val_loss=0.0010 | val_psnr=32.51 dB | time=100.5s
[Epoch 106] train_loss=0.0012 | train_psnr=35.76 dB | val_loss=0.0010 | val_psnr=32.51 dB | time=99.1s
[Epoch 107] train_loss=0.0013 | train_psnr=35.30 dB | val_loss=0.0010 | val_psnr=32.51 dB | time=93.9s
[Epoch 108] train_loss=0.0012 | train_psnr=36.04 dB | val_loss=0.0010 | val_psnr=32.51 dB | time=100.2s
[Epoch 109] train_loss=0.0012 | train_psnr=35.63 dB | val_loss=0.0010 | val_psnr=32.48 dB | time=94.3s
[Epoch 110] train_loss=0.0013 | train_psnr=35.61 dB | val_loss=0.0010 | val_psnr=32.51 dB | time=94.8s
[Epoch 111] train_loss=0.0012 | train_psnr=35.66 dB | val_loss=0.0011 | val_psnr=32.48 dB | time=91.7s
[Epoch 112] train_loss=0.0013 | train_psnr=35.50 dB | val_loss=0.0010 | val_psnr=32.50 dB | time=87.4s
[Epoch 113] train_loss=0.0013 | train_psnr=34.92 dB | val_loss=0.0013 | val_psnr=32.38 dB | time=99.2s
[Epoch 114] train_loss=0.0012 | train_psnr=35.66 dB | val_loss=0.0010 | val_psnr=32.51 dB | time=101.6s
[Epoch 115] train_loss=0.0012 | train_psnr=35.98 dB | val_loss=0.0010 | val_psnr=32.52 dB | time=91.5s
[Epoch 116] train_loss=0.0013 | train_psnr=35.31 dB | val_loss=0.0011 | val_psnr=32.26 dB | time=93.4s
[Epoch 117] train_loss=0.0012 | train_psnr=35.75 dB | val_loss=0.0010 | val_psnr=32.50 dB | time=91.9s
[Epoch 118] train_loss=0.0013 | train_psnr=35.42 dB | val_loss=0.0010 | val_psnr=32.49 dB | time=91.7s
[Epoch 119] train_loss=0.0012 | train_psnr=35.92 dB | val_loss=0.0010 | val_psnr=32.52 dB | time=96.4s
[Epoch 120] train_loss=0.0013 | train_psnr=35.62 dB | val_loss=0.0010 | val_psnr=32.54 dB | time=89.2s
[Epoch 121] train_loss=0.0013 | train_psnr=35.53 dB | val_loss=0.0010 | val_psnr=32.53 dB | time=92.4s
[Epoch 122] train_loss=0.0013 | train_psnr=34.50 dB | val_loss=0.0010 | val_psnr=32.45 dB | time=87.3s
[Epoch 123] train_loss=0.0012 | train_psnr=35.88 dB | val_loss=0.0010 | val_psnr=32.52 dB | time=88.1s
[Epoch 124] train_loss=0.0013 | train_psnr=35.71 dB | val_loss=0.0010 | val_psnr=32.53 dB | time=94.0s
[Epoch 125] train_loss=0.0012 | train_psnr=36.01 dB | val_loss=0.0010 | val_psnr=32.54 dB | time=87.4s
[Epoch 126] train_loss=0.0013 | train_psnr=35.48 dB | val_loss=0.0011 | val_psnr=32.51 dB | time=85.6s
[Epoch 127] train_loss=0.0012 | train_psnr=35.82 dB | val_loss=0.0010 | val_psnr=32.53 dB | time=89.0s
[Epoch 128] train_loss=0.0012 | train_psnr=35.86 dB | val_loss=0.0011 | val_psnr=32.53 dB | time=83.5s
[Epoch 129] train_loss=0.0012 | train_psnr=35.64 dB | val_loss=0.0010 | val_psnr=32.52 dB | time=89.7s
[Epoch 130] train_loss=0.0012 | train_psnr=35.95 dB | val_loss=0.0010 | val_psnr=32.55 dB | time=92.0s
[Epoch 131] train_loss=0.0012 | train_psnr=35.65 dB | val_loss=0.0011 | val_psnr=32.06 dB | time=92.3s
[Epoch 132] train_loss=0.0013 | train_psnr=34.53 dB | val_loss=0.0011 | val_psnr=32.30 dB | time=87.1s
[Epoch 133] train_loss=0.0012 | train_psnr=35.72 dB | val_loss=0.0010 | val_psnr=32.53 dB | time=88.2s
[Epoch 134] train_loss=0.0012 | train_psnr=35.93 dB | val_loss=0.0010 | val_psnr=32.54 dB | time=87.9s
[Epoch 135] train_loss=0.0012 | train_psnr=35.96 dB | val_loss=0.0010 | val_psnr=32.52 dB | time=88.1s
[Epoch 136] train_loss=0.0013 | train_psnr=35.34 dB | val_loss=0.0010 | val_psnr=32.52 dB | time=92.4s
[Epoch 137] train_loss=0.0012 | train_psnr=35.83 dB | val_loss=0.0010 | val_psnr=32.53 dB | time=95.4s
[Epoch 138] train_loss=0.0012 | train_psnr=35.90 dB | val_loss=0.0010 | val_psnr=32.52 dB | time=90.2s
[Epoch 139] train_loss=0.0012 | train_psnr=35.75 dB | val_loss=0.0010 | val_psnr=32.54 dB | time=89.2s
[Epoch 140] train_loss=0.0012 | train_psnr=35.79 dB | val_loss=0.0010 | val_psnr=32.50 dB | time=95.8s
[Epoch 141] train_loss=0.0012 | train_psnr=35.69 dB | val_loss=0.0010 | val_psnr=32.54 dB | time=95.8s
[Epoch 142] train_loss=0.0012 | train_psnr=35.94 dB | val_loss=0.0010 | val_psnr=32.55 dB | time=100.1s
[Epoch 143] train_loss=0.0012 | train_psnr=35.88 dB | val_loss=0.0010 | val_psnr=32.56 dB | time=90.4s
[Epoch 144] train_loss=0.0012 | train_psnr=36.17 dB | val_loss=0.0010 | val_psnr=32.55 dB | time=95.7s
[Epoch 145] train_loss=0.0012 | train_psnr=35.99 dB | val_loss=0.0010 | val_psnr=32.56 dB | time=95.9s
[Epoch 146] train_loss=0.0012 | train_psnr=36.10 dB | val_loss=0.0010 | val_psnr=32.56 dB | time=94.7s
[Epoch 147] train_loss=0.0012 | train_psnr=35.95 dB | val_loss=0.0010 | val_psnr=32.56 dB | time=93.9s
[Epoch 148] train_loss=0.0012 | train_psnr=35.72 dB | val_loss=0.0010 | val_psnr=32.53 dB | time=89.3s
[Epoch 149] train_loss=0.0013 | train_psnr=35.71 dB | val_loss=0.0010 | val_psnr=32.55 dB | time=93.4s
[Epoch 150] train_loss=0.0012 | train_psnr=35.85 dB | val_loss=0.0010 | val_psnr=32.56 dB | time=91.2s
[Epoch 151] train_loss=0.0012 | train_psnr=35.65 dB | val_loss=0.0010 | val_psnr=32.55 dB | time=86.4s
[Epoch 152] train_loss=0.0012 | train_psnr=35.82 dB | val_loss=0.0010 | val_psnr=32.56 dB | time=93.8s
[Epoch 153] train_loss=0.0011 | train_psnr=36.04 dB | val_loss=0.0010 | val_psnr=32.50 dB | time=90.7s
[Epoch 154] train_loss=0.0012 | train_psnr=35.73 dB | val_loss=0.0010 | val_psnr=32.56 dB | time=87.7s
[Epoch 155] train_loss=0.0012 | train_psnr=36.15 dB | val_loss=0.0010 | val_psnr=32.57 dB | time=88.8s
[Epoch 156] train_loss=0.0012 | train_psnr=35.85 dB | val_loss=0.0010 | val_psnr=32.57 dB | time=87.1s
[Epoch 157] train_loss=0.0012 | train_psnr=35.98 dB | val_loss=0.0010 | val_psnr=32.57 dB | time=88.1s
[Epoch 158] train_loss=0.0013 | train_psnr=35.84 dB | val_loss=0.0010 | val_psnr=32.57 dB | time=92.8s
[Epoch 159] train_loss=0.0012 | train_psnr=36.00 dB | val_loss=0.0010 | val_psnr=32.57 dB | time=88.5s
[Epoch 160] train_loss=0.0012 | train_psnr=36.01 dB | val_loss=0.0010 | val_psnr=32.56 dB | time=87.2s
[Epoch 161] train_loss=0.0011 | train_psnr=35.99 dB | val_loss=0.0010 | val_psnr=32.58 dB | time=93.0s
[Epoch 162] train_loss=0.0012 | train_psnr=35.99 dB | val_loss=0.0010 | val_psnr=32.58 dB | time=93.0s
[Epoch 163] train_loss=0.0012 | train_psnr=35.97 dB | val_loss=0.0010 | val_psnr=32.56 dB | time=87.8s
[Epoch 164] train_loss=0.0012 | train_psnr=35.91 dB | val_loss=0.0010 | val_psnr=32.56 dB | time=91.1s
[Epoch 165] train_loss=0.0012 | train_psnr=36.01 dB | val_loss=0.0010 | val_psnr=32.57 dB | time=87.8s
[Epoch 166] train_loss=0.0012 | train_psnr=36.06 dB | val_loss=0.0010 | val_psnr=32.58 dB | time=92.3s
[Epoch 167] train_loss=0.0012 | train_psnr=35.84 dB | val_loss=0.0010 | val_psnr=32.57 dB | time=93.2s
[Epoch 168] train_loss=0.0012 | train_psnr=35.93 dB | val_loss=0.0010 | val_psnr=32.58 dB | time=90.2s
[Epoch 169] train_loss=0.0012 | train_psnr=36.00 dB | val_loss=0.0010 | val_psnr=32.57 dB | time=87.6s
[Epoch 170] train_loss=0.0012 | train_psnr=36.21 dB | val_loss=0.0010 | val_psnr=32.52 dB | time=85.1s
[Epoch 171] train_loss=0.0012 | train_psnr=36.05 dB | val_loss=0.0010 | val_psnr=32.57 dB | time=87.7s
[Epoch 172] train_loss=0.0011 | train_psnr=36.20 dB | val_loss=0.0010 | val_psnr=32.58 dB | time=93.0s
[Epoch 173] train_loss=0.0012 | train_psnr=36.03 dB | val_loss=0.0010 | val_psnr=32.59 dB | time=90.3s
[Epoch 174] train_loss=0.0012 | train_psnr=36.11 dB | val_loss=0.0010 | val_psnr=32.57 dB | time=86.9s
[Epoch 175] train_loss=0.0012 | train_psnr=36.10 dB | val_loss=0.0010 | val_psnr=32.58 dB | time=87.0s
[Epoch 176] train_loss=0.0012 | train_psnr=35.96 dB | val_loss=0.0010 | val_psnr=32.56 dB | time=84.5s
[Epoch 177] train_loss=0.0012 | train_psnr=36.11 dB | val_loss=0.0010 | val_psnr=32.56 dB | time=88.3s
[Epoch 178] train_loss=0.0012 | train_psnr=35.96 dB | val_loss=0.0010 | val_psnr=32.57 dB | time=93.6s
[Epoch 179] train_loss=0.0011 | train_psnr=36.34 dB | val_loss=0.0010 | val_psnr=32.58 dB | time=89.9s
[Epoch 180] train_loss=0.0012 | train_psnr=35.98 dB | val_loss=0.0010 | val_psnr=32.59 dB | time=88.3s
[Epoch 181] train_loss=0.0012 | train_psnr=35.83 dB | val_loss=0.0010 | val_psnr=32.59 dB | time=84.2s
[Epoch 182] train_loss=0.0012 | train_psnr=35.86 dB | val_loss=0.0010 | val_psnr=32.55 dB | time=84.4s
[Epoch 183] train_loss=0.0011 | train_psnr=36.24 dB | val_loss=0.0010 | val_psnr=32.58 dB | time=89.8s
[Epoch 184] train_loss=0.0011 | train_psnr=36.02 dB | val_loss=0.0010 | val_psnr=32.59 dB | time=90.0s
[Epoch 185] train_loss=0.0011 | train_psnr=36.25 dB | val_loss=0.0010 | val_psnr=32.59 dB | time=83.4s
[Epoch 186] train_loss=0.0011 | train_psnr=36.26 dB | val_loss=0.0010 | val_psnr=32.59 dB | time=89.5s
[Epoch 187] train_loss=0.0012 | train_psnr=36.07 dB | val_loss=0.0010 | val_psnr=32.59 dB | time=88.9s
[Epoch 188] train_loss=0.0012 | train_psnr=36.12 dB | val_loss=0.0010 | val_psnr=32.59 dB | time=89.1s
[Epoch 189] train_loss=0.0012 | train_psnr=35.93 dB | val_loss=0.0010 | val_psnr=32.59 dB | time=93.7s
[Epoch 190] train_loss=0.0012 | train_psnr=36.02 dB | val_loss=0.0010 | val_psnr=32.59 dB | time=90.4s
[Epoch 191] train_loss=0.0012 | train_psnr=36.01 dB | val_loss=0.0010 | val_psnr=32.59 dB | time=91.2s
[Epoch 192] train_loss=0.0012 | train_psnr=35.98 dB | val_loss=0.0010 | val_psnr=32.58 dB | time=87.3s
[Epoch 193] train_loss=0.0012 | train_psnr=36.06 dB | val_loss=0.0010 | val_psnr=32.58 dB | time=87.5s
[Epoch 194] train_loss=0.0012 | train_psnr=36.03 dB | val_loss=0.0010 | val_psnr=32.58 dB | time=92.1s
[Epoch 195] train_loss=0.0012 | train_psnr=36.17 dB | val_loss=0.0010 | val_psnr=32.59 dB | time=93.3s
[Epoch 196] train_loss=0.0011 | train_psnr=36.01 dB | val_loss=0.0010 | val_psnr=32.60 dB | time=91.2s
[Epoch 197] train_loss=0.0011 | train_psnr=36.10 dB | val_loss=0.0010 | val_psnr=32.60 dB | time=88.7s
[Epoch 198] train_loss=0.0012 | train_psnr=36.22 dB | val_loss=0.0010 | val_psnr=32.60 dB | time=88.5s
[Epoch 199] train_loss=0.0011 | train_psnr=36.47 dB | val_loss=0.0010 | val_psnr=32.60 dB | time=89.3s
[Epoch 200] train_loss=0.0012 | train_psnr=36.03 dB | val_loss=0.0010 | val_psnr=32.59 dB | time=93.8s
[Epoch 201] train_loss=0.0012 | train_psnr=36.02 dB | val_loss=0.0010 | val_psnr=32.60 dB | time=89.7s
[Epoch 202] train_loss=0.0011 | train_psnr=36.22 dB | val_loss=0.0010 | val_psnr=32.60 dB | time=88.1s
[Epoch 203] train_loss=0.0011 | train_psnr=36.17 dB | val_loss=0.0010 | val_psnr=32.59 dB | time=87.4s
[Epoch 204] train_loss=0.0012 | train_psnr=36.11 dB | val_loss=0.0010 | val_psnr=32.60 dB | time=86.2s
[Epoch 205] train_loss=0.0011 | train_psnr=36.42 dB | val_loss=0.0010 | val_psnr=32.60 dB | time=90.6s
[Epoch 206] train_loss=0.0011 | train_psnr=36.16 dB | val_loss=0.0010 | val_psnr=32.60 dB | time=89.1s
[Epoch 207] train_loss=0.0012 | train_psnr=36.37 dB | val_loss=0.0010 | val_psnr=32.60 dB | time=90.9s
[Epoch 208] train_loss=0.0012 | train_psnr=36.14 dB | val_loss=0.0010 | val_psnr=32.60 dB | time=89.7s
[Epoch 209] train_loss=0.0012 | train_psnr=36.27 dB | val_loss=0.0010 | val_psnr=32.60 dB | time=86.7s
[Epoch 210] train_loss=0.0011 | train_psnr=36.25 dB | val_loss=0.0010 | val_psnr=32.60 dB | time=88.4s
[Epoch 211] train_loss=0.0012 | train_psnr=36.08 dB | val_loss=0.0010 | val_psnr=32.60 dB | time=86.7s
[Epoch 212] train_loss=0.0012 | train_psnr=36.16 dB | val_loss=0.0010 | val_psnr=32.60 dB | time=90.7s
[Epoch 213] train_loss=0.0012 | train_psnr=35.96 dB | val_loss=0.0010 | val_psnr=32.60 dB | time=85.4s
[Epoch 214] train_loss=0.0012 | train_psnr=36.02 dB | val_loss=0.0010 | val_psnr=32.60 dB | time=90.7s
[Epoch 215] train_loss=0.0012 | train_psnr=36.26 dB | val_loss=0.0010 | val_psnr=32.60 dB | time=88.9s
[Epoch 216] train_loss=0.0011 | train_psnr=36.27 dB | val_loss=0.0010 | val_psnr=32.60 dB | time=92.6s
[Epoch 217] train_loss=0.0011 | train_psnr=35.99 dB | val_loss=0.0010 | val_psnr=32.60 dB | time=90.7s
[Epoch 218] train_loss=0.0011 | train_psnr=36.23 dB | val_loss=0.0010 | val_psnr=32.60 dB | time=91.4s
[Epoch 219] train_loss=0.0012 | train_psnr=36.23 dB | val_loss=0.0010 | val_psnr=32.60 dB | time=87.1s
[Epoch 220] train_loss=0.0011 | train_psnr=36.26 dB | val_loss=0.0010 | val_psnr=32.60 dB | time=89.1s
[Epoch 221] train_loss=0.0012 | train_psnr=36.16 dB | val_loss=0.0010 | val_psnr=32.60 dB | time=90.4s
[Epoch 222] train_loss=0.0012 | train_psnr=36.11 dB | val_loss=0.0010 | val_psnr=32.60 dB | time=88.2s
[Epoch 223] train_loss=0.0012 | train_psnr=36.18 dB | val_loss=0.0010 | val_psnr=32.60 dB | time=88.5s
[Epoch 224] train_loss=0.0012 | train_psnr=36.10 dB | val_loss=0.0010 | val_psnr=32.60 dB | time=84.7s
[Epoch 225] train_loss=0.0011 | train_psnr=36.07 dB | val_loss=0.0010 | val_psnr=32.60 dB | time=86.3s
[Epoch 226] train_loss=0.0012 | train_psnr=36.39 dB | val_loss=0.0010 | val_psnr=32.60 dB | time=91.6s
[Epoch 227] train_loss=0.0011 | train_psnr=36.30 dB | val_loss=0.0010 | val_psnr=32.60 dB | time=89.7s
[Epoch 228] train_loss=0.0011 | train_psnr=36.14 dB | val_loss=0.0010 | val_psnr=32.60 dB | time=90.7s
[Epoch 229] train_loss=0.0011 | train_psnr=36.34 dB | val_loss=0.0010 | val_psnr=32.60 dB | time=87.2s
[Epoch 230] train_loss=0.0011 | train_psnr=36.20 dB | val_loss=0.0010 | val_psnr=32.60 dB | time=90.0s
[Epoch 231] train_loss=0.0012 | train_psnr=36.07 dB | val_loss=0.0010 | val_psnr=32.60 dB | time=96.2s
[Epoch 232] train_loss=0.0012 | train_psnr=36.22 dB | val_loss=0.0010 | val_psnr=32.60 dB | time=92.5s
[Epoch 233] train_loss=0.0011 | train_psnr=36.34 dB | val_loss=0.0010 | val_psnr=32.60 dB | time=85.4s
[Epoch 234] train_loss=0.0012 | train_psnr=36.14 dB | val_loss=0.0010 | val_psnr=32.60 dB | time=90.6s
[Epoch 235] train_loss=0.0012 | train_psnr=36.23 dB | val_loss=0.0010 | val_psnr=32.60 dB | time=86.7s
[Epoch 236] train_loss=0.0011 | train_psnr=36.29 dB | val_loss=0.0010 | val_psnr=32.60 dB | time=87.6s
[Epoch 237] train_loss=0.0012 | train_psnr=36.18 dB | val_loss=0.0010 | val_psnr=32.60 dB | time=91.6s
[Epoch 238] train_loss=0.0012 | train_psnr=36.17 dB | val_loss=0.0010 | val_psnr=32.60 dB | time=89.1s
[Epoch 239] train_loss=0.0012 | train_psnr=36.05 dB | val_loss=0.0010 | val_psnr=32.60 dB | time=89.6s
[Epoch 240] train_loss=0.0011 | train_psnr=36.30 dB | val_loss=0.0010 | val_psnr=32.61 dB | time=91.3s
[Epoch 241] train_loss=0.0011 | train_psnr=36.23 dB | val_loss=0.0010 | val_psnr=32.60 dB | time=90.7s
[Epoch 242] train_loss=0.0011 | train_psnr=36.20 dB | val_loss=0.0010 | val_psnr=32.61 dB | time=94.2s
[Epoch 243] train_loss=0.0011 | train_psnr=36.29 dB | val_loss=0.0010 | val_psnr=32.61 dB | time=92.8s
[Epoch 244] train_loss=0.0011 | train_psnr=36.56 dB | val_loss=0.0010 | val_psnr=32.61 dB | time=89.2s
[Epoch 245] train_loss=0.0012 | train_psnr=36.07 dB | val_loss=0.0010 | val_psnr=32.61 dB | time=90.1s
[Epoch 246] train_loss=0.0011 | train_psnr=36.41 dB | val_loss=0.0010 | val_psnr=32.61 dB | time=90.5s
[Epoch 247] train_loss=0.0012 | train_psnr=36.22 dB | val_loss=0.0010 | val_psnr=32.60 dB | time=86.3s
[Epoch 248] train_loss=0.0012 | train_psnr=36.13 dB | val_loss=0.0010 | val_psnr=32.61 dB | time=89.1s
[Epoch 249] train_loss=0.0011 | train_psnr=36.08 dB | val_loss=0.0010 | val_psnr=32.61 dB | time=85.7s
[Epoch 250] train_loss=0.0011 | train_psnr=36.22 dB | val_loss=0.0010 | val_psnr=32.61 dB | time=88.5s
[Epoch 251] train_loss=0.0011 | train_psnr=36.39 dB | val_loss=0.0010 | val_psnr=32.61 dB | time=94.0s
[Epoch 252] train_loss=0.0012 | train_psnr=36.14 dB | val_loss=0.0010 | val_psnr=32.61 dB | time=91.1s
[Epoch 253] train_loss=0.0012 | train_psnr=36.24 dB | val_loss=0.0010 | val_psnr=32.61 dB | time=88.0s
[Epoch 254] train_loss=0.0012 | train_psnr=36.34 dB | val_loss=0.0010 | val_psnr=32.61 dB | time=91.2s
[Epoch 255] train_loss=0.0011 | train_psnr=36.42 dB | val_loss=0.0010 | val_psnr=32.61 dB | time=92.7s
[Epoch 256] train_loss=0.0012 | train_psnr=36.26 dB | val_loss=0.0010 | val_psnr=32.61 dB | time=86.9s
[Epoch 257] train_loss=0.0011 | train_psnr=36.20 dB | val_loss=0.0010 | val_psnr=32.61 dB | time=91.0s
[Epoch 258] train_loss=0.0012 | train_psnr=36.28 dB | val_loss=0.0010 | val_psnr=32.61 dB | time=90.1s
[Epoch 259] train_loss=0.0012 | train_psnr=36.04 dB | val_loss=0.0010 | val_psnr=32.61 dB | time=89.1s
[Epoch 260] train_loss=0.0011 | train_psnr=36.26 dB | val_loss=0.0010 | val_psnr=32.61 dB | time=88.7s
[Epoch 261] train_loss=0.0011 | train_psnr=36.10 dB | val_loss=0.0010 | val_psnr=32.61 dB | time=92.9s
[Epoch 262] train_loss=0.0012 | train_psnr=36.16 dB | val_loss=0.0010 | val_psnr=32.61 dB | time=97.6s
[Epoch 263] train_loss=0.0012 | train_psnr=36.20 dB | val_loss=0.0010 | val_psnr=32.61 dB | time=97.4s
[Epoch 264] train_loss=0.0012 | train_psnr=36.10 dB | val_loss=0.0010 | val_psnr=32.61 dB | time=94.0s
[Epoch 265] train_loss=0.0012 | train_psnr=36.27 dB | val_loss=0.0010 | val_psnr=32.61 dB | time=92.5s
[Epoch 266] train_loss=0.0011 | train_psnr=36.22 dB | val_loss=0.0010 | val_psnr=32.61 dB | time=98.2s
[Epoch 267] train_loss=0.0012 | train_psnr=36.17 dB | val_loss=0.0010 | val_psnr=32.61 dB | time=91.2s
[Epoch 268] train_loss=0.0011 | train_psnr=36.49 dB | val_loss=0.0010 | val_psnr=32.61 dB | time=94.8s
[Epoch 269] train_loss=0.0011 | train_psnr=36.27 dB | val_loss=0.0010 | val_psnr=32.61 dB | time=93.2s
[Epoch 270] train_loss=0.0011 | train_psnr=36.27 dB | val_loss=0.0010 | val_psnr=32.61 dB | time=98.2s
[Epoch 271] train_loss=0.0011 | train_psnr=36.24 dB | val_loss=0.0010 | val_psnr=32.61 dB | time=91.5s
[Epoch 272] train_loss=0.0012 | train_psnr=35.92 dB | val_loss=0.0010 | val_psnr=32.61 dB | time=94.1s
[Epoch 273] train_loss=0.0011 | train_psnr=36.32 dB | val_loss=0.0010 | val_psnr=32.61 dB | time=90.1s
[Epoch 274] train_loss=0.0011 | train_psnr=36.21 dB | val_loss=0.0010 | val_psnr=32.61 dB | time=97.1s
[Epoch 275] train_loss=0.0011 | train_psnr=36.27 dB | val_loss=0.0010 | val_psnr=32.61 dB | time=93.5s
[Epoch 276] train_loss=0.0012 | train_psnr=36.11 dB | val_loss=0.0010 | val_psnr=32.61 dB | time=91.3s
[Epoch 277] train_loss=0.0011 | train_psnr=36.39 dB | val_loss=0.0010 | val_psnr=32.61 dB | time=91.6s
[Epoch 278] train_loss=0.0011 | train_psnr=36.38 dB | val_loss=0.0010 | val_psnr=32.61 dB | time=94.3s
[Epoch 279] train_loss=0.0012 | train_psnr=36.24 dB | val_loss=0.0010 | val_psnr=32.61 dB | time=94.9s
[Epoch 280] train_loss=0.0012 | train_psnr=36.26 dB | val_loss=0.0010 | val_psnr=32.61 dB | time=92.2s
[Epoch 281] train_loss=0.0012 | train_psnr=36.26 dB | val_loss=0.0010 | val_psnr=32.61 dB | time=97.1s
[Epoch 282] train_loss=0.0012 | train_psnr=36.27 dB | val_loss=0.0010 | val_psnr=32.61 dB | time=93.0s
[Epoch 283] train_loss=0.0011 | train_psnr=36.27 dB | val_loss=0.0010 | val_psnr=32.61 dB | time=92.3s
[Epoch 284] train_loss=0.0012 | train_psnr=36.30 dB | val_loss=0.0010 | val_psnr=32.61 dB | time=96.9s
[Epoch 285] train_loss=0.0012 | train_psnr=36.19 dB | val_loss=0.0010 | val_psnr=32.61 dB | time=94.3s
[Epoch 286] train_loss=0.0012 | train_psnr=36.22 dB | val_loss=0.0010 | val_psnr=32.61 dB | time=93.1s
[Epoch 287] train_loss=0.0012 | train_psnr=36.11 dB | val_loss=0.0010 | val_psnr=32.61 dB | time=96.2s
[Epoch 288] train_loss=0.0012 | train_psnr=36.12 dB | val_loss=0.0010 | val_psnr=32.61 dB | time=103.9s
[Epoch 289] train_loss=0.0012 | train_psnr=36.09 dB | val_loss=0.0010 | val_psnr=32.61 dB | time=96.5s
[Epoch 290] train_loss=0.0012 | train_psnr=36.06 dB | val_loss=0.0010 | val_psnr=32.61 dB | time=91.7s
[Epoch 291] train_loss=0.0012 | train_psnr=36.06 dB | val_loss=0.0010 | val_psnr=32.61 dB | time=87.7s
[Epoch 292] train_loss=0.0011 | train_psnr=36.30 dB | val_loss=0.0010 | val_psnr=32.61 dB | time=89.0s
[Epoch 293] train_loss=0.0012 | train_psnr=36.14 dB | val_loss=0.0010 | val_psnr=32.61 dB | time=97.1s
[Epoch 294] train_loss=0.0012 | train_psnr=36.09 dB | val_loss=0.0010 | val_psnr=32.61 dB | time=85.9s
[Epoch 295] train_loss=0.0011 | train_psnr=36.22 dB | val_loss=0.0010 | val_psnr=32.61 dB | time=89.5s
[Epoch 296] train_loss=0.0011 | train_psnr=36.32 dB | val_loss=0.0010 | val_psnr=32.61 dB | time=89.1s
[Epoch 297] train_loss=0.0011 | train_psnr=36.26 dB | val_loss=0.0010 | val_psnr=32.61 dB | time=85.6s
[Epoch 298] train_loss=0.0012 | train_psnr=36.11 dB | val_loss=0.0010 | val_psnr=32.61 dB | time=93.8s
[Epoch 299] train_loss=0.0011 | train_psnr=36.33 dB | val_loss=0.0010 | val_psnr=32.61 dB | time=93.0s
[Epoch 300] train_loss=0.0011 | train_psnr=36.28 dB | val_loss=0.0010 | val_psnr=32.61 dB | time=89.9s
[Epoch 301] train_loss=0.0011 | train_psnr=36.29 dB | val_loss=0.0010 | val_psnr=32.61 dB | time=86.4s
[Epoch 302] train_loss=0.0012 | train_psnr=36.16 dB | val_loss=0.0010 | val_psnr=32.61 dB | time=87.2s
[Epoch 303] train_loss=0.0011 | train_psnr=36.39 dB | val_loss=0.0010 | val_psnr=32.61 dB | time=91.8s
[Epoch 304] train_loss=0.0011 | train_psnr=36.18 dB | val_loss=0.0010 | val_psnr=32.61 dB | time=95.8s
[Epoch 305] train_loss=0.0012 | train_psnr=36.13 dB | val_loss=0.0010 | val_psnr=32.61 dB | time=88.5s
[Epoch 306] train_loss=0.0011 | train_psnr=36.30 dB | val_loss=0.0010 | val_psnr=32.61 dB | time=87.4s
[Epoch 307] train_loss=0.0011 | train_psnr=36.23 dB | val_loss=0.0010 | val_psnr=32.61 dB | time=90.7s
[Epoch 308] train_loss=0.0012 | train_psnr=36.25 dB | val_loss=0.0010 | val_psnr=32.61 dB | time=90.9s
[Epoch 309] train_loss=0.0011 | train_psnr=36.26 dB | val_loss=0.0010 | val_psnr=32.61 dB | time=89.1s
[Epoch 310] train_loss=0.0012 | train_psnr=36.08 dB | val_loss=0.0010 | val_psnr=32.61 dB | time=91.5s
[Epoch 311] train_loss=0.0011 | train_psnr=36.33 dB | val_loss=0.0010 | val_psnr=32.61 dB | time=88.3s
[Epoch 312] train_loss=0.0011 | train_psnr=36.41 dB | val_loss=0.0010 | val_psnr=32.61 dB | time=89.9s
[Epoch 313] train_loss=0.0011 | train_psnr=36.27 dB | val_loss=0.0010 | val_psnr=32.61 dB | time=94.2s
[Epoch 314] train_loss=0.0011 | train_psnr=36.38 dB | val_loss=0.0010 | val_psnr=32.61 dB | time=88.6s
[Epoch 315] train_loss=0.0012 | train_psnr=36.04 dB | val_loss=0.0010 | val_psnr=32.61 dB | time=87.5s
[Epoch 316] train_loss=0.0011 | train_psnr=36.28 dB | val_loss=0.0010 | val_psnr=32.61 dB | time=86.6s
[Epoch 317] train_loss=0.0012 | train_psnr=36.09 dB | val_loss=0.0010 | val_psnr=32.61 dB | time=86.1s
[Epoch 318] train_loss=0.0012 | train_psnr=36.13 dB | val_loss=0.0010 | val_psnr=32.61 dB | time=92.4s
[Epoch 319] train_loss=0.0012 | train_psnr=36.03 dB | val_loss=0.0010 | val_psnr=32.61 dB | time=87.9s
[Epoch 320] train_loss=0.0011 | train_psnr=36.35 dB | val_loss=0.0010 | val_psnr=32.61 dB | time=87.8s
[Epoch 321] train_loss=0.0011 | train_psnr=36.28 dB | val_loss=0.0010 | val_psnr=32.61 dB | time=88.5s
[Epoch 322] train_loss=0.0012 | train_psnr=36.17 dB | val_loss=0.0010 | val_psnr=32.61 dB | time=91.2s
[Epoch 323] train_loss=0.0012 | train_psnr=36.06 dB | val_loss=0.0010 | val_psnr=32.61 dB | time=93.0s
[Epoch 324] train_loss=0.0011 | train_psnr=36.47 dB | val_loss=0.0010 | val_psnr=32.61 dB | time=92.7s
[Epoch 325] train_loss=0.0012 | train_psnr=36.12 dB | val_loss=0.0010 | val_psnr=32.61 dB | time=89.2s
[Epoch 326] train_loss=0.0011 | train_psnr=36.51 dB | val_loss=0.0010 | val_psnr=32.61 dB | time=87.8s
[Epoch 327] train_loss=0.0011 | train_psnr=36.28 dB | val_loss=0.0010 | val_psnr=32.61 dB | time=89.8s
[Epoch 328] train_loss=0.0012 | train_psnr=36.39 dB | val_loss=0.0010 | val_psnr=32.61 dB | time=91.8s
[Epoch 329] train_loss=0.0012 | train_psnr=36.09 dB | val_loss=0.0010 | val_psnr=32.61 dB | time=91.6s
[Epoch 330] train_loss=0.0011 | train_psnr=36.33 dB | val_loss=0.0010 | val_psnr=32.61 dB | time=91.6s
[Epoch 331] train_loss=0.0011 | train_psnr=36.43 dB | val_loss=0.0010 | val_psnr=32.61 dB | time=91.1s
[Epoch 332] train_loss=0.0011 | train_psnr=36.40 dB | val_loss=0.0010 | val_psnr=32.61 dB | time=89.6s
[Epoch 333] train_loss=0.0011 | train_psnr=36.39 dB | val_loss=0.0010 | val_psnr=32.61 dB | time=91.3s
[Epoch 334] train_loss=0.0011 | train_psnr=36.33 dB | val_loss=0.0010 | val_psnr=32.61 dB | time=87.6s
[Epoch 335] train_loss=0.0012 | train_psnr=35.98 dB | val_loss=0.0010 | val_psnr=32.61 dB | time=91.1s
[Epoch 336] train_loss=0.0012 | train_psnr=36.18 dB | val_loss=0.0010 | val_psnr=32.61 dB | time=91.3s
[Epoch 337] train_loss=0.0011 | train_psnr=36.30 dB | val_loss=0.0010 | val_psnr=32.61 dB | time=92.1s
[Epoch 338] train_loss=0.0012 | train_psnr=36.17 dB | val_loss=0.0010 | val_psnr=32.61 dB | time=90.5s
[Epoch 339] train_loss=0.0012 | train_psnr=36.30 dB | val_loss=0.0010 | val_psnr=32.61 dB | time=89.9s
[Epoch 340] train_loss=0.0011 | train_psnr=36.19 dB | val_loss=0.0010 | val_psnr=32.61 dB | time=88.2s
[Epoch 341] train_loss=0.0011 | train_psnr=36.23 dB | val_loss=0.0010 | val_psnr=32.61 dB | time=86.9s
[Epoch 342] train_loss=0.0011 | train_psnr=36.35 dB | val_loss=0.0010 | val_psnr=32.61 dB | time=97.3s
[Epoch 343] train_loss=0.0012 | train_psnr=36.13 dB | val_loss=0.0010 | val_psnr=32.61 dB | time=90.9s
[Epoch 344] train_loss=0.0011 | train_psnr=36.36 dB | val_loss=0.0010 | val_psnr=32.61 dB | time=91.7s
[Epoch 345] train_loss=0.0012 | train_psnr=36.18 dB | val_loss=0.0010 | val_psnr=32.61 dB | time=87.5s
[Epoch 346] train_loss=0.0012 | train_psnr=36.08 dB | val_loss=0.0010 | val_psnr=32.61 dB | time=89.0s
[Epoch 347] train_loss=0.0011 | train_psnr=36.30 dB | val_loss=0.0010 | val_psnr=32.61 dB | time=90.7s
[Epoch 348] train_loss=0.0011 | train_psnr=36.15 dB | val_loss=0.0010 | val_psnr=32.61 dB | time=92.9s
[Epoch 349] train_loss=0.0012 | train_psnr=36.21 dB | val_loss=0.0010 | val_psnr=32.61 dB | time=92.5s
[Epoch 350] train_loss=0.0011 | train_psnr=36.33 dB | val_loss=0.0010 | val_psnr=32.61 dB | time=84.5s
[Epoch 351] train_loss=0.0011 | train_psnr=36.17 dB | val_loss=0.0010 | val_psnr=32.61 dB | time=89.5s
[Epoch 352] train_loss=0.0011 | train_psnr=36.26 dB | val_loss=0.0010 | val_psnr=32.61 dB | time=89.6s
[Epoch 353] train_loss=0.0012 | train_psnr=36.46 dB | val_loss=0.0010 | val_psnr=32.61 dB | time=89.0s
[Epoch 354] train_loss=0.0011 | train_psnr=36.43 dB | val_loss=0.0010 | val_psnr=32.61 dB | time=89.4s
[Epoch 355] train_loss=0.0011 | train_psnr=36.25 dB | val_loss=0.0010 | val_psnr=32.61 dB | time=91.9s
[Epoch 356] train_loss=0.0011 | train_psnr=36.07 dB | val_loss=0.0010 | val_psnr=32.61 dB | time=86.6s
[Epoch 357] train_loss=0.0012 | train_psnr=36.34 dB | val_loss=0.0010 | val_psnr=32.61 dB | time=96.1s
[Epoch 358] train_loss=0.0012 | train_psnr=36.40 dB | val_loss=0.0010 | val_psnr=32.61 dB | time=90.3s
[Epoch 359] train_loss=0.0011 | train_psnr=36.41 dB | val_loss=0.0010 | val_psnr=32.61 dB | time=84.6s
[Epoch 360] train_loss=0.0011 | train_psnr=36.40 dB | val_loss=0.0010 | val_psnr=32.61 dB | time=80.7s
[Epoch 361] train_loss=0.0011 | train_psnr=36.41 dB | val_loss=0.0010 | val_psnr=32.61 dB | time=74.7s
[Epoch 362] train_loss=0.0012 | train_psnr=36.25 dB | val_loss=0.0010 | val_psnr=32.61 dB | time=80.9s
[Epoch 363] train_loss=0.0011 | train_psnr=36.42 dB | val_loss=0.0010 | val_psnr=32.62 dB | time=78.7s
[Epoch 364] train_loss=0.0011 | train_psnr=36.39 dB | val_loss=0.0010 | val_psnr=32.62 dB | time=80.6s
[Epoch 365] train_loss=0.0012 | train_psnr=36.15 dB | val_loss=0.0010 | val_psnr=32.61 dB | time=74.0s
[Epoch 366] train_loss=0.0011 | train_psnr=36.18 dB | val_loss=0.0010 | val_psnr=32.62 dB | time=78.1s
[Epoch 367] train_loss=0.0012 | train_psnr=36.19 dB | val_loss=0.0010 | val_psnr=32.62 dB | time=80.0s
[Epoch 368] train_loss=0.0011 | train_psnr=36.28 dB | val_loss=0.0010 | val_psnr=32.62 dB | time=80.3s
[Epoch 369] train_loss=0.0012 | train_psnr=36.23 dB | val_loss=0.0010 | val_psnr=32.62 dB | time=75.1s
[Epoch 370] train_loss=0.0012 | train_psnr=36.05 dB | val_loss=0.0010 | val_psnr=32.62 dB | time=82.3s
[Epoch 371] train_loss=0.0011 | train_psnr=36.35 dB | val_loss=0.0010 | val_psnr=32.62 dB | time=79.4s
[Epoch 372] train_loss=0.0011 | train_psnr=36.42 dB | val_loss=0.0010 | val_psnr=32.62 dB | time=80.1s
[Epoch 373] train_loss=0.0012 | train_psnr=36.02 dB | val_loss=0.0010 | val_psnr=32.61 dB | time=79.4s
[Epoch 374] train_loss=0.0011 | train_psnr=36.45 dB | val_loss=0.0010 | val_psnr=32.62 dB | time=79.8s
[Epoch 375] train_loss=0.0011 | train_psnr=36.44 dB | val_loss=0.0010 | val_psnr=32.62 dB | time=78.0s
[Epoch 376] train_loss=0.0012 | train_psnr=36.25 dB | val_loss=0.0010 | val_psnr=32.62 dB | time=76.8s
[Epoch 377] train_loss=0.0011 | train_psnr=36.18 dB | val_loss=0.0010 | val_psnr=32.61 dB | time=74.2s
[Epoch 378] train_loss=0.0011 | train_psnr=36.36 dB | val_loss=0.0010 | val_psnr=32.62 dB | time=79.7s
[Epoch 379] train_loss=0.0011 | train_psnr=36.24 dB | val_loss=0.0010 | val_psnr=32.62 dB | time=78.5s
[Epoch 380] train_loss=0.0011 | train_psnr=36.13 dB | val_loss=0.0010 | val_psnr=32.62 dB | time=78.9s
[Epoch 381] train_loss=0.0011 | train_psnr=36.31 dB | val_loss=0.0010 | val_psnr=32.62 dB | time=75.7s
[Epoch 382] train_loss=0.0011 | train_psnr=36.31 dB | val_loss=0.0010 | val_psnr=32.62 dB | time=77.0s
[Epoch 383] train_loss=0.0011 | train_psnr=36.24 dB | val_loss=0.0010 | val_psnr=32.61 dB | time=80.5s
[Epoch 384] train_loss=0.0011 | train_psnr=36.23 dB | val_loss=0.0010 | val_psnr=32.62 dB | time=79.7s
[Epoch 385] train_loss=0.0012 | train_psnr=36.03 dB | val_loss=0.0010 | val_psnr=32.62 dB | time=77.3s
[Epoch 386] train_loss=0.0012 | train_psnr=36.16 dB | val_loss=0.0010 | val_psnr=32.62 dB | time=78.6s
[Epoch 387] train_loss=0.0011 | train_psnr=36.49 dB | val_loss=0.0010 | val_psnr=32.62 dB | time=80.0s
[Epoch 388] train_loss=0.0011 | train_psnr=36.49 dB | val_loss=0.0010 | val_psnr=32.62 dB | time=76.1s
[Epoch 389] train_loss=0.0011 | train_psnr=36.39 dB | val_loss=0.0010 | val_psnr=32.62 dB | time=76.9s
[Epoch 390] train_loss=0.0012 | train_psnr=36.24 dB | val_loss=0.0010 | val_psnr=32.62 dB | time=80.1s
[Epoch 391] train_loss=0.0011 | train_psnr=36.43 dB | val_loss=0.0010 | val_psnr=32.62 dB | time=80.7s
[Epoch 392] train_loss=0.0012 | train_psnr=36.08 dB | val_loss=0.0010 | val_psnr=32.62 dB | time=79.4s
[Epoch 393] train_loss=0.0012 | train_psnr=36.39 dB | val_loss=0.0010 | val_psnr=32.62 dB | time=76.2s
[Epoch 394] train_loss=0.0012 | train_psnr=36.20 dB | val_loss=0.0010 | val_psnr=32.62 dB | time=75.4s
[Epoch 395] train_loss=0.0011 | train_psnr=36.21 dB | val_loss=0.0010 | val_psnr=32.62 dB | time=79.4s
[Epoch 396] train_loss=0.0011 | train_psnr=36.23 dB | val_loss=0.0010 | val_psnr=32.62 dB | time=78.3s
[Epoch 397] train_loss=0.0011 | train_psnr=36.55 dB | val_loss=0.0010 | val_psnr=32.62 dB | time=75.3s
[Epoch 398] train_loss=0.0012 | train_psnr=36.04 dB | val_loss=0.0010 | val_psnr=32.62 dB | time=75.9s
[Epoch 399] train_loss=0.0011 | train_psnr=36.27 dB | val_loss=0.0010 | val_psnr=32.62 dB | time=77.7s
[Epoch 400] train_loss=0.0011 | train_psnr=36.43 dB | val_loss=0.0010 | val_psnr=32.62 dB | time=78.4s
[Epoch 401] train_loss=0.0011 | train_psnr=36.39 dB | val_loss=0.0010 | val_psnr=32.62 dB | time=79.6s
[Epoch 402] train_loss=0.0011 | train_psnr=36.34 dB | val_loss=0.0010 | val_psnr=32.62 dB | time=75.8s
[Epoch 403] train_loss=0.0011 | train_psnr=36.44 dB | val_loss=0.0010 | val_psnr=32.62 dB | time=78.4s
[Epoch 404] train_loss=0.0011 | train_psnr=36.30 dB | val_loss=0.0010 | val_psnr=32.62 dB | time=79.2s
[Epoch 405] train_loss=0.0011 | train_psnr=36.31 dB | val_loss=0.0010 | val_psnr=32.62 dB | time=76.4s
[Epoch 406] train_loss=0.0011 | train_psnr=36.49 dB | val_loss=0.0010 | val_psnr=32.62 dB | time=76.2s
[Epoch 407] train_loss=0.0012 | train_psnr=36.17 dB | val_loss=0.0010 | val_psnr=32.62 dB | time=79.0s
[Epoch 408] train_loss=0.0011 | train_psnr=36.22 dB | val_loss=0.0010 | val_psnr=32.62 dB | time=78.1s
[Epoch 409] train_loss=0.0011 | train_psnr=36.31 dB | val_loss=0.0010 | val_psnr=32.62 dB | time=75.7s
[Epoch 410] train_loss=0.0011 | train_psnr=36.24 dB | val_loss=0.0010 | val_psnr=32.62 dB | time=75.7s
[Epoch 411] train_loss=0.0011 | train_psnr=36.37 dB | val_loss=0.0010 | val_psnr=32.62 dB | time=78.5s
[Epoch 412] train_loss=0.0011 | train_psnr=36.41 dB | val_loss=0.0010 | val_psnr=32.62 dB | time=77.3s
[Epoch 413] train_loss=0.0011 | train_psnr=36.25 dB | val_loss=0.0010 | val_psnr=32.62 dB | time=68.9s
[Epoch 414] train_loss=0.0011 | train_psnr=36.39 dB | val_loss=0.0010 | val_psnr=32.62 dB | time=72.3s
[Epoch 415] train_loss=0.0012 | train_psnr=36.29 dB | val_loss=0.0010 | val_psnr=32.62 dB | time=70.5s
[Epoch 416] train_loss=0.0011 | train_psnr=36.19 dB | val_loss=0.0010 | val_psnr=32.62 dB | time=67.5s
[Epoch 417] train_loss=0.0011 | train_psnr=36.31 dB | val_loss=0.0010 | val_psnr=32.62 dB | time=67.5s
[Epoch 418] train_loss=0.0011 | train_psnr=36.30 dB | val_loss=0.0010 | val_psnr=32.62 dB | time=71.5s
[Epoch 419] train_loss=0.0012 | train_psnr=36.19 dB | val_loss=0.0010 | val_psnr=32.62 dB | time=70.5s
[Epoch 420] train_loss=0.0012 | train_psnr=36.29 dB | val_loss=0.0010 | val_psnr=32.62 dB | time=68.5s
[Epoch 421] train_loss=0.0012 | train_psnr=36.10 dB | val_loss=0.0010 | val_psnr=32.62 dB | time=72.3s
[Epoch 422] train_loss=0.0011 | train_psnr=36.38 dB | val_loss=0.0010 | val_psnr=32.62 dB | time=69.4s
[Epoch 423] train_loss=0.0011 | train_psnr=36.38 dB | val_loss=0.0010 | val_psnr=32.62 dB | time=71.2s
[Epoch 424] train_loss=0.0011 | train_psnr=36.31 dB | val_loss=0.0010 | val_psnr=32.62 dB | time=67.5s
[Epoch 425] train_loss=0.0011 | train_psnr=36.47 dB | val_loss=0.0010 | val_psnr=32.62 dB | time=72.4s
[Epoch 426] train_loss=0.0011 | train_psnr=36.26 dB | val_loss=0.0010 | val_psnr=32.62 dB | time=71.4s
[Epoch 427] train_loss=0.0011 | train_psnr=36.28 dB | val_loss=0.0010 | val_psnr=32.62 dB | time=72.2s
[Epoch 428] train_loss=0.0011 | train_psnr=36.52 dB | val_loss=0.0010 | val_psnr=32.62 dB | time=69.2s
[Epoch 429] train_loss=0.0012 | train_psnr=36.25 dB | val_loss=0.0010 | val_psnr=32.62 dB | time=67.8s
[Epoch 430] train_loss=0.0011 | train_psnr=36.36 dB | val_loss=0.0010 | val_psnr=32.62 dB | time=71.6s
[Epoch 431] train_loss=0.0012 | train_psnr=36.12 dB | val_loss=0.0010 | val_psnr=32.62 dB | time=75.6s
[Epoch 432] train_loss=0.0011 | train_psnr=36.36 dB | val_loss=0.0010 | val_psnr=32.62 dB | time=75.0s
[Epoch 433] train_loss=0.0011 | train_psnr=36.33 dB | val_loss=0.0010 | val_psnr=32.62 dB | time=75.5s
[Epoch 434] train_loss=0.0011 | train_psnr=36.21 dB | val_loss=0.0010 | val_psnr=32.62 dB | time=72.4s
[Epoch 435] train_loss=0.0011 | train_psnr=36.36 dB | val_loss=0.0010 | val_psnr=32.62 dB | time=69.6s
[Epoch 436] train_loss=0.0012 | train_psnr=36.06 dB | val_loss=0.0010 | val_psnr=32.62 dB | time=69.6s
[Epoch 437] train_loss=0.0012 | train_psnr=36.27 dB | val_loss=0.0010 | val_psnr=32.62 dB | time=71.7s
[Epoch 438] train_loss=0.0011 | train_psnr=36.43 dB | val_loss=0.0010 | val_psnr=32.62 dB | time=69.0s
[Epoch 439] train_loss=0.0012 | train_psnr=36.25 dB | val_loss=0.0010 | val_psnr=32.62 dB | time=68.8s
[Epoch 440] train_loss=0.0012 | train_psnr=36.10 dB | val_loss=0.0010 | val_psnr=32.62 dB | time=75.1s
[Epoch 441] train_loss=0.0012 | train_psnr=36.27 dB | val_loss=0.0010 | val_psnr=32.62 dB | time=79.0s
[Epoch 442] train_loss=0.0012 | train_psnr=36.11 dB | val_loss=0.0010 | val_psnr=32.62 dB | time=70.4s
[Epoch 443] train_loss=0.0012 | train_psnr=36.25 dB | val_loss=0.0010 | val_psnr=32.62 dB | time=75.1s
[Epoch 444] train_loss=0.0011 | train_psnr=36.17 dB | val_loss=0.0010 | val_psnr=32.62 dB | time=69.8s
[Epoch 445] train_loss=0.0012 | train_psnr=36.16 dB | val_loss=0.0010 | val_psnr=32.62 dB | time=70.5s
[Epoch 446] train_loss=0.0012 | train_psnr=36.15 dB | val_loss=0.0010 | val_psnr=32.62 dB | time=74.9s
[Epoch 447] train_loss=0.0011 | train_psnr=36.35 dB | val_loss=0.0010 | val_psnr=32.62 dB | time=70.7s
[Epoch 448] train_loss=0.0011 | train_psnr=36.51 dB | val_loss=0.0010 | val_psnr=32.62 dB | time=77.5s
[Epoch 449] train_loss=0.0011 | train_psnr=36.29 dB | val_loss=0.0010 | val_psnr=32.62 dB | time=76.8s
[Epoch 450] train_loss=0.0011 | train_psnr=36.35 dB | val_loss=0.0010 | val_psnr=32.62 dB | time=78.5s
[Epoch 451] train_loss=0.0011 | train_psnr=36.48 dB | val_loss=0.0010 | val_psnr=32.62 dB | time=74.7s
[Epoch 452] train_loss=0.0011 | train_psnr=36.26 dB | val_loss=0.0010 | val_psnr=32.62 dB | time=64.7s
[Epoch 453] train_loss=0.0011 | train_psnr=36.24 dB | val_loss=0.0010 | val_psnr=32.62 dB | time=72.1s
[Epoch 454] train_loss=0.0012 | train_psnr=36.17 dB | val_loss=0.0010 | val_psnr=32.62 dB | time=69.4s
[Epoch 455] train_loss=0.0011 | train_psnr=36.24 dB | val_loss=0.0010 | val_psnr=32.62 dB | time=69.2s
[Epoch 456] train_loss=0.0012 | train_psnr=36.15 dB | val_loss=0.0010 | val_psnr=32.62 dB | time=71.4s
[Epoch 457] train_loss=0.0012 | train_psnr=36.37 dB | val_loss=0.0010 | val_psnr=32.62 dB | time=74.6s
[Epoch 458] train_loss=0.0011 | train_psnr=36.38 dB | val_loss=0.0010 | val_psnr=32.62 dB | time=69.7s
[Epoch 459] train_loss=0.0011 | train_psnr=36.26 dB | val_loss=0.0010 | val_psnr=32.62 dB | time=72.0s
[Epoch 460] train_loss=0.0012 | train_psnr=36.18 dB | val_loss=0.0010 | val_psnr=32.62 dB | time=69.6s
[Epoch 461] train_loss=0.0011 | train_psnr=36.45 dB | val_loss=0.0010 | val_psnr=32.62 dB | time=68.5s
[Epoch 462] train_loss=0.0012 | train_psnr=36.16 dB | val_loss=0.0010 | val_psnr=32.62 dB | time=73.1s
[Epoch 463] train_loss=0.0012 | train_psnr=36.15 dB | val_loss=0.0010 | val_psnr=32.62 dB | time=69.3s
[Epoch 464] train_loss=0.0011 | train_psnr=36.44 dB | val_loss=0.0010 | val_psnr=32.62 dB | time=69.2s
[Epoch 465] train_loss=0.0012 | train_psnr=36.02 dB | val_loss=0.0010 | val_psnr=32.62 dB | time=70.8s
[Epoch 466] train_loss=0.0012 | train_psnr=36.30 dB | val_loss=0.0010 | val_psnr=32.62 dB | time=69.8s
[Epoch 467] train_loss=0.0011 | train_psnr=36.20 dB | val_loss=0.0010 | val_psnr=32.62 dB | time=70.0s
[Epoch 468] train_loss=0.0011 | train_psnr=36.44 dB | val_loss=0.0010 | val_psnr=32.62 dB | time=74.3s
[Epoch 469] train_loss=0.0011 | train_psnr=36.38 dB | val_loss=0.0010 | val_psnr=32.62 dB | time=79.8s
[Epoch 470] train_loss=0.0012 | train_psnr=36.25 dB | val_loss=0.0010 | val_psnr=32.62 dB | time=70.0s
[Epoch 471] train_loss=0.0011 | train_psnr=36.57 dB | val_loss=0.0010 | val_psnr=32.62 dB | time=68.7s
[Epoch 472] train_loss=0.0011 | train_psnr=36.35 dB | val_loss=0.0010 | val_psnr=32.62 dB | time=72.2s
[Epoch 473] train_loss=0.0011 | train_psnr=36.28 dB | val_loss=0.0010 | val_psnr=32.62 dB | time=67.1s
[Epoch 474] train_loss=0.0011 | train_psnr=36.26 dB | val_loss=0.0010 | val_psnr=32.62 dB | time=68.8s
[Epoch 475] train_loss=0.0011 | train_psnr=36.39 dB | val_loss=0.0010 | val_psnr=32.62 dB | time=72.4s
[Epoch 476] train_loss=0.0012 | train_psnr=36.12 dB | val_loss=0.0010 | val_psnr=32.62 dB | time=68.6s
[Epoch 477] train_loss=0.0012 | train_psnr=36.42 dB | val_loss=0.0010 | val_psnr=32.62 dB | time=69.7s
[Epoch 478] train_loss=0.0011 | train_psnr=36.30 dB | val_loss=0.0010 | val_psnr=32.62 dB | time=73.6s
[Epoch 479] train_loss=0.0012 | train_psnr=36.17 dB | val_loss=0.0010 | val_psnr=32.62 dB | time=72.8s
[Epoch 480] train_loss=0.0012 | train_psnr=36.22 dB | val_loss=0.0010 | val_psnr=32.62 dB | time=69.1s
[Epoch 481] train_loss=0.0012 | train_psnr=36.13 dB | val_loss=0.0010 | val_psnr=32.62 dB | time=70.7s
[Epoch 482] train_loss=0.0012 | train_psnr=36.11 dB | val_loss=0.0010 | val_psnr=32.62 dB | time=73.0s
[Epoch 483] train_loss=0.0012 | train_psnr=36.27 dB | val_loss=0.0010 | val_psnr=32.62 dB | time=76.9s
[Epoch 484] train_loss=0.0011 | train_psnr=36.26 dB | val_loss=0.0010 | val_psnr=32.62 dB | time=70.1s
[Epoch 485] train_loss=0.0011 | train_psnr=36.40 dB | val_loss=0.0010 | val_psnr=32.62 dB | time=71.5s
[Epoch 486] train_loss=0.0011 | train_psnr=36.30 dB | val_loss=0.0010 | val_psnr=32.62 dB | time=71.5s
[Epoch 487] train_loss=0.0011 | train_psnr=36.42 dB | val_loss=0.0010 | val_psnr=32.62 dB | time=72.0s
[Epoch 488] train_loss=0.0011 | train_psnr=36.22 dB | val_loss=0.0010 | val_psnr=32.62 dB | time=72.8s
[Epoch 489] train_loss=0.0012 | train_psnr=36.23 dB | val_loss=0.0010 | val_psnr=32.62 dB | time=69.7s
[Epoch 490] train_loss=0.0011 | train_psnr=36.31 dB | val_loss=0.0010 | val_psnr=32.62 dB | time=68.8s
[Epoch 491] train_loss=0.0011 | train_psnr=36.30 dB | val_loss=0.0010 | val_psnr=32.62 dB | time=69.2s
[Epoch 492] train_loss=0.0011 | train_psnr=36.49 dB | val_loss=0.0010 | val_psnr=32.63 dB | time=72.5s
[Epoch 493] train_loss=0.0012 | train_psnr=36.28 dB | val_loss=0.0010 | val_psnr=32.62 dB | time=75.9s
[Epoch 494] train_loss=0.0011 | train_psnr=36.28 dB | val_loss=0.0010 | val_psnr=32.63 dB | time=71.9s
[Epoch 495] train_loss=0.0011 | train_psnr=36.60 dB | val_loss=0.0010 | val_psnr=32.62 dB | time=67.4s
[Epoch 496] train_loss=0.0011 | train_psnr=36.37 dB | val_loss=0.0010 | val_psnr=32.63 dB | time=71.1s
[Epoch 497] train_loss=0.0011 | train_psnr=36.30 dB | val_loss=0.0010 | val_psnr=32.62 dB | time=72.6s
[Epoch 498] train_loss=0.0011 | train_psnr=36.24 dB | val_loss=0.0010 | val_psnr=32.62 dB | time=69.0s
[Epoch 499] train_loss=0.0011 | train_psnr=36.33 dB | val_loss=0.0010 | val_psnr=32.63 dB | time=69.6s
[Epoch 500] train_loss=0.0012 | train_psnr=36.41 dB | val_loss=0.0010 | val_psnr=32.63 dB | time=70.5s

Best PSNR: 32.63 dB
Training complete. Metrics plot saved to experiments/fsrcnn_x2/metrics.png
