====================
Model: FSRCNN
Scale: x3
Epochs: 500
Batch Size: 16
Patch Size: 96
LR: 1e-4
Optimizer: Adam
Criterion: MSE
Wandb Project: FSRCNN_X3
====================
[Epoch 001] train_loss=0.0516 | train_psnr=19.35 dB | val_loss=0.0129 | val_psnr=22.41 dB | time=66.4s
[Epoch 002] train_loss=0.0142 | train_psnr=24.16 dB | val_loss=0.0077 | val_psnr=23.73 dB | time=69.4s
[Epoch 003] train_loss=0.0100 | train_psnr=25.00 dB | val_loss=0.0067 | val_psnr=24.31 dB | time=67.1s
[Epoch 004] train_loss=0.0085 | train_psnr=25.71 dB | val_loss=0.0062 | val_psnr=24.62 dB | time=74.2s
[Epoch 005] train_loss=0.0076 | train_psnr=26.53 dB | val_loss=0.0055 | val_psnr=25.30 dB | time=73.8s
[Epoch 006] train_loss=0.0066 | train_psnr=27.41 dB | val_loss=0.0048 | val_psnr=25.78 dB | time=77.8s
[Epoch 007] train_loss=0.0059 | train_psnr=27.87 dB | val_loss=0.0041 | val_psnr=26.17 dB | time=71.7s
[Epoch 008] train_loss=0.0054 | train_psnr=28.26 dB | val_loss=0.0037 | val_psnr=26.57 dB | time=72.5s
[Epoch 009] train_loss=0.0049 | train_psnr=28.81 dB | val_loss=0.0034 | val_psnr=26.90 dB | time=76.8s
[Epoch 010] train_loss=0.0046 | train_psnr=29.17 dB | val_loss=0.0032 | val_psnr=27.19 dB | time=78.1s
[Epoch 011] train_loss=0.0043 | train_psnr=29.24 dB | val_loss=0.0031 | val_psnr=27.41 dB | time=72.4s
[Epoch 012] train_loss=0.0043 | train_psnr=29.50 dB | val_loss=0.0030 | val_psnr=27.61 dB | time=71.0s
[Epoch 013] train_loss=0.0040 | train_psnr=29.65 dB | val_loss=0.0030 | val_psnr=27.66 dB | time=72.7s
[Epoch 014] train_loss=0.0038 | train_psnr=30.11 dB | val_loss=0.0029 | val_psnr=27.81 dB | time=75.1s
[Epoch 015] train_loss=0.0038 | train_psnr=30.09 dB | val_loss=0.0028 | val_psnr=27.97 dB | time=75.1s
[Epoch 016] train_loss=0.0036 | train_psnr=30.23 dB | val_loss=0.0028 | val_psnr=27.79 dB | time=70.6s
[Epoch 017] train_loss=0.0036 | train_psnr=30.18 dB | val_loss=0.0027 | val_psnr=28.07 dB | time=74.9s
[Epoch 018] train_loss=0.0035 | train_psnr=30.55 dB | val_loss=0.0026 | val_psnr=28.23 dB | time=72.8s
[Epoch 019] train_loss=0.0034 | train_psnr=30.80 dB | val_loss=0.0026 | val_psnr=28.30 dB | time=74.5s
[Epoch 020] train_loss=0.0033 | train_psnr=30.93 dB | val_loss=0.0026 | val_psnr=28.35 dB | time=76.6s
[Epoch 021] train_loss=0.0032 | train_psnr=31.15 dB | val_loss=0.0025 | val_psnr=28.40 dB | time=68.2s
[Epoch 022] train_loss=0.0032 | train_psnr=30.69 dB | val_loss=0.0025 | val_psnr=28.46 dB | time=76.0s
[Epoch 023] train_loss=0.0032 | train_psnr=31.21 dB | val_loss=0.0025 | val_psnr=28.30 dB | time=76.7s
[Epoch 024] train_loss=0.0030 | train_psnr=30.72 dB | val_loss=0.0026 | val_psnr=27.97 dB | time=69.1s
[Epoch 025] train_loss=0.0031 | train_psnr=31.14 dB | val_loss=0.0025 | val_psnr=28.50 dB | time=68.6s
[Epoch 026] train_loss=0.0031 | train_psnr=31.22 dB | val_loss=0.0025 | val_psnr=28.18 dB | time=70.7s
[Epoch 027] train_loss=0.0031 | train_psnr=31.07 dB | val_loss=0.0024 | val_psnr=28.61 dB | time=75.4s
[Epoch 028] train_loss=0.0030 | train_psnr=31.39 dB | val_loss=0.0024 | val_psnr=28.65 dB | time=72.5s
[Epoch 029] train_loss=0.0030 | train_psnr=31.42 dB | val_loss=0.0024 | val_psnr=28.67 dB | time=68.3s
[Epoch 030] train_loss=0.0029 | train_psnr=31.53 dB | val_loss=0.0024 | val_psnr=28.69 dB | time=69.8s
[Epoch 031] train_loss=0.0028 | train_psnr=31.42 dB | val_loss=0.0024 | val_psnr=28.63 dB | time=73.7s
[Epoch 032] train_loss=0.0030 | train_psnr=30.90 dB | val_loss=0.0024 | val_psnr=28.19 dB | time=75.9s
[Epoch 033] train_loss=0.0028 | train_psnr=31.69 dB | val_loss=0.0024 | val_psnr=28.66 dB | time=66.0s
[Epoch 034] train_loss=0.0028 | train_psnr=31.77 dB | val_loss=0.0023 | val_psnr=28.77 dB | time=67.9s
[Epoch 035] train_loss=0.0029 | train_psnr=31.35 dB | val_loss=0.0025 | val_psnr=27.76 dB | time=72.4s
[Epoch 036] train_loss=0.0028 | train_psnr=31.52 dB | val_loss=0.0023 | val_psnr=28.79 dB | time=75.4s
[Epoch 037] train_loss=0.0027 | train_psnr=31.85 dB | val_loss=0.0023 | val_psnr=28.82 dB | time=70.8s
[Epoch 038] train_loss=0.0027 | train_psnr=31.98 dB | val_loss=0.0023 | val_psnr=28.82 dB | time=65.5s
[Epoch 039] train_loss=0.0028 | train_psnr=31.49 dB | val_loss=0.0023 | val_psnr=28.76 dB | time=74.8s
[Epoch 040] train_loss=0.0027 | train_psnr=31.84 dB | val_loss=0.0023 | val_psnr=28.81 dB | time=73.6s
[Epoch 041] train_loss=0.0027 | train_psnr=31.78 dB | val_loss=0.0028 | val_psnr=27.30 dB | time=74.7s
[Epoch 042] train_loss=0.0027 | train_psnr=31.60 dB | val_loss=0.0023 | val_psnr=28.59 dB | time=70.5s
[Epoch 043] train_loss=0.0027 | train_psnr=31.83 dB | val_loss=0.0023 | val_psnr=28.72 dB | time=70.2s
[Epoch 044] train_loss=0.0027 | train_psnr=31.53 dB | val_loss=0.0022 | val_psnr=28.89 dB | time=73.8s
[Epoch 045] train_loss=0.0026 | train_psnr=32.16 dB | val_loss=0.0022 | val_psnr=28.88 dB | time=72.3s
[Epoch 046] train_loss=0.0026 | train_psnr=31.89 dB | val_loss=0.0023 | val_psnr=28.89 dB | time=69.3s
[Epoch 047] train_loss=0.0027 | train_psnr=31.83 dB | val_loss=0.0022 | val_psnr=28.89 dB | time=67.5s
[Epoch 048] train_loss=0.0027 | train_psnr=31.93 dB | val_loss=0.0023 | val_psnr=28.63 dB | time=71.2s
[Epoch 049] train_loss=0.0027 | train_psnr=31.72 dB | val_loss=0.0023 | val_psnr=28.59 dB | time=71.1s
[Epoch 050] train_loss=0.0026 | train_psnr=31.80 dB | val_loss=0.0022 | val_psnr=28.93 dB | time=72.4s
[Epoch 051] train_loss=0.0026 | train_psnr=31.93 dB | val_loss=0.0022 | val_psnr=28.85 dB | time=70.5s
[Epoch 052] train_loss=0.0025 | train_psnr=32.21 dB | val_loss=0.0022 | val_psnr=28.94 dB | time=70.8s
[Epoch 053] train_loss=0.0025 | train_psnr=32.34 dB | val_loss=0.0022 | val_psnr=28.92 dB | time=74.4s
[Epoch 054] train_loss=0.0027 | train_psnr=31.79 dB | val_loss=0.0022 | val_psnr=28.96 dB | time=73.7s
[Epoch 055] train_loss=0.0026 | train_psnr=32.06 dB | val_loss=0.0022 | val_psnr=28.96 dB | time=70.7s
[Epoch 056] train_loss=0.0026 | train_psnr=32.10 dB | val_loss=0.0022 | val_psnr=28.92 dB | time=68.6s
[Epoch 057] train_loss=0.0026 | train_psnr=31.73 dB | val_loss=0.0022 | val_psnr=28.97 dB | time=71.5s
[Epoch 058] train_loss=0.0026 | train_psnr=31.99 dB | val_loss=0.0022 | val_psnr=28.99 dB | time=72.1s
[Epoch 059] train_loss=0.0026 | train_psnr=32.12 dB | val_loss=0.0022 | val_psnr=28.98 dB | time=68.2s
[Epoch 060] train_loss=0.0025 | train_psnr=32.23 dB | val_loss=0.0022 | val_psnr=28.95 dB | time=67.5s
[Epoch 061] train_loss=0.0026 | train_psnr=31.95 dB | val_loss=0.0022 | val_psnr=28.97 dB | time=70.9s
[Epoch 062] train_loss=0.0026 | train_psnr=31.98 dB | val_loss=0.0022 | val_psnr=28.99 dB | time=71.4s
[Epoch 063] train_loss=0.0025 | train_psnr=32.33 dB | val_loss=0.0022 | val_psnr=29.01 dB | time=71.6s
[Epoch 064] train_loss=0.0024 | train_psnr=32.32 dB | val_loss=0.0022 | val_psnr=28.99 dB | time=70.3s
[Epoch 065] train_loss=0.0026 | train_psnr=31.69 dB | val_loss=0.0022 | val_psnr=29.01 dB | time=72.6s
[Epoch 066] train_loss=0.0025 | train_psnr=32.36 dB | val_loss=0.0022 | val_psnr=28.99 dB | time=73.5s
[Epoch 067] train_loss=0.0024 | train_psnr=32.45 dB | val_loss=0.0022 | val_psnr=29.01 dB | time=72.1s
[Epoch 068] train_loss=0.0026 | train_psnr=32.23 dB | val_loss=0.0022 | val_psnr=28.96 dB | time=70.3s
[Epoch 069] train_loss=0.0024 | train_psnr=32.48 dB | val_loss=0.0022 | val_psnr=29.04 dB | time=66.5s
[Epoch 070] train_loss=0.0024 | train_psnr=32.54 dB | val_loss=0.0024 | val_psnr=28.93 dB | time=72.3s
[Epoch 071] train_loss=0.0026 | train_psnr=32.18 dB | val_loss=0.0022 | val_psnr=28.99 dB | time=72.0s
[Epoch 072] train_loss=0.0025 | train_psnr=32.52 dB | val_loss=0.0021 | val_psnr=29.04 dB | time=69.2s
[Epoch 073] train_loss=0.0025 | train_psnr=32.48 dB | val_loss=0.0021 | val_psnr=29.05 dB | time=71.5s
[Epoch 074] train_loss=0.0025 | train_psnr=31.75 dB | val_loss=0.0022 | val_psnr=28.75 dB | time=73.3s
[Epoch 075] train_loss=0.0026 | train_psnr=31.88 dB | val_loss=0.0021 | val_psnr=29.04 dB | time=79.4s
[Epoch 076] train_loss=0.0025 | train_psnr=32.77 dB | val_loss=0.0021 | val_psnr=29.05 dB | time=81.1s
[Epoch 077] train_loss=0.0024 | train_psnr=32.71 dB | val_loss=0.0022 | val_psnr=29.04 dB | time=78.8s
[Epoch 078] train_loss=0.0024 | train_psnr=32.78 dB | val_loss=0.0021 | val_psnr=29.05 dB | time=74.4s
[Epoch 079] train_loss=0.0025 | train_psnr=32.31 dB | val_loss=0.0022 | val_psnr=28.61 dB | time=75.4s
[Epoch 080] train_loss=0.0026 | train_psnr=32.14 dB | val_loss=0.0021 | val_psnr=29.06 dB | time=76.2s
[Epoch 081] train_loss=0.0025 | train_psnr=32.40 dB | val_loss=0.0021 | val_psnr=29.06 dB | time=76.6s
[Epoch 082] train_loss=0.0024 | train_psnr=32.59 dB | val_loss=0.0021 | val_psnr=29.04 dB | time=80.7s
[Epoch 083] train_loss=0.0025 | train_psnr=32.38 dB | val_loss=0.0021 | val_psnr=29.02 dB | time=78.3s
[Epoch 084] train_loss=0.0023 | train_psnr=32.37 dB | val_loss=0.0021 | val_psnr=29.09 dB | time=81.6s
[Epoch 085] train_loss=0.0025 | train_psnr=31.60 dB | val_loss=0.0022 | val_psnr=28.66 dB | time=65.4s
[Epoch 086] train_loss=0.0025 | train_psnr=32.30 dB | val_loss=0.0021 | val_psnr=29.07 dB | time=75.0s
[Epoch 087] train_loss=0.0023 | train_psnr=32.94 dB | val_loss=0.0021 | val_psnr=29.04 dB | time=80.6s
[Epoch 088] train_loss=0.0025 | train_psnr=32.22 dB | val_loss=0.0023 | val_psnr=28.98 dB | time=82.6s
[Epoch 089] train_loss=0.0024 | train_psnr=32.48 dB | val_loss=0.0021 | val_psnr=29.09 dB | time=76.2s
[Epoch 090] train_loss=0.0024 | train_psnr=32.45 dB | val_loss=0.0021 | val_psnr=29.08 dB | time=68.4s
[Epoch 091] train_loss=0.0025 | train_psnr=32.46 dB | val_loss=0.0021 | val_psnr=29.09 dB | time=77.1s
[Epoch 092] train_loss=0.0025 | train_psnr=32.48 dB | val_loss=0.0021 | val_psnr=28.98 dB | time=82.8s
[Epoch 093] train_loss=0.0024 | train_psnr=32.71 dB | val_loss=0.0021 | val_psnr=29.10 dB | time=83.3s
[Epoch 094] train_loss=0.0025 | train_psnr=32.48 dB | val_loss=0.0021 | val_psnr=29.09 dB | time=84.4s
[Epoch 095] train_loss=0.0025 | train_psnr=32.24 dB | val_loss=0.0021 | val_psnr=29.05 dB | time=84.5s
[Epoch 096] train_loss=0.0024 | train_psnr=32.28 dB | val_loss=0.0021 | val_psnr=29.10 dB | time=85.2s
[Epoch 097] train_loss=0.0024 | train_psnr=32.45 dB | val_loss=0.0021 | val_psnr=29.08 dB | time=79.7s
[Epoch 098] train_loss=0.0024 | train_psnr=32.53 dB | val_loss=0.0021 | val_psnr=29.11 dB | time=83.8s
[Epoch 099] train_loss=0.0025 | train_psnr=32.39 dB | val_loss=0.0021 | val_psnr=29.11 dB | time=79.4s
[Epoch 100] train_loss=0.0024 | train_psnr=32.59 dB | val_loss=0.0021 | val_psnr=29.11 dB | time=75.3s
[Epoch 101] train_loss=0.0024 | train_psnr=32.15 dB | val_loss=0.0021 | val_psnr=29.11 dB | time=77.2s
[Epoch 102] train_loss=0.0024 | train_psnr=32.64 dB | val_loss=0.0021 | val_psnr=29.07 dB | time=82.8s
[Epoch 103] train_loss=0.0023 | train_psnr=32.61 dB | val_loss=0.0021 | val_psnr=29.10 dB | time=81.0s
[Epoch 104] train_loss=0.0025 | train_psnr=32.37 dB | val_loss=0.0021 | val_psnr=29.10 dB | time=76.7s
[Epoch 105] train_loss=0.0027 | train_psnr=31.59 dB | val_loss=0.0021 | val_psnr=29.03 dB | time=72.0s
[Epoch 106] train_loss=0.0024 | train_psnr=32.90 dB | val_loss=0.0021 | val_psnr=29.12 dB | time=77.6s
[Epoch 107] train_loss=0.0024 | train_psnr=32.89 dB | val_loss=0.0021 | val_psnr=29.12 dB | time=79.9s
[Epoch 108] train_loss=0.0025 | train_psnr=32.78 dB | val_loss=0.0021 | val_psnr=29.13 dB | time=76.3s
[Epoch 109] train_loss=0.0023 | train_psnr=32.98 dB | val_loss=0.0021 | val_psnr=29.13 dB | time=74.6s
[Epoch 110] train_loss=0.0024 | train_psnr=32.88 dB | val_loss=0.0022 | val_psnr=29.02 dB | time=76.6s
[Epoch 111] train_loss=0.0023 | train_psnr=32.81 dB | val_loss=0.0021 | val_psnr=29.01 dB | time=76.4s
[Epoch 112] train_loss=0.0024 | train_psnr=32.53 dB | val_loss=0.0022 | val_psnr=28.55 dB | time=80.2s
[Epoch 113] train_loss=0.0024 | train_psnr=32.39 dB | val_loss=0.0021 | val_psnr=29.10 dB | time=80.0s
[Epoch 114] train_loss=0.0024 | train_psnr=32.95 dB | val_loss=0.0021 | val_psnr=29.12 dB | time=80.8s
[Epoch 115] train_loss=0.0024 | train_psnr=32.26 dB | val_loss=0.0021 | val_psnr=29.09 dB | time=73.7s
[Epoch 116] train_loss=0.0024 | train_psnr=32.34 dB | val_loss=0.0021 | val_psnr=29.07 dB | time=71.2s
[Epoch 117] train_loss=0.0024 | train_psnr=32.71 dB | val_loss=0.0021 | val_psnr=29.12 dB | time=74.6s
[Epoch 118] train_loss=0.0024 | train_psnr=32.63 dB | val_loss=0.0021 | val_psnr=29.11 dB | time=80.5s
[Epoch 119] train_loss=0.0025 | train_psnr=32.14 dB | val_loss=0.0021 | val_psnr=29.12 dB | time=80.5s
[Epoch 120] train_loss=0.0024 | train_psnr=32.50 dB | val_loss=0.0021 | val_psnr=29.13 dB | time=78.4s
[Epoch 121] train_loss=0.0024 | train_psnr=32.91 dB | val_loss=0.0021 | val_psnr=29.14 dB | time=74.2s
[Epoch 122] train_loss=0.0023 | train_psnr=33.05 dB | val_loss=0.0021 | val_psnr=29.14 dB | time=74.7s
[Epoch 123] train_loss=0.0024 | train_psnr=32.77 dB | val_loss=0.0021 | val_psnr=29.14 dB | time=83.8s
[Epoch 124] train_loss=0.0024 | train_psnr=32.75 dB | val_loss=0.0021 | val_psnr=29.15 dB | time=77.9s
[Epoch 125] train_loss=0.0024 | train_psnr=32.82 dB | val_loss=0.0021 | val_psnr=29.15 dB | time=79.7s
[Epoch 126] train_loss=0.0023 | train_psnr=32.92 dB | val_loss=0.0021 | val_psnr=29.15 dB | time=78.7s
[Epoch 127] train_loss=0.0023 | train_psnr=32.88 dB | val_loss=0.0021 | val_psnr=29.15 dB | time=76.1s
[Epoch 128] train_loss=0.0023 | train_psnr=32.91 dB | val_loss=0.0021 | val_psnr=29.14 dB | time=72.1s
[Epoch 129] train_loss=0.0023 | train_psnr=32.66 dB | val_loss=0.0021 | val_psnr=29.14 dB | time=76.2s
[Epoch 130] train_loss=0.0024 | train_psnr=32.74 dB | val_loss=0.0021 | val_psnr=29.15 dB | time=77.2s
[Epoch 131] train_loss=0.0023 | train_psnr=32.87 dB | val_loss=0.0021 | val_psnr=29.15 dB | time=70.1s
[Epoch 132] train_loss=0.0022 | train_psnr=33.01 dB | val_loss=0.0021 | val_psnr=29.15 dB | time=71.7s
[Epoch 133] train_loss=0.0023 | train_psnr=32.80 dB | val_loss=0.0021 | val_psnr=29.13 dB | time=75.3s
[Epoch 134] train_loss=0.0024 | train_psnr=32.61 dB | val_loss=0.0021 | val_psnr=29.15 dB | time=79.1s
[Epoch 135] train_loss=0.0023 | train_psnr=32.71 dB | val_loss=0.0021 | val_psnr=29.15 dB | time=75.5s
[Epoch 136] train_loss=0.0024 | train_psnr=32.87 dB | val_loss=0.0021 | val_psnr=29.13 dB | time=74.8s
[Epoch 137] train_loss=0.0023 | train_psnr=33.01 dB | val_loss=0.0021 | val_psnr=29.15 dB | time=77.9s
[Epoch 138] train_loss=0.0023 | train_psnr=32.94 dB | val_loss=0.0021 | val_psnr=29.14 dB | time=80.6s
[Epoch 139] train_loss=0.0024 | train_psnr=32.80 dB | val_loss=0.0021 | val_psnr=29.16 dB | time=76.6s
[Epoch 140] train_loss=0.0024 | train_psnr=32.85 dB | val_loss=0.0021 | val_psnr=29.09 dB | time=79.8s
[Epoch 141] train_loss=0.0024 | train_psnr=32.88 dB | val_loss=0.0021 | val_psnr=29.15 dB | time=78.5s
[Epoch 142] train_loss=0.0024 | train_psnr=32.71 dB | val_loss=0.0021 | val_psnr=29.15 dB | time=74.0s
[Epoch 143] train_loss=0.0024 | train_psnr=32.60 dB | val_loss=0.0021 | val_psnr=29.16 dB | time=73.3s
[Epoch 144] train_loss=0.0023 | train_psnr=32.99 dB | val_loss=0.0021 | val_psnr=29.11 dB | time=78.6s
[Epoch 145] train_loss=0.0023 | train_psnr=32.83 dB | val_loss=0.0021 | val_psnr=29.15 dB | time=80.2s
[Epoch 146] train_loss=0.0023 | train_psnr=32.87 dB | val_loss=0.0021 | val_psnr=29.15 dB | time=83.3s
[Epoch 147] train_loss=0.0024 | train_psnr=32.89 dB | val_loss=0.0021 | val_psnr=29.15 dB | time=85.4s
[Epoch 148] train_loss=0.0023 | train_psnr=32.78 dB | val_loss=0.0021 | val_psnr=29.15 dB | time=80.6s
[Epoch 149] train_loss=0.0023 | train_psnr=33.03 dB | val_loss=0.0021 | val_psnr=29.16 dB | time=77.5s
[Epoch 150] train_loss=0.0023 | train_psnr=32.80 dB | val_loss=0.0021 | val_psnr=29.17 dB | time=72.9s
[Epoch 151] train_loss=0.0023 | train_psnr=32.94 dB | val_loss=0.0021 | val_psnr=29.12 dB | time=79.2s
[Epoch 152] train_loss=0.0023 | train_psnr=32.96 dB | val_loss=0.0021 | val_psnr=29.16 dB | time=77.8s
[Epoch 153] train_loss=0.0023 | train_psnr=32.85 dB | val_loss=0.0021 | val_psnr=29.16 dB | time=74.7s
[Epoch 154] train_loss=0.0022 | train_psnr=32.99 dB | val_loss=0.0021 | val_psnr=29.17 dB | time=73.4s
[Epoch 155] train_loss=0.0024 | train_psnr=32.69 dB | val_loss=0.0021 | val_psnr=29.17 dB | time=70.1s
[Epoch 156] train_loss=0.0024 | train_psnr=32.68 dB | val_loss=0.0021 | val_psnr=29.16 dB | time=72.9s
[Epoch 157] train_loss=0.0023 | train_psnr=32.88 dB | val_loss=0.0021 | val_psnr=29.14 dB | time=76.1s
[Epoch 158] train_loss=0.0023 | train_psnr=32.83 dB | val_loss=0.0021 | val_psnr=29.17 dB | time=72.1s
[Epoch 159] train_loss=0.0023 | train_psnr=33.03 dB | val_loss=0.0021 | val_psnr=29.16 dB | time=74.8s
[Epoch 160] train_loss=0.0023 | train_psnr=32.86 dB | val_loss=0.0021 | val_psnr=29.16 dB | time=77.1s
[Epoch 161] train_loss=0.0023 | train_psnr=32.99 dB | val_loss=0.0021 | val_psnr=29.16 dB | time=76.4s
[Epoch 162] train_loss=0.0023 | train_psnr=32.95 dB | val_loss=0.0021 | val_psnr=29.17 dB | time=71.9s
[Epoch 163] train_loss=0.0023 | train_psnr=32.75 dB | val_loss=0.0021 | val_psnr=29.18 dB | time=71.3s
[Epoch 164] train_loss=0.0023 | train_psnr=32.87 dB | val_loss=0.0021 | val_psnr=29.18 dB | time=74.3s
[Epoch 165] train_loss=0.0023 | train_psnr=33.03 dB | val_loss=0.0021 | val_psnr=29.13 dB | time=75.3s
[Epoch 166] train_loss=0.0023 | train_psnr=32.99 dB | val_loss=0.0021 | val_psnr=29.18 dB | time=75.6s
[Epoch 167] train_loss=0.0024 | train_psnr=32.59 dB | val_loss=0.0021 | val_psnr=29.15 dB | time=83.4s
[Epoch 168] train_loss=0.0023 | train_psnr=33.04 dB | val_loss=0.0021 | val_psnr=29.17 dB | time=82.9s
[Epoch 169] train_loss=0.0023 | train_psnr=33.05 dB | val_loss=0.0021 | val_psnr=29.16 dB | time=81.4s
[Epoch 170] train_loss=0.0024 | train_psnr=32.90 dB | val_loss=0.0021 | val_psnr=29.17 dB | time=76.5s
[Epoch 171] train_loss=0.0022 | train_psnr=33.25 dB | val_loss=0.0021 | val_psnr=29.18 dB | time=81.7s
[Epoch 172] train_loss=0.0023 | train_psnr=33.02 dB | val_loss=0.0021 | val_psnr=29.17 dB | time=75.6s
[Epoch 173] train_loss=0.0023 | train_psnr=32.99 dB | val_loss=0.0021 | val_psnr=29.12 dB | time=82.0s
[Epoch 174] train_loss=0.0022 | train_psnr=32.86 dB | val_loss=0.0021 | val_psnr=29.17 dB | time=75.2s
[Epoch 175] train_loss=0.0023 | train_psnr=32.87 dB | val_loss=0.0021 | val_psnr=29.17 dB | time=81.1s
[Epoch 176] train_loss=0.0023 | train_psnr=33.20 dB | val_loss=0.0021 | val_psnr=29.18 dB | time=78.1s
[Epoch 177] train_loss=0.0023 | train_psnr=33.15 dB | val_loss=0.0021 | val_psnr=29.19 dB | time=75.2s
[Epoch 178] train_loss=0.0023 | train_psnr=33.13 dB | val_loss=0.0021 | val_psnr=29.19 dB | time=79.3s
[Epoch 179] train_loss=0.0024 | train_psnr=32.89 dB | val_loss=0.0020 | val_psnr=29.18 dB | time=79.1s
[Epoch 180] train_loss=0.0023 | train_psnr=32.99 dB | val_loss=0.0021 | val_psnr=29.17 dB | time=80.7s
[Epoch 181] train_loss=0.0023 | train_psnr=32.90 dB | val_loss=0.0020 | val_psnr=29.19 dB | time=82.0s
[Epoch 182] train_loss=0.0023 | train_psnr=32.98 dB | val_loss=0.0020 | val_psnr=29.19 dB | time=73.8s
[Epoch 183] train_loss=0.0023 | train_psnr=33.16 dB | val_loss=0.0020 | val_psnr=29.19 dB | time=78.7s
[Epoch 184] train_loss=0.0023 | train_psnr=33.12 dB | val_loss=0.0021 | val_psnr=29.18 dB | time=77.7s
[Epoch 185] train_loss=0.0023 | train_psnr=32.98 dB | val_loss=0.0021 | val_psnr=29.17 dB | time=76.3s
[Epoch 186] train_loss=0.0023 | train_psnr=32.81 dB | val_loss=0.0020 | val_psnr=29.19 dB | time=75.4s
[Epoch 187] train_loss=0.0023 | train_psnr=33.01 dB | val_loss=0.0020 | val_psnr=29.19 dB | time=72.6s
[Epoch 188] train_loss=0.0023 | train_psnr=33.00 dB | val_loss=0.0020 | val_psnr=29.19 dB | time=72.2s
[Epoch 189] train_loss=0.0024 | train_psnr=33.06 dB | val_loss=0.0020 | val_psnr=29.19 dB | time=78.9s
[Epoch 190] train_loss=0.0022 | train_psnr=33.31 dB | val_loss=0.0020 | val_psnr=29.19 dB | time=75.6s
[Epoch 191] train_loss=0.0024 | train_psnr=33.00 dB | val_loss=0.0020 | val_psnr=29.19 dB | time=76.3s
[Epoch 192] train_loss=0.0023 | train_psnr=33.17 dB | val_loss=0.0020 | val_psnr=29.19 dB | time=75.2s
[Epoch 193] train_loss=0.0023 | train_psnr=33.11 dB | val_loss=0.0020 | val_psnr=29.19 dB | time=76.3s
[Epoch 194] train_loss=0.0024 | train_psnr=32.98 dB | val_loss=0.0020 | val_psnr=29.19 dB | time=78.9s
[Epoch 195] train_loss=0.0023 | train_psnr=33.09 dB | val_loss=0.0020 | val_psnr=29.19 dB | time=73.9s
[Epoch 196] train_loss=0.0024 | train_psnr=32.98 dB | val_loss=0.0020 | val_psnr=29.17 dB | time=76.7s
[Epoch 197] train_loss=0.0023 | train_psnr=33.29 dB | val_loss=0.0020 | val_psnr=29.19 dB | time=77.8s
[Epoch 198] train_loss=0.0022 | train_psnr=33.25 dB | val_loss=0.0020 | val_psnr=29.19 dB | time=79.8s
[Epoch 199] train_loss=0.0022 | train_psnr=33.18 dB | val_loss=0.0020 | val_psnr=29.19 dB | time=72.3s
[Epoch 200] train_loss=0.0023 | train_psnr=33.12 dB | val_loss=0.0020 | val_psnr=29.19 dB | time=71.3s
[Epoch 201] train_loss=0.0023 | train_psnr=33.19 dB | val_loss=0.0020 | val_psnr=29.20 dB | time=72.8s
[Epoch 202] train_loss=0.0023 | train_psnr=33.08 dB | val_loss=0.0020 | val_psnr=29.20 dB | time=76.1s
[Epoch 203] train_loss=0.0023 | train_psnr=33.11 dB | val_loss=0.0020 | val_psnr=29.20 dB | time=76.9s
[Epoch 204] train_loss=0.0023 | train_psnr=33.33 dB | val_loss=0.0020 | val_psnr=29.19 dB | time=77.6s
[Epoch 205] train_loss=0.0023 | train_psnr=33.15 dB | val_loss=0.0020 | val_psnr=29.20 dB | time=72.7s
[Epoch 206] train_loss=0.0023 | train_psnr=33.27 dB | val_loss=0.0020 | val_psnr=29.19 dB | time=69.8s
[Epoch 207] train_loss=0.0022 | train_psnr=33.10 dB | val_loss=0.0020 | val_psnr=29.19 dB | time=73.7s
[Epoch 208] train_loss=0.0024 | train_psnr=32.89 dB | val_loss=0.0020 | val_psnr=29.20 dB | time=76.5s
[Epoch 209] train_loss=0.0023 | train_psnr=33.05 dB | val_loss=0.0020 | val_psnr=29.19 dB | time=75.4s
[Epoch 210] train_loss=0.0022 | train_psnr=33.61 dB | val_loss=0.0020 | val_psnr=29.20 dB | time=76.9s
[Epoch 211] train_loss=0.0024 | train_psnr=32.94 dB | val_loss=0.0020 | val_psnr=29.20 dB | time=79.3s
[Epoch 212] train_loss=0.0023 | train_psnr=33.05 dB | val_loss=0.0020 | val_psnr=29.20 dB | time=73.0s
[Epoch 213] train_loss=0.0023 | train_psnr=33.29 dB | val_loss=0.0020 | val_psnr=29.20 dB | time=73.6s
[Epoch 214] train_loss=0.0024 | train_psnr=32.85 dB | val_loss=0.0020 | val_psnr=29.20 dB | time=71.7s
[Epoch 215] train_loss=0.0023 | train_psnr=32.97 dB | val_loss=0.0020 | val_psnr=29.20 dB | time=79.5s
[Epoch 216] train_loss=0.0022 | train_psnr=33.28 dB | val_loss=0.0020 | val_psnr=29.20 dB | time=77.6s
[Epoch 217] train_loss=0.0023 | train_psnr=33.34 dB | val_loss=0.0020 | val_psnr=29.20 dB | time=77.7s
[Epoch 218] train_loss=0.0023 | train_psnr=33.09 dB | val_loss=0.0020 | val_psnr=29.20 dB | time=76.0s
[Epoch 219] train_loss=0.0022 | train_psnr=33.46 dB | val_loss=0.0020 | val_psnr=29.20 dB | time=71.1s
[Epoch 220] train_loss=0.0023 | train_psnr=33.05 dB | val_loss=0.0020 | val_psnr=29.20 dB | time=69.0s
[Epoch 221] train_loss=0.0022 | train_psnr=33.24 dB | val_loss=0.0020 | val_psnr=29.20 dB | time=74.3s
[Epoch 222] train_loss=0.0023 | train_psnr=33.00 dB | val_loss=0.0020 | val_psnr=29.20 dB | time=73.0s
[Epoch 223] train_loss=0.0023 | train_psnr=33.27 dB | val_loss=0.0020 | val_psnr=29.20 dB | time=79.5s
[Epoch 224] train_loss=0.0023 | train_psnr=33.19 dB | val_loss=0.0020 | val_psnr=29.20 dB | time=76.6s
[Epoch 225] train_loss=0.0022 | train_psnr=33.32 dB | val_loss=0.0020 | val_psnr=29.20 dB | time=73.2s
[Epoch 226] train_loss=0.0022 | train_psnr=33.19 dB | val_loss=0.0020 | val_psnr=29.20 dB | time=68.8s
[Epoch 227] train_loss=0.0022 | train_psnr=33.26 dB | val_loss=0.0020 | val_psnr=29.20 dB | time=72.0s
[Epoch 228] train_loss=0.0023 | train_psnr=33.23 dB | val_loss=0.0020 | val_psnr=29.20 dB | time=76.5s
[Epoch 229] train_loss=0.0022 | train_psnr=33.04 dB | val_loss=0.0020 | val_psnr=29.20 dB | time=73.1s
[Epoch 230] train_loss=0.0021 | train_psnr=33.40 dB | val_loss=0.0020 | val_psnr=29.20 dB | time=75.3s
[Epoch 231] train_loss=0.0023 | train_psnr=33.21 dB | val_loss=0.0020 | val_psnr=29.20 dB | time=84.2s
[Epoch 232] train_loss=0.0023 | train_psnr=33.20 dB | val_loss=0.0020 | val_psnr=29.20 dB | time=81.0s
[Epoch 233] train_loss=0.0023 | train_psnr=33.10 dB | val_loss=0.0020 | val_psnr=29.20 dB | time=73.4s
[Epoch 234] train_loss=0.0023 | train_psnr=33.12 dB | val_loss=0.0020 | val_psnr=29.20 dB | time=78.2s
[Epoch 235] train_loss=0.0022 | train_psnr=33.20 dB | val_loss=0.0020 | val_psnr=29.20 dB | time=75.9s
[Epoch 236] train_loss=0.0023 | train_psnr=33.14 dB | val_loss=0.0020 | val_psnr=29.20 dB | time=76.4s
[Epoch 237] train_loss=0.0022 | train_psnr=33.31 dB | val_loss=0.0020 | val_psnr=29.20 dB | time=77.5s
[Epoch 238] train_loss=0.0022 | train_psnr=33.23 dB | val_loss=0.0020 | val_psnr=29.20 dB | time=78.0s
[Epoch 239] train_loss=0.0023 | train_psnr=33.22 dB | val_loss=0.0020 | val_psnr=29.20 dB | time=73.3s
[Epoch 240] train_loss=0.0022 | train_psnr=33.10 dB | val_loss=0.0020 | val_psnr=29.20 dB | time=74.1s
[Epoch 241] train_loss=0.0022 | train_psnr=33.39 dB | val_loss=0.0020 | val_psnr=29.20 dB | time=75.3s
[Epoch 242] train_loss=0.0023 | train_psnr=33.38 dB | val_loss=0.0020 | val_psnr=29.20 dB | time=78.7s
[Epoch 243] train_loss=0.0023 | train_psnr=33.14 dB | val_loss=0.0020 | val_psnr=29.20 dB | time=80.5s
[Epoch 244] train_loss=0.0022 | train_psnr=33.34 dB | val_loss=0.0020 | val_psnr=29.20 dB | time=73.0s
[Epoch 245] train_loss=0.0022 | train_psnr=33.36 dB | val_loss=0.0020 | val_psnr=29.20 dB | time=71.8s
[Epoch 246] train_loss=0.0023 | train_psnr=33.21 dB | val_loss=0.0020 | val_psnr=29.20 dB | time=74.4s
[Epoch 247] train_loss=0.0022 | train_psnr=33.42 dB | val_loss=0.0020 | val_psnr=29.20 dB | time=71.7s
[Epoch 248] train_loss=0.0023 | train_psnr=33.34 dB | val_loss=0.0020 | val_psnr=29.20 dB | time=74.0s
[Epoch 249] train_loss=0.0023 | train_psnr=33.08 dB | val_loss=0.0020 | val_psnr=29.20 dB | time=79.5s
[Epoch 250] train_loss=0.0023 | train_psnr=33.09 dB | val_loss=0.0020 | val_psnr=29.20 dB | time=79.9s
[Epoch 251] train_loss=0.0023 | train_psnr=33.15 dB | val_loss=0.0020 | val_psnr=29.20 dB | time=74.8s
[Epoch 252] train_loss=0.0023 | train_psnr=33.07 dB | val_loss=0.0020 | val_psnr=29.20 dB | time=74.0s
[Epoch 253] train_loss=0.0023 | train_psnr=33.09 dB | val_loss=0.0020 | val_psnr=29.20 dB | time=73.6s
[Epoch 254] train_loss=0.0023 | train_psnr=33.26 dB | val_loss=0.0020 | val_psnr=29.20 dB | time=73.6s
[Epoch 255] train_loss=0.0023 | train_psnr=33.25 dB | val_loss=0.0020 | val_psnr=29.20 dB | time=76.8s
[Epoch 256] train_loss=0.0023 | train_psnr=33.29 dB | val_loss=0.0020 | val_psnr=29.20 dB | time=74.0s
[Epoch 257] train_loss=0.0023 | train_psnr=33.16 dB | val_loss=0.0020 | val_psnr=29.20 dB | time=76.4s
[Epoch 258] train_loss=0.0023 | train_psnr=33.09 dB | val_loss=0.0020 | val_psnr=29.20 dB | time=75.2s
[Epoch 259] train_loss=0.0023 | train_psnr=33.03 dB | val_loss=0.0020 | val_psnr=29.20 dB | time=71.9s
[Epoch 260] train_loss=0.0023 | train_psnr=33.04 dB | val_loss=0.0020 | val_psnr=29.20 dB | time=75.1s
[Epoch 261] train_loss=0.0024 | train_psnr=33.04 dB | val_loss=0.0020 | val_psnr=29.20 dB | time=77.0s
[Epoch 262] train_loss=0.0022 | train_psnr=33.46 dB | val_loss=0.0020 | val_psnr=29.20 dB | time=74.6s
[Epoch 263] train_loss=0.0023 | train_psnr=33.13 dB | val_loss=0.0020 | val_psnr=29.20 dB | time=77.9s
[Epoch 264] train_loss=0.0023 | train_psnr=33.08 dB | val_loss=0.0020 | val_psnr=29.20 dB | time=75.6s
[Epoch 265] train_loss=0.0023 | train_psnr=33.13 dB | val_loss=0.0020 | val_psnr=29.20 dB | time=73.2s
[Epoch 266] train_loss=0.0023 | train_psnr=33.23 dB | val_loss=0.0020 | val_psnr=29.20 dB | time=71.8s
[Epoch 267] train_loss=0.0023 | train_psnr=33.17 dB | val_loss=0.0020 | val_psnr=29.20 dB | time=75.3s
[Epoch 268] train_loss=0.0023 | train_psnr=33.26 dB | val_loss=0.0020 | val_psnr=29.20 dB | time=73.3s
[Epoch 269] train_loss=0.0022 | train_psnr=33.13 dB | val_loss=0.0020 | val_psnr=29.20 dB | time=73.6s
[Epoch 270] train_loss=0.0022 | train_psnr=33.41 dB | val_loss=0.0020 | val_psnr=29.20 dB | time=70.1s
[Epoch 271] train_loss=0.0023 | train_psnr=33.10 dB | val_loss=0.0020 | val_psnr=29.20 dB | time=79.4s
[Epoch 272] train_loss=0.0022 | train_psnr=33.39 dB | val_loss=0.0020 | val_psnr=29.20 dB | time=76.3s
[Epoch 273] train_loss=0.0022 | train_psnr=33.32 dB | val_loss=0.0020 | val_psnr=29.20 dB | time=74.4s
[Epoch 274] train_loss=0.0024 | train_psnr=32.94 dB | val_loss=0.0020 | val_psnr=29.20 dB | time=73.8s
[Epoch 275] train_loss=0.0023 | train_psnr=33.30 dB | val_loss=0.0020 | val_psnr=29.20 dB | time=74.7s
[Epoch 276] train_loss=0.0023 | train_psnr=33.20 dB | val_loss=0.0020 | val_psnr=29.20 dB | time=75.0s
[Epoch 277] train_loss=0.0023 | train_psnr=33.21 dB | val_loss=0.0020 | val_psnr=29.20 dB | time=74.6s
[Epoch 278] train_loss=0.0022 | train_psnr=33.20 dB | val_loss=0.0020 | val_psnr=29.20 dB | time=73.1s
[Epoch 279] train_loss=0.0022 | train_psnr=33.31 dB | val_loss=0.0020 | val_psnr=29.20 dB | time=74.0s
[Epoch 280] train_loss=0.0021 | train_psnr=33.39 dB | val_loss=0.0020 | val_psnr=29.20 dB | time=77.2s
[Epoch 281] train_loss=0.0023 | train_psnr=33.14 dB | val_loss=0.0020 | val_psnr=29.20 dB | time=79.6s
[Epoch 282] train_loss=0.0023 | train_psnr=33.13 dB | val_loss=0.0020 | val_psnr=29.20 dB | time=71.9s
[Epoch 283] train_loss=0.0022 | train_psnr=33.55 dB | val_loss=0.0020 | val_psnr=29.20 dB | time=71.1s
[Epoch 284] train_loss=0.0022 | train_psnr=33.49 dB | val_loss=0.0020 | val_psnr=29.20 dB | time=74.3s
[Epoch 285] train_loss=0.0022 | train_psnr=33.42 dB | val_loss=0.0020 | val_psnr=29.20 dB | time=74.1s
[Epoch 286] train_loss=0.0022 | train_psnr=33.43 dB | val_loss=0.0020 | val_psnr=29.20 dB | time=75.6s
[Epoch 287] train_loss=0.0022 | train_psnr=33.17 dB | val_loss=0.0020 | val_psnr=29.20 dB | time=78.7s
[Epoch 288] train_loss=0.0023 | train_psnr=33.32 dB | val_loss=0.0020 | val_psnr=29.20 dB | time=73.4s
[Epoch 289] train_loss=0.0023 | train_psnr=33.28 dB | val_loss=0.0020 | val_psnr=29.20 dB | time=74.0s
[Epoch 290] train_loss=0.0023 | train_psnr=33.22 dB | val_loss=0.0020 | val_psnr=29.20 dB | time=74.4s
[Epoch 291] train_loss=0.0023 | train_psnr=33.11 dB | val_loss=0.0020 | val_psnr=29.20 dB | time=75.4s
[Epoch 292] train_loss=0.0023 | train_psnr=33.20 dB | val_loss=0.0020 | val_psnr=29.20 dB | time=78.8s
[Epoch 293] train_loss=0.0023 | train_psnr=33.30 dB | val_loss=0.0020 | val_psnr=29.20 dB | time=71.5s
[Epoch 294] train_loss=0.0022 | train_psnr=33.30 dB | val_loss=0.0020 | val_psnr=29.20 dB | time=76.8s
[Epoch 295] train_loss=0.0022 | train_psnr=33.27 dB | val_loss=0.0020 | val_psnr=29.20 dB | time=74.0s
[Epoch 296] train_loss=0.0023 | train_psnr=33.27 dB | val_loss=0.0020 | val_psnr=29.20 dB | time=75.4s
[Epoch 297] train_loss=0.0022 | train_psnr=33.43 dB | val_loss=0.0020 | val_psnr=29.20 dB | time=73.2s
[Epoch 298] train_loss=0.0022 | train_psnr=33.17 dB | val_loss=0.0020 | val_psnr=29.20 dB | time=76.1s
[Epoch 299] train_loss=0.0024 | train_psnr=33.03 dB | val_loss=0.0020 | val_psnr=29.20 dB | time=73.4s
[Epoch 300] train_loss=0.0022 | train_psnr=33.42 dB | val_loss=0.0020 | val_psnr=29.20 dB | time=70.5s
[Epoch 301] train_loss=0.0022 | train_psnr=33.15 dB | val_loss=0.0020 | val_psnr=29.20 dB | time=69.4s
[Epoch 302] train_loss=0.0023 | train_psnr=33.23 dB | val_loss=0.0020 | val_psnr=29.20 dB | time=73.0s
[Epoch 303] train_loss=0.0023 | train_psnr=33.28 dB | val_loss=0.0020 | val_psnr=29.20 dB | time=75.3s
[Epoch 304] train_loss=0.0022 | train_psnr=33.17 dB | val_loss=0.0020 | val_psnr=29.20 dB | time=75.6s
[Epoch 305] train_loss=0.0024 | train_psnr=33.13 dB | val_loss=0.0020 | val_psnr=29.21 dB | time=76.9s
[Epoch 306] train_loss=0.0023 | train_psnr=33.18 dB | val_loss=0.0020 | val_psnr=29.20 dB | time=72.5s
[Epoch 307] train_loss=0.0022 | train_psnr=33.62 dB | val_loss=0.0020 | val_psnr=29.20 dB | time=71.3s
[Epoch 308] train_loss=0.0022 | train_psnr=33.38 dB | val_loss=0.0020 | val_psnr=29.20 dB | time=75.7s
[Epoch 309] train_loss=0.0022 | train_psnr=33.42 dB | val_loss=0.0020 | val_psnr=29.20 dB | time=76.8s
[Epoch 310] train_loss=0.0022 | train_psnr=33.30 dB | val_loss=0.0020 | val_psnr=29.20 dB | time=76.9s
[Epoch 311] train_loss=0.0023 | train_psnr=33.14 dB | val_loss=0.0020 | val_psnr=29.21 dB | time=79.5s
[Epoch 312] train_loss=0.0022 | train_psnr=33.42 dB | val_loss=0.0020 | val_psnr=29.20 dB | time=80.9s
[Epoch 313] train_loss=0.0023 | train_psnr=33.30 dB | val_loss=0.0020 | val_psnr=29.21 dB | time=80.4s
[Epoch 314] train_loss=0.0023 | train_psnr=33.35 dB | val_loss=0.0020 | val_psnr=29.20 dB | time=76.4s
[Epoch 315] train_loss=0.0023 | train_psnr=33.06 dB | val_loss=0.0020 | val_psnr=29.20 dB | time=77.9s
[Epoch 316] train_loss=0.0022 | train_psnr=33.16 dB | val_loss=0.0020 | val_psnr=29.21 dB | time=79.2s
[Epoch 317] train_loss=0.0023 | train_psnr=33.11 dB | val_loss=0.0020 | val_psnr=29.20 dB | time=80.1s
[Epoch 318] train_loss=0.0022 | train_psnr=33.46 dB | val_loss=0.0020 | val_psnr=29.21 dB | time=78.0s
[Epoch 319] train_loss=0.0023 | train_psnr=33.03 dB | val_loss=0.0020 | val_psnr=29.21 dB | time=72.5s
[Epoch 320] train_loss=0.0023 | train_psnr=33.30 dB | val_loss=0.0020 | val_psnr=29.20 dB | time=74.4s
[Epoch 321] train_loss=0.0024 | train_psnr=33.11 dB | val_loss=0.0020 | val_psnr=29.20 dB | time=75.8s
[Epoch 322] train_loss=0.0023 | train_psnr=33.02 dB | val_loss=0.0020 | val_psnr=29.21 dB | time=81.5s
[Epoch 323] train_loss=0.0022 | train_psnr=33.46 dB | val_loss=0.0020 | val_psnr=29.21 dB | time=74.5s
[Epoch 324] train_loss=0.0022 | train_psnr=33.51 dB | val_loss=0.0020 | val_psnr=29.21 dB | time=73.1s
[Epoch 325] train_loss=0.0023 | train_psnr=33.22 dB | val_loss=0.0020 | val_psnr=29.21 dB | time=71.1s
[Epoch 326] train_loss=0.0022 | train_psnr=33.27 dB | val_loss=0.0020 | val_psnr=29.21 dB | time=78.0s
[Epoch 327] train_loss=0.0023 | train_psnr=33.21 dB | val_loss=0.0020 | val_psnr=29.21 dB | time=81.9s
[Epoch 328] train_loss=0.0022 | train_psnr=33.39 dB | val_loss=0.0020 | val_psnr=29.21 dB | time=77.5s
[Epoch 329] train_loss=0.0022 | train_psnr=33.30 dB | val_loss=0.0020 | val_psnr=29.21 dB | time=74.3s
[Epoch 330] train_loss=0.0022 | train_psnr=33.26 dB | val_loss=0.0020 | val_psnr=29.21 dB | time=73.8s
[Epoch 331] train_loss=0.0022 | train_psnr=33.30 dB | val_loss=0.0020 | val_psnr=29.21 dB | time=78.0s
[Epoch 332] train_loss=0.0022 | train_psnr=33.30 dB | val_loss=0.0020 | val_psnr=29.21 dB | time=81.9s
[Epoch 333] train_loss=0.0023 | train_psnr=33.02 dB | val_loss=0.0020 | val_psnr=29.20 dB | time=80.8s
[Epoch 334] train_loss=0.0022 | train_psnr=33.19 dB | val_loss=0.0020 | val_psnr=29.20 dB | time=81.2s
[Epoch 335] train_loss=0.0022 | train_psnr=33.32 dB | val_loss=0.0020 | val_psnr=29.21 dB | time=75.0s
[Epoch 336] train_loss=0.0023 | train_psnr=33.23 dB | val_loss=0.0020 | val_psnr=29.21 dB | time=70.8s
[Epoch 337] train_loss=0.0023 | train_psnr=33.39 dB | val_loss=0.0020 | val_psnr=29.21 dB | time=76.3s
[Epoch 338] train_loss=0.0022 | train_psnr=33.23 dB | val_loss=0.0020 | val_psnr=29.21 dB | time=79.6s
[Epoch 339] train_loss=0.0022 | train_psnr=33.25 dB | val_loss=0.0020 | val_psnr=29.21 dB | time=76.2s
[Epoch 340] train_loss=0.0023 | train_psnr=33.29 dB | val_loss=0.0020 | val_psnr=29.21 dB | time=75.8s
[Epoch 341] train_loss=0.0022 | train_psnr=33.30 dB | val_loss=0.0020 | val_psnr=29.21 dB | time=76.0s
[Epoch 342] train_loss=0.0023 | train_psnr=33.30 dB | val_loss=0.0020 | val_psnr=29.20 dB | time=74.1s
[Epoch 343] train_loss=0.0022 | train_psnr=33.29 dB | val_loss=0.0020 | val_psnr=29.21 dB | time=78.7s
[Epoch 344] train_loss=0.0023 | train_psnr=33.11 dB | val_loss=0.0020 | val_psnr=29.21 dB | time=78.8s
[Epoch 345] train_loss=0.0023 | train_psnr=33.43 dB | val_loss=0.0020 | val_psnr=29.21 dB | time=74.5s
[Epoch 346] train_loss=0.0022 | train_psnr=33.24 dB | val_loss=0.0020 | val_psnr=29.21 dB | time=73.8s
[Epoch 347] train_loss=0.0022 | train_psnr=33.28 dB | val_loss=0.0020 | val_psnr=29.21 dB | time=77.8s
[Epoch 348] train_loss=0.0023 | train_psnr=33.01 dB | val_loss=0.0020 | val_psnr=29.21 dB | time=77.5s
[Epoch 349] train_loss=0.0023 | train_psnr=33.29 dB | val_loss=0.0020 | val_psnr=29.21 dB | time=79.4s
[Epoch 350] train_loss=0.0023 | train_psnr=33.20 dB | val_loss=0.0020 | val_psnr=29.21 dB | time=77.0s
[Epoch 351] train_loss=0.0023 | train_psnr=33.00 dB | val_loss=0.0020 | val_psnr=29.21 dB | time=72.7s
[Epoch 352] train_loss=0.0022 | train_psnr=33.31 dB | val_loss=0.0020 | val_psnr=29.21 dB | time=79.6s
[Epoch 353] train_loss=0.0023 | train_psnr=33.16 dB | val_loss=0.0020 | val_psnr=29.21 dB | time=79.0s
[Epoch 354] train_loss=0.0023 | train_psnr=33.25 dB | val_loss=0.0020 | val_psnr=29.21 dB | time=78.9s
[Epoch 355] train_loss=0.0023 | train_psnr=33.33 dB | val_loss=0.0020 | val_psnr=29.21 dB | time=80.3s
[Epoch 356] train_loss=0.0023 | train_psnr=33.22 dB | val_loss=0.0020 | val_psnr=29.21 dB | time=76.4s
[Epoch 357] train_loss=0.0023 | train_psnr=33.30 dB | val_loss=0.0020 | val_psnr=29.21 dB | time=72.0s
[Epoch 358] train_loss=0.0023 | train_psnr=33.34 dB | val_loss=0.0020 | val_psnr=29.21 dB | time=73.1s
[Epoch 359] train_loss=0.0023 | train_psnr=33.35 dB | val_loss=0.0020 | val_psnr=29.21 dB | time=76.4s
[Epoch 360] train_loss=0.0022 | train_psnr=33.43 dB | val_loss=0.0020 | val_psnr=29.21 dB | time=81.5s
[Epoch 361] train_loss=0.0021 | train_psnr=33.28 dB | val_loss=0.0020 | val_psnr=29.21 dB | time=80.4s
[Epoch 362] train_loss=0.0022 | train_psnr=33.29 dB | val_loss=0.0020 | val_psnr=29.21 dB | time=77.0s
[Epoch 363] train_loss=0.0023 | train_psnr=33.34 dB | val_loss=0.0020 | val_psnr=29.21 dB | time=71.0s
[Epoch 364] train_loss=0.0022 | train_psnr=33.33 dB | val_loss=0.0020 | val_psnr=29.21 dB | time=68.4s
[Epoch 365] train_loss=0.0022 | train_psnr=33.29 dB | val_loss=0.0020 | val_psnr=29.21 dB | time=71.2s
[Epoch 366] train_loss=0.0022 | train_psnr=33.36 dB | val_loss=0.0020 | val_psnr=29.21 dB | time=76.4s
[Epoch 367] train_loss=0.0023 | train_psnr=33.11 dB | val_loss=0.0020 | val_psnr=29.21 dB | time=75.5s
[Epoch 368] train_loss=0.0023 | train_psnr=33.14 dB | val_loss=0.0020 | val_psnr=29.21 dB | time=75.1s
[Epoch 369] train_loss=0.0023 | train_psnr=33.31 dB | val_loss=0.0020 | val_psnr=29.21 dB | time=74.6s
[Epoch 370] train_loss=0.0023 | train_psnr=33.39 dB | val_loss=0.0020 | val_psnr=29.21 dB | time=66.8s
[Epoch 371] train_loss=0.0023 | train_psnr=33.15 dB | val_loss=0.0020 | val_psnr=29.21 dB | time=75.4s
[Epoch 372] train_loss=0.0024 | train_psnr=32.87 dB | val_loss=0.0020 | val_psnr=29.21 dB | time=74.9s
[Epoch 373] train_loss=0.0023 | train_psnr=33.27 dB | val_loss=0.0020 | val_psnr=29.21 dB | time=75.8s
[Epoch 374] train_loss=0.0022 | train_psnr=33.18 dB | val_loss=0.0020 | val_psnr=29.21 dB | time=74.3s
[Epoch 375] train_loss=0.0023 | train_psnr=33.09 dB | val_loss=0.0020 | val_psnr=29.21 dB | time=72.7s
[Epoch 376] train_loss=0.0022 | train_psnr=33.32 dB | val_loss=0.0020 | val_psnr=29.21 dB | time=72.4s
[Epoch 377] train_loss=0.0023 | train_psnr=33.18 dB | val_loss=0.0020 | val_psnr=29.21 dB | time=76.2s
[Epoch 378] train_loss=0.0022 | train_psnr=33.23 dB | val_loss=0.0020 | val_psnr=29.21 dB | time=79.0s
[Epoch 379] train_loss=0.0023 | train_psnr=33.25 dB | val_loss=0.0020 | val_psnr=29.21 dB | time=78.3s
[Epoch 380] train_loss=0.0023 | train_psnr=33.13 dB | val_loss=0.0020 | val_psnr=29.21 dB | time=73.7s
[Epoch 381] train_loss=0.0023 | train_psnr=33.37 dB | val_loss=0.0020 | val_psnr=29.21 dB | time=69.8s
[Epoch 382] train_loss=0.0023 | train_psnr=33.13 dB | val_loss=0.0020 | val_psnr=29.21 dB | time=70.8s
[Epoch 383] train_loss=0.0023 | train_psnr=33.12 dB | val_loss=0.0020 | val_psnr=29.21 dB | time=74.3s
[Epoch 384] train_loss=0.0022 | train_psnr=33.31 dB | val_loss=0.0020 | val_psnr=29.21 dB | time=75.9s
[Epoch 385] train_loss=0.0022 | train_psnr=33.32 dB | val_loss=0.0020 | val_psnr=29.21 dB | time=77.6s
[Epoch 386] train_loss=0.0022 | train_psnr=33.15 dB | val_loss=0.0020 | val_psnr=29.21 dB | time=72.1s
[Epoch 387] train_loss=0.0023 | train_psnr=33.20 dB | val_loss=0.0020 | val_psnr=29.21 dB | time=71.6s
[Epoch 388] train_loss=0.0023 | train_psnr=33.07 dB | val_loss=0.0020 | val_psnr=29.21 dB | time=74.8s
[Epoch 389] train_loss=0.0023 | train_psnr=33.28 dB | val_loss=0.0020 | val_psnr=29.21 dB | time=76.1s
[Epoch 390] train_loss=0.0023 | train_psnr=33.20 dB | val_loss=0.0020 | val_psnr=29.21 dB | time=77.6s
[Epoch 391] train_loss=0.0023 | train_psnr=33.19 dB | val_loss=0.0020 | val_psnr=29.21 dB | time=77.5s
[Epoch 392] train_loss=0.0024 | train_psnr=33.19 dB | val_loss=0.0020 | val_psnr=29.21 dB | time=70.7s
[Epoch 393] train_loss=0.0023 | train_psnr=33.13 dB | val_loss=0.0020 | val_psnr=29.20 dB | time=72.4s
[Epoch 394] train_loss=0.0022 | train_psnr=33.11 dB | val_loss=0.0020 | val_psnr=29.21 dB | time=72.4s
[Epoch 395] train_loss=0.0022 | train_psnr=33.19 dB | val_loss=0.0020 | val_psnr=29.21 dB | time=75.5s
[Epoch 396] train_loss=0.0023 | train_psnr=33.31 dB | val_loss=0.0020 | val_psnr=29.21 dB | time=77.7s
[Epoch 397] train_loss=0.0023 | train_psnr=33.20 dB | val_loss=0.0020 | val_psnr=29.21 dB | time=78.0s
[Epoch 398] train_loss=0.0022 | train_psnr=33.33 dB | val_loss=0.0020 | val_psnr=29.21 dB | time=78.0s
[Epoch 399] train_loss=0.0022 | train_psnr=33.39 dB | val_loss=0.0020 | val_psnr=29.21 dB | time=70.0s
[Epoch 400] train_loss=0.0022 | train_psnr=33.30 dB | val_loss=0.0020 | val_psnr=29.21 dB | time=70.4s
[Epoch 401] train_loss=0.0022 | train_psnr=33.43 dB | val_loss=0.0020 | val_psnr=29.21 dB | time=73.8s
[Epoch 402] train_loss=0.0022 | train_psnr=33.38 dB | val_loss=0.0020 | val_psnr=29.21 dB | time=76.9s
[Epoch 403] train_loss=0.0023 | train_psnr=33.34 dB | val_loss=0.0020 | val_psnr=29.21 dB | time=74.9s
[Epoch 404] train_loss=0.0022 | train_psnr=33.56 dB | val_loss=0.0020 | val_psnr=29.21 dB | time=74.4s
[Epoch 405] train_loss=0.0023 | train_psnr=33.17 dB | val_loss=0.0020 | val_psnr=29.21 dB | time=76.3s
[Epoch 406] train_loss=0.0021 | train_psnr=33.59 dB | val_loss=0.0020 | val_psnr=29.21 dB | time=75.8s
[Epoch 407] train_loss=0.0023 | train_psnr=33.31 dB | val_loss=0.0020 | val_psnr=29.21 dB | time=76.4s
[Epoch 408] train_loss=0.0022 | train_psnr=33.37 dB | val_loss=0.0020 | val_psnr=29.21 dB | time=80.8s
[Epoch 409] train_loss=0.0023 | train_psnr=33.23 dB | val_loss=0.0020 | val_psnr=29.21 dB | time=75.4s
[Epoch 410] train_loss=0.0023 | train_psnr=33.16 dB | val_loss=0.0020 | val_psnr=29.21 dB | time=72.6s
[Epoch 411] train_loss=0.0023 | train_psnr=33.16 dB | val_loss=0.0020 | val_psnr=29.21 dB | time=75.9s
[Epoch 412] train_loss=0.0022 | train_psnr=33.33 dB | val_loss=0.0020 | val_psnr=29.21 dB | time=76.9s
[Epoch 413] train_loss=0.0022 | train_psnr=33.27 dB | val_loss=0.0020 | val_psnr=29.21 dB | time=77.7s
[Epoch 414] train_loss=0.0023 | train_psnr=33.21 dB | val_loss=0.0020 | val_psnr=29.21 dB | time=75.2s
[Epoch 415] train_loss=0.0023 | train_psnr=33.22 dB | val_loss=0.0020 | val_psnr=29.21 dB | time=72.2s
[Epoch 416] train_loss=0.0023 | train_psnr=33.18 dB | val_loss=0.0020 | val_psnr=29.21 dB | time=75.3s
[Epoch 417] train_loss=0.0022 | train_psnr=33.25 dB | val_loss=0.0020 | val_psnr=29.21 dB | time=71.2s
[Epoch 418] train_loss=0.0023 | train_psnr=33.21 dB | val_loss=0.0020 | val_psnr=29.21 dB | time=75.4s
[Epoch 419] train_loss=0.0023 | train_psnr=33.33 dB | val_loss=0.0020 | val_psnr=29.21 dB | time=77.1s
[Epoch 420] train_loss=0.0023 | train_psnr=33.23 dB | val_loss=0.0020 | val_psnr=29.21 dB | time=75.5s
[Epoch 421] train_loss=0.0023 | train_psnr=33.11 dB | val_loss=0.0020 | val_psnr=29.21 dB | time=77.5s
[Epoch 422] train_loss=0.0023 | train_psnr=33.13 dB | val_loss=0.0020 | val_psnr=29.21 dB | time=79.8s
[Epoch 423] train_loss=0.0023 | train_psnr=33.01 dB | val_loss=0.0020 | val_psnr=29.21 dB | time=73.5s
[Epoch 424] train_loss=0.0022 | train_psnr=33.47 dB | val_loss=0.0020 | val_psnr=29.21 dB | time=74.4s
[Epoch 425] train_loss=0.0022 | train_psnr=33.41 dB | val_loss=0.0020 | val_psnr=29.21 dB | time=74.5s
[Epoch 426] train_loss=0.0022 | train_psnr=33.43 dB | val_loss=0.0020 | val_psnr=29.21 dB | time=78.8s
[Epoch 427] train_loss=0.0022 | train_psnr=33.43 dB | val_loss=0.0020 | val_psnr=29.21 dB | time=76.7s
[Epoch 428] train_loss=0.0023 | train_psnr=33.21 dB | val_loss=0.0020 | val_psnr=29.21 dB | time=73.9s
[Epoch 429] train_loss=0.0023 | train_psnr=33.26 dB | val_loss=0.0020 | val_psnr=29.21 dB | time=75.6s
[Epoch 430] train_loss=0.0022 | train_psnr=33.27 dB | val_loss=0.0020 | val_psnr=29.21 dB | time=74.6s
[Epoch 431] train_loss=0.0024 | train_psnr=33.09 dB | val_loss=0.0020 | val_psnr=29.21 dB | time=73.8s
[Epoch 432] train_loss=0.0023 | train_psnr=33.23 dB | val_loss=0.0020 | val_psnr=29.21 dB | time=77.7s
[Epoch 433] train_loss=0.0023 | train_psnr=33.36 dB | val_loss=0.0020 | val_psnr=29.21 dB | time=78.6s
[Epoch 434] train_loss=0.0022 | train_psnr=33.28 dB | val_loss=0.0020 | val_psnr=29.21 dB | time=72.7s
[Epoch 435] train_loss=0.0022 | train_psnr=33.32 dB | val_loss=0.0020 | val_psnr=29.21 dB | time=68.5s
[Epoch 436] train_loss=0.0022 | train_psnr=33.22 dB | val_loss=0.0020 | val_psnr=29.21 dB | time=60.8s
[Epoch 437] train_loss=0.0022 | train_psnr=33.28 dB | val_loss=0.0020 | val_psnr=29.21 dB | time=60.5s
[Epoch 438] train_loss=0.0022 | train_psnr=33.28 dB | val_loss=0.0020 | val_psnr=29.21 dB | time=63.7s
[Epoch 439] train_loss=0.0022 | train_psnr=33.44 dB | val_loss=0.0020 | val_psnr=29.21 dB | time=63.7s
[Epoch 440] train_loss=0.0023 | train_psnr=33.18 dB | val_loss=0.0020 | val_psnr=29.21 dB | time=62.4s
[Epoch 441] train_loss=0.0023 | train_psnr=33.27 dB | val_loss=0.0020 | val_psnr=29.21 dB | time=60.7s
[Epoch 442] train_loss=0.0022 | train_psnr=33.22 dB | val_loss=0.0020 | val_psnr=29.21 dB | time=59.6s
[Epoch 443] train_loss=0.0022 | train_psnr=33.48 dB | val_loss=0.0020 | val_psnr=29.21 dB | time=63.5s
[Epoch 444] train_loss=0.0023 | train_psnr=33.28 dB | val_loss=0.0020 | val_psnr=29.21 dB | time=66.4s
[Epoch 445] train_loss=0.0023 | train_psnr=33.24 dB | val_loss=0.0020 | val_psnr=29.21 dB | time=63.9s
[Epoch 446] train_loss=0.0024 | train_psnr=32.97 dB | val_loss=0.0020 | val_psnr=29.21 dB | time=58.7s
[Epoch 447] train_loss=0.0023 | train_psnr=33.39 dB | val_loss=0.0020 | val_psnr=29.21 dB | time=58.8s
[Epoch 448] train_loss=0.0023 | train_psnr=33.07 dB | val_loss=0.0020 | val_psnr=29.21 dB | time=65.5s
[Epoch 449] train_loss=0.0022 | train_psnr=33.40 dB | val_loss=0.0020 | val_psnr=29.21 dB | time=65.0s
[Epoch 450] train_loss=0.0022 | train_psnr=33.28 dB | val_loss=0.0020 | val_psnr=29.21 dB | time=62.7s
[Epoch 451] train_loss=0.0023 | train_psnr=33.28 dB | val_loss=0.0020 | val_psnr=29.21 dB | time=59.2s
[Epoch 452] train_loss=0.0023 | train_psnr=33.32 dB | val_loss=0.0020 | val_psnr=29.21 dB | time=64.7s
[Epoch 453] train_loss=0.0022 | train_psnr=33.38 dB | val_loss=0.0020 | val_psnr=29.21 dB | time=66.4s
[Epoch 454] train_loss=0.0022 | train_psnr=33.43 dB | val_loss=0.0020 | val_psnr=29.21 dB | time=63.4s
[Epoch 455] train_loss=0.0023 | train_psnr=33.08 dB | val_loss=0.0020 | val_psnr=29.21 dB | time=62.0s
[Epoch 456] train_loss=0.0023 | train_psnr=33.30 dB | val_loss=0.0020 | val_psnr=29.21 dB | time=61.5s
[Epoch 457] train_loss=0.0023 | train_psnr=33.23 dB | val_loss=0.0020 | val_psnr=29.21 dB | time=59.0s
[Epoch 458] train_loss=0.0023 | train_psnr=33.10 dB | val_loss=0.0020 | val_psnr=29.21 dB | time=66.0s
[Epoch 459] train_loss=0.0022 | train_psnr=33.48 dB | val_loss=0.0020 | val_psnr=29.21 dB | time=66.5s
[Epoch 460] train_loss=0.0022 | train_psnr=33.46 dB | val_loss=0.0020 | val_psnr=29.21 dB | time=63.5s
[Epoch 461] train_loss=0.0022 | train_psnr=33.29 dB | val_loss=0.0020 | val_psnr=29.21 dB | time=59.7s
[Epoch 462] train_loss=0.0022 | train_psnr=33.14 dB | val_loss=0.0020 | val_psnr=29.21 dB | time=62.3s
[Epoch 463] train_loss=0.0023 | train_psnr=33.26 dB | val_loss=0.0020 | val_psnr=29.21 dB | time=63.3s
[Epoch 464] train_loss=0.0023 | train_psnr=33.11 dB | val_loss=0.0020 | val_psnr=29.21 dB | time=66.3s
[Epoch 465] train_loss=0.0023 | train_psnr=33.31 dB | val_loss=0.0020 | val_psnr=29.21 dB | time=63.8s
[Epoch 466] train_loss=0.0023 | train_psnr=33.27 dB | val_loss=0.0020 | val_psnr=29.21 dB | time=59.4s
[Epoch 467] train_loss=0.0022 | train_psnr=33.26 dB | val_loss=0.0020 | val_psnr=29.21 dB | time=60.9s
[Epoch 468] train_loss=0.0022 | train_psnr=33.59 dB | val_loss=0.0020 | val_psnr=29.21 dB | time=61.5s
[Epoch 469] train_loss=0.0023 | train_psnr=33.22 dB | val_loss=0.0020 | val_psnr=29.21 dB | time=63.7s
[Epoch 470] train_loss=0.0022 | train_psnr=33.32 dB | val_loss=0.0020 | val_psnr=29.21 dB | time=58.6s
[Epoch 471] train_loss=0.0022 | train_psnr=33.38 dB | val_loss=0.0020 | val_psnr=29.21 dB | time=60.4s
[Epoch 472] train_loss=0.0023 | train_psnr=33.15 dB | val_loss=0.0020 | val_psnr=29.21 dB | time=63.0s
[Epoch 473] train_loss=0.0023 | train_psnr=33.37 dB | val_loss=0.0020 | val_psnr=29.21 dB | time=67.3s
[Epoch 474] train_loss=0.0023 | train_psnr=33.31 dB | val_loss=0.0020 | val_psnr=29.21 dB | time=63.7s
[Epoch 475] train_loss=0.0022 | train_psnr=33.30 dB | val_loss=0.0020 | val_psnr=29.21 dB | time=62.6s
[Epoch 476] train_loss=0.0022 | train_psnr=33.37 dB | val_loss=0.0020 | val_psnr=29.21 dB | time=59.9s
[Epoch 477] train_loss=0.0023 | train_psnr=33.22 dB | val_loss=0.0020 | val_psnr=29.21 dB | time=62.6s
[Epoch 478] train_loss=0.0022 | train_psnr=33.34 dB | val_loss=0.0020 | val_psnr=29.21 dB | time=61.0s
[Epoch 479] train_loss=0.0023 | train_psnr=33.23 dB | val_loss=0.0020 | val_psnr=29.21 dB | time=62.4s
[Epoch 480] train_loss=0.0022 | train_psnr=33.48 dB | val_loss=0.0020 | val_psnr=29.21 dB | time=64.5s
[Epoch 481] train_loss=0.0023 | train_psnr=33.03 dB | val_loss=0.0020 | val_psnr=29.21 dB | time=61.0s
[Epoch 482] train_loss=0.0023 | train_psnr=33.12 dB | val_loss=0.0020 | val_psnr=29.21 dB | time=61.5s
[Epoch 483] train_loss=0.0022 | train_psnr=33.27 dB | val_loss=0.0020 | val_psnr=29.21 dB | time=62.6s
[Epoch 484] train_loss=0.0023 | train_psnr=33.35 dB | val_loss=0.0020 | val_psnr=29.21 dB | time=65.7s
[Epoch 485] train_loss=0.0023 | train_psnr=33.09 dB | val_loss=0.0020 | val_psnr=29.21 dB | time=64.3s
[Epoch 486] train_loss=0.0023 | train_psnr=33.17 dB | val_loss=0.0020 | val_psnr=29.21 dB | time=62.4s
[Epoch 487] train_loss=0.0023 | train_psnr=33.41 dB | val_loss=0.0020 | val_psnr=29.21 dB | time=62.7s
[Epoch 488] train_loss=0.0023 | train_psnr=33.30 dB | val_loss=0.0020 | val_psnr=29.21 dB | time=63.5s
[Epoch 489] train_loss=0.0023 | train_psnr=33.23 dB | val_loss=0.0020 | val_psnr=29.21 dB | time=63.8s
[Epoch 490] train_loss=0.0024 | train_psnr=33.00 dB | val_loss=0.0020 | val_psnr=29.21 dB | time=63.5s
[Epoch 491] train_loss=0.0023 | train_psnr=33.35 dB | val_loss=0.0020 | val_psnr=29.21 dB | time=61.6s
[Epoch 492] train_loss=0.0022 | train_psnr=33.37 dB | val_loss=0.0020 | val_psnr=29.21 dB | time=59.3s
[Epoch 493] train_loss=0.0023 | train_psnr=33.26 dB | val_loss=0.0020 | val_psnr=29.21 dB | time=60.9s
[Epoch 494] train_loss=0.0022 | train_psnr=33.37 dB | val_loss=0.0020 | val_psnr=29.21 dB | time=63.8s
[Epoch 495] train_loss=0.0022 | train_psnr=33.37 dB | val_loss=0.0020 | val_psnr=29.21 dB | time=65.3s
[Epoch 496] train_loss=0.0023 | train_psnr=33.22 dB | val_loss=0.0020 | val_psnr=29.21 dB | time=60.1s
[Epoch 497] train_loss=0.0021 | train_psnr=33.45 dB | val_loss=0.0020 | val_psnr=29.21 dB | time=59.1s
[Epoch 498] train_loss=0.0023 | train_psnr=33.29 dB | val_loss=0.0020 | val_psnr=29.21 dB | time=63.8s
[Epoch 499] train_loss=0.0023 | train_psnr=33.22 dB | val_loss=0.0020 | val_psnr=29.21 dB | time=64.9s
[Epoch 500] train_loss=0.0023 | train_psnr=33.24 dB | val_loss=0.0020 | val_psnr=29.21 dB | time=62.2s

Best PSNR: 29.21 dB
Training complete. Metrics plot saved to experiments/fsrcnn_x3/metrics.png
