====================
Model: FSRCNN
Scale: x4
Epochs: 500
Batch Size: 16
Patch Size: 96
LR: 1e-4
Optimizer: Adam
Criterion: MSE
Wandb Project: FSRCNN_X4
====================
[Epoch 001] train_loss=0.0614 | train_psnr=18.85 dB | val_loss=0.0164 | val_psnr=21.66 dB | time=68.0s
[Epoch 002] train_loss=0.0200 | train_psnr=23.38 dB | val_loss=0.0100 | val_psnr=22.36 dB | time=68.0s
[Epoch 003] train_loss=0.0124 | train_psnr=24.37 dB | val_loss=0.0079 | val_psnr=23.28 dB | time=66.1s
[Epoch 004] train_loss=0.0095 | train_psnr=25.63 dB | val_loss=0.0072 | val_psnr=23.77 dB | time=59.1s
[Epoch 005] train_loss=0.0086 | train_psnr=26.07 dB | val_loss=0.0066 | val_psnr=24.14 dB | time=68.7s
[Epoch 006] train_loss=0.0080 | train_psnr=26.58 dB | val_loss=0.0063 | val_psnr=24.41 dB | time=73.3s
[Epoch 007] train_loss=0.0075 | train_psnr=26.94 dB | val_loss=0.0059 | val_psnr=24.72 dB | time=66.6s
[Epoch 008] train_loss=0.0070 | train_psnr=27.31 dB | val_loss=0.0057 | val_psnr=24.86 dB | time=69.1s
[Epoch 009] train_loss=0.0070 | train_psnr=27.21 dB | val_loss=0.0055 | val_psnr=25.04 dB | time=72.9s
[Epoch 010] train_loss=0.0065 | train_psnr=27.49 dB | val_loss=0.0054 | val_psnr=25.09 dB | time=70.1s
[Epoch 011] train_loss=0.0063 | train_psnr=27.54 dB | val_loss=0.0050 | val_psnr=25.41 dB | time=64.7s
[Epoch 012] train_loss=0.0056 | train_psnr=27.92 dB | val_loss=0.0042 | val_psnr=25.90 dB | time=67.3s
[Epoch 013] train_loss=0.0052 | train_psnr=28.39 dB | val_loss=0.0040 | val_psnr=26.04 dB | time=70.3s
[Epoch 014] train_loss=0.0051 | train_psnr=28.49 dB | val_loss=0.0039 | val_psnr=26.24 dB | time=68.3s
[Epoch 015] train_loss=0.0050 | train_psnr=28.70 dB | val_loss=0.0038 | val_psnr=26.37 dB | time=64.5s
[Epoch 016] train_loss=0.0047 | train_psnr=29.09 dB | val_loss=0.0037 | val_psnr=26.43 dB | time=66.9s
[Epoch 017] train_loss=0.0045 | train_psnr=29.08 dB | val_loss=0.0037 | val_psnr=26.51 dB | time=71.5s
[Epoch 018] train_loss=0.0045 | train_psnr=29.20 dB | val_loss=0.0036 | val_psnr=26.60 dB | time=70.6s
[Epoch 019] train_loss=0.0043 | train_psnr=29.23 dB | val_loss=0.0035 | val_psnr=26.67 dB | time=60.9s
[Epoch 020] train_loss=0.0044 | train_psnr=29.28 dB | val_loss=0.0035 | val_psnr=26.52 dB | time=70.9s
[Epoch 021] train_loss=0.0043 | train_psnr=29.50 dB | val_loss=0.0034 | val_psnr=26.79 dB | time=66.7s
[Epoch 022] train_loss=0.0042 | train_psnr=29.55 dB | val_loss=0.0034 | val_psnr=26.81 dB | time=59.0s
[Epoch 023] train_loss=0.0043 | train_psnr=29.51 dB | val_loss=0.0034 | val_psnr=26.91 dB | time=67.4s
[Epoch 024] train_loss=0.0041 | train_psnr=29.89 dB | val_loss=0.0034 | val_psnr=26.95 dB | time=58.8s
[Epoch 025] train_loss=0.0041 | train_psnr=29.41 dB | val_loss=0.0033 | val_psnr=27.00 dB | time=65.0s
[Epoch 026] train_loss=0.0039 | train_psnr=29.97 dB | val_loss=0.0033 | val_psnr=27.02 dB | time=69.7s
[Epoch 027] train_loss=0.0041 | train_psnr=29.86 dB | val_loss=0.0033 | val_psnr=27.04 dB | time=67.7s
[Epoch 028] train_loss=0.0039 | train_psnr=29.88 dB | val_loss=0.0033 | val_psnr=27.05 dB | time=58.8s
[Epoch 029] train_loss=0.0038 | train_psnr=30.11 dB | val_loss=0.0032 | val_psnr=27.10 dB | time=66.9s
[Epoch 030] train_loss=0.0038 | train_psnr=30.17 dB | val_loss=0.0032 | val_psnr=27.11 dB | time=69.2s
[Epoch 031] train_loss=0.0039 | train_psnr=30.08 dB | val_loss=0.0034 | val_psnr=26.75 dB | time=64.2s
[Epoch 032] train_loss=0.0038 | train_psnr=29.96 dB | val_loss=0.0032 | val_psnr=27.15 dB | time=65.1s
[Epoch 033] train_loss=0.0037 | train_psnr=30.34 dB | val_loss=0.0032 | val_psnr=27.17 dB | time=68.2s
[Epoch 034] train_loss=0.0040 | train_psnr=29.95 dB | val_loss=0.0032 | val_psnr=27.17 dB | time=63.2s
[Epoch 035] train_loss=0.0038 | train_psnr=30.34 dB | val_loss=0.0032 | val_psnr=27.15 dB | time=62.9s
[Epoch 036] train_loss=0.0039 | train_psnr=29.90 dB | val_loss=0.0031 | val_psnr=27.19 dB | time=68.1s
[Epoch 037] train_loss=0.0038 | train_psnr=30.27 dB | val_loss=0.0031 | val_psnr=27.18 dB | time=63.5s
[Epoch 038] train_loss=0.0037 | train_psnr=30.34 dB | val_loss=0.0031 | val_psnr=27.16 dB | time=62.0s
[Epoch 039] train_loss=0.0036 | train_psnr=30.28 dB | val_loss=0.0031 | val_psnr=27.21 dB | time=68.8s
[Epoch 040] train_loss=0.0035 | train_psnr=30.54 dB | val_loss=0.0031 | val_psnr=27.24 dB | time=71.7s
[Epoch 041] train_loss=0.0037 | train_psnr=30.24 dB | val_loss=0.0031 | val_psnr=27.24 dB | time=62.4s
[Epoch 042] train_loss=0.0037 | train_psnr=30.36 dB | val_loss=0.0031 | val_psnr=27.18 dB | time=62.7s
[Epoch 043] train_loss=0.0036 | train_psnr=30.55 dB | val_loss=0.0031 | val_psnr=27.26 dB | time=68.7s
[Epoch 044] train_loss=0.0037 | train_psnr=30.54 dB | val_loss=0.0031 | val_psnr=27.23 dB | time=68.0s
[Epoch 045] train_loss=0.0036 | train_psnr=30.34 dB | val_loss=0.0032 | val_psnr=27.17 dB | time=62.4s
[Epoch 046] train_loss=0.0035 | train_psnr=30.57 dB | val_loss=0.0032 | val_psnr=27.28 dB | time=69.5s
[Epoch 047] train_loss=0.0036 | train_psnr=30.50 dB | val_loss=0.0031 | val_psnr=27.25 dB | time=63.5s
[Epoch 048] train_loss=0.0035 | train_psnr=30.71 dB | val_loss=0.0031 | val_psnr=27.29 dB | time=62.3s
[Epoch 049] train_loss=0.0036 | train_psnr=30.66 dB | val_loss=0.0031 | val_psnr=27.30 dB | time=66.4s
[Epoch 050] train_loss=0.0035 | train_psnr=30.55 dB | val_loss=0.0031 | val_psnr=27.16 dB | time=69.0s
[Epoch 051] train_loss=0.0035 | train_psnr=30.58 dB | val_loss=0.0030 | val_psnr=27.31 dB | time=62.9s
[Epoch 052] train_loss=0.0036 | train_psnr=30.55 dB | val_loss=0.0030 | val_psnr=27.30 dB | time=60.8s
[Epoch 053] train_loss=0.0036 | train_psnr=30.48 dB | val_loss=0.0031 | val_psnr=27.23 dB | time=73.3s
[Epoch 054] train_loss=0.0036 | train_psnr=30.45 dB | val_loss=0.0030 | val_psnr=27.32 dB | time=68.7s
[Epoch 055] train_loss=0.0035 | train_psnr=30.57 dB | val_loss=0.0035 | val_psnr=27.05 dB | time=62.6s
[Epoch 056] train_loss=0.0035 | train_psnr=30.50 dB | val_loss=0.0030 | val_psnr=27.26 dB | time=64.2s
[Epoch 057] train_loss=0.0035 | train_psnr=30.69 dB | val_loss=0.0030 | val_psnr=27.30 dB | time=71.8s
[Epoch 058] train_loss=0.0035 | train_psnr=30.70 dB | val_loss=0.0030 | val_psnr=27.33 dB | time=68.5s
[Epoch 059] train_loss=0.0035 | train_psnr=30.67 dB | val_loss=0.0030 | val_psnr=27.33 dB | time=65.6s
[Epoch 060] train_loss=0.0035 | train_psnr=30.33 dB | val_loss=0.0030 | val_psnr=27.34 dB | time=68.7s
[Epoch 061] train_loss=0.0035 | train_psnr=30.84 dB | val_loss=0.0030 | val_psnr=27.35 dB | time=68.2s
[Epoch 062] train_loss=0.0036 | train_psnr=30.69 dB | val_loss=0.0030 | val_psnr=27.34 dB | time=61.7s
[Epoch 063] train_loss=0.0035 | train_psnr=30.71 dB | val_loss=0.0030 | val_psnr=27.31 dB | time=63.3s
[Epoch 064] train_loss=0.0035 | train_psnr=30.82 dB | val_loss=0.0030 | val_psnr=27.36 dB | time=69.1s
[Epoch 065] train_loss=0.0036 | train_psnr=30.83 dB | val_loss=0.0030 | val_psnr=27.32 dB | time=64.0s
[Epoch 066] train_loss=0.0035 | train_psnr=30.96 dB | val_loss=0.0030 | val_psnr=27.36 dB | time=58.3s
[Epoch 067] train_loss=0.0035 | train_psnr=30.74 dB | val_loss=0.0030 | val_psnr=27.37 dB | time=66.7s
[Epoch 068] train_loss=0.0035 | train_psnr=30.71 dB | val_loss=0.0030 | val_psnr=27.36 dB | time=71.4s
[Epoch 069] train_loss=0.0035 | train_psnr=30.61 dB | val_loss=0.0030 | val_psnr=27.37 dB | time=62.3s
[Epoch 070] train_loss=0.0034 | train_psnr=30.75 dB | val_loss=0.0030 | val_psnr=27.35 dB | time=66.9s
[Epoch 071] train_loss=0.0034 | train_psnr=30.87 dB | val_loss=0.0030 | val_psnr=27.36 dB | time=72.1s
[Epoch 072] train_loss=0.0034 | train_psnr=31.00 dB | val_loss=0.0030 | val_psnr=27.36 dB | time=68.3s
[Epoch 073] train_loss=0.0034 | train_psnr=30.66 dB | val_loss=0.0030 | val_psnr=27.34 dB | time=59.7s
[Epoch 074] train_loss=0.0036 | train_psnr=30.49 dB | val_loss=0.0030 | val_psnr=27.38 dB | time=64.6s
[Epoch 075] train_loss=0.0033 | train_psnr=31.14 dB | val_loss=0.0030 | val_psnr=27.38 dB | time=65.4s
[Epoch 076] train_loss=0.0035 | train_psnr=30.62 dB | val_loss=0.0030 | val_psnr=27.32 dB | time=62.8s
[Epoch 077] train_loss=0.0034 | train_psnr=30.88 dB | val_loss=0.0030 | val_psnr=27.38 dB | time=67.1s
[Epoch 078] train_loss=0.0032 | train_psnr=31.13 dB | val_loss=0.0030 | val_psnr=27.39 dB | time=70.7s
[Epoch 079] train_loss=0.0035 | train_psnr=30.70 dB | val_loss=0.0030 | val_psnr=27.36 dB | time=66.9s
[Epoch 080] train_loss=0.0034 | train_psnr=30.83 dB | val_loss=0.0030 | val_psnr=27.30 dB | time=64.2s
[Epoch 081] train_loss=0.0033 | train_psnr=30.79 dB | val_loss=0.0030 | val_psnr=27.37 dB | time=65.8s
[Epoch 082] train_loss=0.0034 | train_psnr=31.12 dB | val_loss=0.0030 | val_psnr=27.39 dB | time=67.9s
[Epoch 083] train_loss=0.0033 | train_psnr=31.09 dB | val_loss=0.0030 | val_psnr=27.38 dB | time=59.3s
[Epoch 084] train_loss=0.0033 | train_psnr=30.97 dB | val_loss=0.0030 | val_psnr=27.40 dB | time=58.0s
[Epoch 085] train_loss=0.0036 | train_psnr=30.50 dB | val_loss=0.0030 | val_psnr=27.39 dB | time=66.5s
[Epoch 086] train_loss=0.0033 | train_psnr=31.11 dB | val_loss=0.0030 | val_psnr=27.40 dB | time=60.8s
[Epoch 087] train_loss=0.0034 | train_psnr=31.05 dB | val_loss=0.0030 | val_psnr=27.40 dB | time=59.6s
[Epoch 088] train_loss=0.0033 | train_psnr=31.00 dB | val_loss=0.0030 | val_psnr=27.38 dB | time=61.9s
[Epoch 089] train_loss=0.0034 | train_psnr=30.61 dB | val_loss=0.0030 | val_psnr=27.40 dB | time=57.1s
[Epoch 090] train_loss=0.0035 | train_psnr=31.06 dB | val_loss=0.0030 | val_psnr=27.41 dB | time=61.3s
[Epoch 091] train_loss=0.0033 | train_psnr=31.03 dB | val_loss=0.0030 | val_psnr=27.40 dB | time=67.0s
[Epoch 092] train_loss=0.0034 | train_psnr=30.98 dB | val_loss=0.0030 | val_psnr=27.39 dB | time=58.1s
[Epoch 093] train_loss=0.0032 | train_psnr=31.15 dB | val_loss=0.0030 | val_psnr=27.39 dB | time=59.5s
[Epoch 094] train_loss=0.0034 | train_psnr=30.88 dB | val_loss=0.0030 | val_psnr=27.38 dB | time=60.3s
[Epoch 095] train_loss=0.0034 | train_psnr=30.77 dB | val_loss=0.0030 | val_psnr=27.07 dB | time=56.8s
[Epoch 096] train_loss=0.0033 | train_psnr=30.93 dB | val_loss=0.0029 | val_psnr=27.41 dB | time=65.6s
[Epoch 097] train_loss=0.0033 | train_psnr=30.75 dB | val_loss=0.0029 | val_psnr=27.40 dB | time=64.7s
[Epoch 098] train_loss=0.0034 | train_psnr=30.91 dB | val_loss=0.0030 | val_psnr=27.40 dB | time=54.7s
[Epoch 099] train_loss=0.0034 | train_psnr=30.94 dB | val_loss=0.0030 | val_psnr=27.41 dB | time=64.0s
[Epoch 100] train_loss=0.0033 | train_psnr=31.14 dB | val_loss=0.0029 | val_psnr=27.41 dB | time=59.9s
[Epoch 101] train_loss=0.0032 | train_psnr=31.05 dB | val_loss=0.0030 | val_psnr=27.38 dB | time=60.1s
[Epoch 102] train_loss=0.0033 | train_psnr=31.02 dB | val_loss=0.0030 | val_psnr=27.21 dB | time=65.0s
[Epoch 103] train_loss=0.0033 | train_psnr=30.73 dB | val_loss=0.0029 | val_psnr=27.41 dB | time=59.1s
[Epoch 104] train_loss=0.0034 | train_psnr=30.77 dB | val_loss=0.0029 | val_psnr=27.39 dB | time=62.8s
[Epoch 105] train_loss=0.0034 | train_psnr=31.03 dB | val_loss=0.0030 | val_psnr=27.39 dB | time=69.3s
[Epoch 106] train_loss=0.0034 | train_psnr=30.84 dB | val_loss=0.0030 | val_psnr=27.40 dB | time=70.4s
[Epoch 107] train_loss=0.0033 | train_psnr=31.08 dB | val_loss=0.0029 | val_psnr=27.43 dB | time=58.8s
[Epoch 108] train_loss=0.0033 | train_psnr=30.96 dB | val_loss=0.0029 | val_psnr=27.34 dB | time=65.9s
[Epoch 109] train_loss=0.0032 | train_psnr=30.95 dB | val_loss=0.0029 | val_psnr=27.41 dB | time=68.0s
[Epoch 110] train_loss=0.0033 | train_psnr=31.07 dB | val_loss=0.0029 | val_psnr=27.41 dB | time=60.9s
[Epoch 111] train_loss=0.0033 | train_psnr=31.02 dB | val_loss=0.0029 | val_psnr=27.36 dB | time=61.3s
[Epoch 112] train_loss=0.0033 | train_psnr=30.78 dB | val_loss=0.0029 | val_psnr=27.40 dB | time=64.4s
[Epoch 113] train_loss=0.0033 | train_psnr=30.85 dB | val_loss=0.0029 | val_psnr=27.43 dB | time=58.1s
[Epoch 114] train_loss=0.0032 | train_psnr=31.09 dB | val_loss=0.0029 | val_psnr=27.43 dB | time=60.5s
[Epoch 115] train_loss=0.0033 | train_psnr=30.84 dB | val_loss=0.0029 | val_psnr=27.43 dB | time=66.7s
[Epoch 116] train_loss=0.0032 | train_psnr=31.44 dB | val_loss=0.0029 | val_psnr=27.40 dB | time=59.0s
[Epoch 117] train_loss=0.0033 | train_psnr=31.28 dB | val_loss=0.0029 | val_psnr=27.43 dB | time=62.0s
[Epoch 118] train_loss=0.0033 | train_psnr=31.18 dB | val_loss=0.0029 | val_psnr=27.43 dB | time=67.5s
[Epoch 119] train_loss=0.0033 | train_psnr=30.89 dB | val_loss=0.0029 | val_psnr=27.44 dB | time=59.9s
[Epoch 120] train_loss=0.0035 | train_psnr=30.68 dB | val_loss=0.0029 | val_psnr=27.41 dB | time=60.5s
[Epoch 121] train_loss=0.0032 | train_psnr=31.28 dB | val_loss=0.0029 | val_psnr=27.43 dB | time=64.5s
[Epoch 122] train_loss=0.0032 | train_psnr=31.30 dB | val_loss=0.0029 | val_psnr=27.43 dB | time=58.9s
[Epoch 123] train_loss=0.0033 | train_psnr=31.06 dB | val_loss=0.0029 | val_psnr=27.43 dB | time=62.7s
[Epoch 124] train_loss=0.0032 | train_psnr=31.21 dB | val_loss=0.0029 | val_psnr=27.44 dB | time=64.1s
[Epoch 125] train_loss=0.0033 | train_psnr=31.24 dB | val_loss=0.0030 | val_psnr=27.29 dB | time=59.4s
[Epoch 126] train_loss=0.0033 | train_psnr=30.97 dB | val_loss=0.0031 | val_psnr=27.37 dB | time=61.6s
[Epoch 127] train_loss=0.0033 | train_psnr=31.11 dB | val_loss=0.0029 | val_psnr=27.42 dB | time=62.5s
[Epoch 128] train_loss=0.0032 | train_psnr=31.29 dB | val_loss=0.0029 | val_psnr=27.44 dB | time=58.1s
[Epoch 129] train_loss=0.0032 | train_psnr=31.29 dB | val_loss=0.0029 | val_psnr=27.38 dB | time=64.7s
[Epoch 130] train_loss=0.0032 | train_psnr=31.25 dB | val_loss=0.0029 | val_psnr=27.44 dB | time=65.1s
[Epoch 131] train_loss=0.0032 | train_psnr=31.21 dB | val_loss=0.0029 | val_psnr=27.44 dB | time=56.2s
[Epoch 132] train_loss=0.0033 | train_psnr=31.10 dB | val_loss=0.0029 | val_psnr=27.41 dB | time=63.5s
[Epoch 133] train_loss=0.0033 | train_psnr=31.13 dB | val_loss=0.0029 | val_psnr=27.34 dB | time=60.5s
[Epoch 134] train_loss=0.0033 | train_psnr=31.05 dB | val_loss=0.0029 | val_psnr=27.44 dB | time=58.1s
[Epoch 135] train_loss=0.0031 | train_psnr=31.59 dB | val_loss=0.0029 | val_psnr=27.44 dB | time=65.8s
[Epoch 136] train_loss=0.0033 | train_psnr=31.30 dB | val_loss=0.0029 | val_psnr=27.45 dB | time=63.1s
[Epoch 137] train_loss=0.0031 | train_psnr=31.54 dB | val_loss=0.0029 | val_psnr=27.45 dB | time=61.1s
[Epoch 138] train_loss=0.0031 | train_psnr=31.44 dB | val_loss=0.0029 | val_psnr=27.45 dB | time=66.0s
[Epoch 139] train_loss=0.0033 | train_psnr=31.22 dB | val_loss=0.0029 | val_psnr=27.45 dB | time=64.9s
[Epoch 140] train_loss=0.0031 | train_psnr=31.44 dB | val_loss=0.0029 | val_psnr=27.45 dB | time=66.0s
[Epoch 141] train_loss=0.0031 | train_psnr=31.43 dB | val_loss=0.0029 | val_psnr=27.45 dB | time=65.2s
[Epoch 142] train_loss=0.0032 | train_psnr=31.27 dB | val_loss=0.0029 | val_psnr=27.45 dB | time=64.6s
[Epoch 143] train_loss=0.0032 | train_psnr=31.57 dB | val_loss=0.0029 | val_psnr=27.46 dB | time=59.4s
[Epoch 144] train_loss=0.0032 | train_psnr=31.41 dB | val_loss=0.0029 | val_psnr=27.44 dB | time=61.9s
[Epoch 145] train_loss=0.0032 | train_psnr=30.98 dB | val_loss=0.0030 | val_psnr=27.11 dB | time=70.2s
[Epoch 146] train_loss=0.0033 | train_psnr=31.29 dB | val_loss=0.0029 | val_psnr=27.45 dB | time=64.3s
[Epoch 147] train_loss=0.0032 | train_psnr=31.31 dB | val_loss=0.0029 | val_psnr=27.46 dB | time=59.3s
[Epoch 148] train_loss=0.0031 | train_psnr=31.35 dB | val_loss=0.0029 | val_psnr=27.45 dB | time=60.9s
[Epoch 149] train_loss=0.0033 | train_psnr=31.17 dB | val_loss=0.0029 | val_psnr=27.45 dB | time=60.6s
[Epoch 150] train_loss=0.0034 | train_psnr=31.11 dB | val_loss=0.0029 | val_psnr=27.46 dB | time=63.4s
[Epoch 151] train_loss=0.0033 | train_psnr=31.16 dB | val_loss=0.0029 | val_psnr=27.45 dB | time=67.5s
[Epoch 152] train_loss=0.0031 | train_psnr=31.62 dB | val_loss=0.0029 | val_psnr=27.46 dB | time=61.8s
[Epoch 153] train_loss=0.0030 | train_psnr=31.67 dB | val_loss=0.0029 | val_psnr=27.45 dB | time=62.8s
[Epoch 154] train_loss=0.0033 | train_psnr=31.11 dB | val_loss=0.0029 | val_psnr=27.46 dB | time=65.9s
[Epoch 155] train_loss=0.0033 | train_psnr=31.24 dB | val_loss=0.0029 | val_psnr=27.46 dB | time=58.3s
[Epoch 156] train_loss=0.0031 | train_psnr=31.65 dB | val_loss=0.0029 | val_psnr=27.46 dB | time=64.4s
[Epoch 157] train_loss=0.0033 | train_psnr=31.19 dB | val_loss=0.0029 | val_psnr=27.45 dB | time=67.7s
[Epoch 158] train_loss=0.0032 | train_psnr=31.39 dB | val_loss=0.0029 | val_psnr=27.46 dB | time=65.7s
[Epoch 159] train_loss=0.0031 | train_psnr=31.39 dB | val_loss=0.0029 | val_psnr=27.46 dB | time=63.2s
[Epoch 160] train_loss=0.0032 | train_psnr=31.54 dB | val_loss=0.0029 | val_psnr=27.46 dB | time=65.9s
[Epoch 161] train_loss=0.0033 | train_psnr=31.07 dB | val_loss=0.0029 | val_psnr=27.46 dB | time=60.5s
[Epoch 162] train_loss=0.0032 | train_psnr=31.36 dB | val_loss=0.0029 | val_psnr=27.46 dB | time=62.3s
[Epoch 163] train_loss=0.0032 | train_psnr=31.47 dB | val_loss=0.0029 | val_psnr=27.46 dB | time=72.1s
[Epoch 164] train_loss=0.0032 | train_psnr=31.53 dB | val_loss=0.0029 | val_psnr=27.46 dB | time=62.0s
[Epoch 165] train_loss=0.0033 | train_psnr=31.23 dB | val_loss=0.0029 | val_psnr=27.46 dB | time=63.3s
[Epoch 166] train_loss=0.0033 | train_psnr=31.13 dB | val_loss=0.0029 | val_psnr=27.46 dB | time=62.2s
[Epoch 167] train_loss=0.0032 | train_psnr=31.43 dB | val_loss=0.0029 | val_psnr=27.46 dB | time=60.5s
[Epoch 168] train_loss=0.0033 | train_psnr=31.37 dB | val_loss=0.0029 | val_psnr=27.46 dB | time=63.3s
[Epoch 169] train_loss=0.0033 | train_psnr=31.27 dB | val_loss=0.0029 | val_psnr=27.46 dB | time=67.6s
[Epoch 170] train_loss=0.0034 | train_psnr=31.16 dB | val_loss=0.0029 | val_psnr=27.47 dB | time=69.4s
[Epoch 171] train_loss=0.0034 | train_psnr=31.20 dB | val_loss=0.0029 | val_psnr=27.47 dB | time=61.1s
[Epoch 172] train_loss=0.0032 | train_psnr=31.40 dB | val_loss=0.0029 | val_psnr=27.46 dB | time=67.9s
[Epoch 173] train_loss=0.0034 | train_psnr=31.27 dB | val_loss=0.0029 | val_psnr=27.46 dB | time=70.9s
[Epoch 174] train_loss=0.0031 | train_psnr=31.61 dB | val_loss=0.0029 | val_psnr=27.46 dB | time=65.1s
[Epoch 175] train_loss=0.0032 | train_psnr=31.46 dB | val_loss=0.0029 | val_psnr=27.47 dB | time=62.6s
[Epoch 176] train_loss=0.0033 | train_psnr=31.54 dB | val_loss=0.0029 | val_psnr=27.46 dB | time=66.6s
[Epoch 177] train_loss=0.0033 | train_psnr=31.35 dB | val_loss=0.0029 | val_psnr=27.47 dB | time=66.0s
[Epoch 178] train_loss=0.0032 | train_psnr=31.38 dB | val_loss=0.0029 | val_psnr=27.46 dB | time=62.3s
[Epoch 179] train_loss=0.0031 | train_psnr=31.43 dB | val_loss=0.0029 | val_psnr=27.47 dB | time=62.0s
[Epoch 180] train_loss=0.0032 | train_psnr=31.26 dB | val_loss=0.0029 | val_psnr=27.46 dB | time=66.5s
[Epoch 181] train_loss=0.0031 | train_psnr=31.54 dB | val_loss=0.0029 | val_psnr=27.47 dB | time=69.5s
[Epoch 182] train_loss=0.0032 | train_psnr=31.54 dB | val_loss=0.0029 | val_psnr=27.45 dB | time=64.6s
[Epoch 183] train_loss=0.0032 | train_psnr=31.41 dB | val_loss=0.0029 | val_psnr=27.47 dB | time=62.4s
[Epoch 184] train_loss=0.0033 | train_psnr=31.14 dB | val_loss=0.0029 | val_psnr=27.47 dB | time=70.0s
[Epoch 185] train_loss=0.0031 | train_psnr=31.44 dB | val_loss=0.0029 | val_psnr=27.47 dB | time=70.0s
[Epoch 186] train_loss=0.0032 | train_psnr=31.36 dB | val_loss=0.0029 | val_psnr=27.47 dB | time=63.3s
[Epoch 187] train_loss=0.0032 | train_psnr=31.63 dB | val_loss=0.0029 | val_psnr=27.47 dB | time=63.7s
[Epoch 188] train_loss=0.0032 | train_psnr=31.39 dB | val_loss=0.0029 | val_psnr=27.47 dB | time=65.8s
[Epoch 189] train_loss=0.0033 | train_psnr=31.32 dB | val_loss=0.0029 | val_psnr=27.47 dB | time=68.2s
[Epoch 190] train_loss=0.0031 | train_psnr=31.51 dB | val_loss=0.0029 | val_psnr=27.47 dB | time=62.9s
[Epoch 191] train_loss=0.0032 | train_psnr=31.39 dB | val_loss=0.0029 | val_psnr=27.47 dB | time=66.4s
[Epoch 192] train_loss=0.0031 | train_psnr=31.41 dB | val_loss=0.0029 | val_psnr=27.47 dB | time=66.8s
[Epoch 193] train_loss=0.0033 | train_psnr=31.38 dB | val_loss=0.0029 | val_psnr=27.47 dB | time=73.5s
[Epoch 194] train_loss=0.0031 | train_psnr=31.57 dB | val_loss=0.0029 | val_psnr=27.47 dB | time=61.3s
[Epoch 195] train_loss=0.0031 | train_psnr=31.35 dB | val_loss=0.0029 | val_psnr=27.47 dB | time=62.7s
[Epoch 196] train_loss=0.0032 | train_psnr=31.39 dB | val_loss=0.0029 | val_psnr=27.47 dB | time=70.6s
[Epoch 197] train_loss=0.0032 | train_psnr=31.56 dB | val_loss=0.0029 | val_psnr=27.47 dB | time=58.9s
[Epoch 198] train_loss=0.0033 | train_psnr=31.28 dB | val_loss=0.0029 | val_psnr=27.47 dB | time=61.9s
[Epoch 199] train_loss=0.0031 | train_psnr=31.70 dB | val_loss=0.0029 | val_psnr=27.47 dB | time=65.0s
[Epoch 200] train_loss=0.0031 | train_psnr=31.59 dB | val_loss=0.0029 | val_psnr=27.47 dB | time=57.2s
[Epoch 201] train_loss=0.0031 | train_psnr=31.58 dB | val_loss=0.0029 | val_psnr=27.47 dB | time=64.1s
[Epoch 202] train_loss=0.0033 | train_psnr=31.49 dB | val_loss=0.0029 | val_psnr=27.47 dB | time=69.1s
[Epoch 203] train_loss=0.0033 | train_psnr=31.40 dB | val_loss=0.0029 | val_psnr=27.47 dB | time=62.9s
[Epoch 204] train_loss=0.0031 | train_psnr=31.37 dB | val_loss=0.0029 | val_psnr=27.47 dB | time=61.3s
[Epoch 205] train_loss=0.0033 | train_psnr=31.37 dB | val_loss=0.0029 | val_psnr=27.47 dB | time=66.6s
[Epoch 206] train_loss=0.0032 | train_psnr=31.53 dB | val_loss=0.0029 | val_psnr=27.47 dB | time=62.4s
[Epoch 207] train_loss=0.0032 | train_psnr=31.59 dB | val_loss=0.0029 | val_psnr=27.47 dB | time=61.4s
[Epoch 208] train_loss=0.0033 | train_psnr=31.35 dB | val_loss=0.0029 | val_psnr=27.47 dB | time=70.3s
[Epoch 209] train_loss=0.0031 | train_psnr=31.40 dB | val_loss=0.0029 | val_psnr=27.47 dB | time=68.2s
[Epoch 210] train_loss=0.0031 | train_psnr=31.80 dB | val_loss=0.0029 | val_psnr=27.47 dB | time=61.5s
[Epoch 211] train_loss=0.0032 | train_psnr=31.61 dB | val_loss=0.0029 | val_psnr=27.47 dB | time=66.7s
[Epoch 212] train_loss=0.0032 | train_psnr=31.35 dB | val_loss=0.0029 | val_psnr=27.47 dB | time=67.7s
[Epoch 213] train_loss=0.0031 | train_psnr=31.62 dB | val_loss=0.0029 | val_psnr=27.47 dB | time=65.2s
[Epoch 214] train_loss=0.0033 | train_psnr=31.19 dB | val_loss=0.0029 | val_psnr=27.47 dB | time=65.6s
[Epoch 215] train_loss=0.0031 | train_psnr=31.69 dB | val_loss=0.0029 | val_psnr=27.47 dB | time=68.3s
[Epoch 216] train_loss=0.0032 | train_psnr=31.36 dB | val_loss=0.0029 | val_psnr=27.48 dB | time=76.8s
[Epoch 217] train_loss=0.0032 | train_psnr=31.43 dB | val_loss=0.0029 | val_psnr=27.47 dB | time=69.6s
[Epoch 218] train_loss=0.0033 | train_psnr=31.49 dB | val_loss=0.0029 | val_psnr=27.47 dB | time=62.6s
[Epoch 219] train_loss=0.0032 | train_psnr=31.41 dB | val_loss=0.0029 | val_psnr=27.47 dB | time=65.0s
[Epoch 220] train_loss=0.0031 | train_psnr=31.52 dB | val_loss=0.0029 | val_psnr=27.47 dB | time=63.6s
[Epoch 221] train_loss=0.0033 | train_psnr=31.22 dB | val_loss=0.0029 | val_psnr=27.47 dB | time=66.8s
[Epoch 222] train_loss=0.0032 | train_psnr=31.55 dB | val_loss=0.0029 | val_psnr=27.48 dB | time=65.8s
[Epoch 223] train_loss=0.0032 | train_psnr=31.58 dB | val_loss=0.0029 | val_psnr=27.47 dB | time=70.6s
[Epoch 224] train_loss=0.0033 | train_psnr=31.43 dB | val_loss=0.0029 | val_psnr=27.47 dB | time=74.0s
[Epoch 225] train_loss=0.0032 | train_psnr=31.42 dB | val_loss=0.0029 | val_psnr=27.47 dB | time=70.4s
[Epoch 226] train_loss=0.0032 | train_psnr=31.39 dB | val_loss=0.0029 | val_psnr=27.47 dB | time=63.4s
[Epoch 227] train_loss=0.0033 | train_psnr=31.35 dB | val_loss=0.0029 | val_psnr=27.48 dB | time=68.6s
[Epoch 228] train_loss=0.0032 | train_psnr=31.74 dB | val_loss=0.0029 | val_psnr=27.47 dB | time=67.4s
[Epoch 229] train_loss=0.0031 | train_psnr=31.77 dB | val_loss=0.0029 | val_psnr=27.48 dB | time=62.2s
[Epoch 230] train_loss=0.0032 | train_psnr=31.35 dB | val_loss=0.0029 | val_psnr=27.47 dB | time=64.6s
[Epoch 231] train_loss=0.0032 | train_psnr=31.37 dB | val_loss=0.0029 | val_psnr=27.48 dB | time=67.1s
[Epoch 232] train_loss=0.0031 | train_psnr=31.78 dB | val_loss=0.0029 | val_psnr=27.47 dB | time=65.9s
[Epoch 233] train_loss=0.0032 | train_psnr=31.41 dB | val_loss=0.0029 | val_psnr=27.48 dB | time=63.0s
[Epoch 234] train_loss=0.0032 | train_psnr=31.58 dB | val_loss=0.0029 | val_psnr=27.47 dB | time=67.3s
[Epoch 235] train_loss=0.0031 | train_psnr=31.69 dB | val_loss=0.0029 | val_psnr=27.48 dB | time=67.4s
[Epoch 236] train_loss=0.0031 | train_psnr=31.58 dB | val_loss=0.0029 | val_psnr=27.48 dB | time=66.5s
[Epoch 237] train_loss=0.0032 | train_psnr=31.61 dB | val_loss=0.0029 | val_psnr=27.48 dB | time=61.5s
[Epoch 238] train_loss=0.0032 | train_psnr=31.30 dB | val_loss=0.0029 | val_psnr=27.47 dB | time=68.3s
[Epoch 239] train_loss=0.0031 | train_psnr=31.51 dB | val_loss=0.0029 | val_psnr=27.48 dB | time=68.0s
[Epoch 240] train_loss=0.0031 | train_psnr=31.45 dB | val_loss=0.0029 | val_psnr=27.48 dB | time=63.3s
[Epoch 241] train_loss=0.0031 | train_psnr=31.51 dB | val_loss=0.0029 | val_psnr=27.48 dB | time=62.8s
[Epoch 242] train_loss=0.0032 | train_psnr=31.70 dB | val_loss=0.0029 | val_psnr=27.48 dB | time=67.8s
[Epoch 243] train_loss=0.0032 | train_psnr=31.37 dB | val_loss=0.0029 | val_psnr=27.48 dB | time=71.9s
[Epoch 244] train_loss=0.0032 | train_psnr=31.52 dB | val_loss=0.0029 | val_psnr=27.48 dB | time=69.1s
[Epoch 245] train_loss=0.0031 | train_psnr=31.58 dB | val_loss=0.0029 | val_psnr=27.48 dB | time=60.8s
[Epoch 246] train_loss=0.0033 | train_psnr=31.58 dB | val_loss=0.0029 | val_psnr=27.48 dB | time=66.4s
[Epoch 247] train_loss=0.0031 | train_psnr=31.78 dB | val_loss=0.0029 | val_psnr=27.48 dB | time=69.2s
[Epoch 248] train_loss=0.0032 | train_psnr=31.30 dB | val_loss=0.0029 | val_psnr=27.48 dB | time=63.3s
[Epoch 249] train_loss=0.0032 | train_psnr=31.45 dB | val_loss=0.0029 | val_psnr=27.47 dB | time=61.2s
[Epoch 250] train_loss=0.0031 | train_psnr=31.52 dB | val_loss=0.0029 | val_psnr=27.48 dB | time=66.7s
[Epoch 251] train_loss=0.0033 | train_psnr=31.33 dB | val_loss=0.0029 | val_psnr=27.48 dB | time=70.6s
[Epoch 252] train_loss=0.0032 | train_psnr=31.43 dB | val_loss=0.0029 | val_psnr=27.48 dB | time=63.5s
[Epoch 253] train_loss=0.0032 | train_psnr=31.53 dB | val_loss=0.0029 | val_psnr=27.48 dB | time=64.3s
[Epoch 254] train_loss=0.0031 | train_psnr=31.58 dB | val_loss=0.0029 | val_psnr=27.48 dB | time=69.1s
[Epoch 255] train_loss=0.0032 | train_psnr=31.48 dB | val_loss=0.0029 | val_psnr=27.48 dB | time=65.5s
[Epoch 256] train_loss=0.0032 | train_psnr=31.52 dB | val_loss=0.0029 | val_psnr=27.48 dB | time=62.1s
[Epoch 257] train_loss=0.0031 | train_psnr=31.50 dB | val_loss=0.0029 | val_psnr=27.48 dB | time=61.1s
[Epoch 258] train_loss=0.0032 | train_psnr=31.44 dB | val_loss=0.0029 | val_psnr=27.48 dB | time=69.3s
[Epoch 259] train_loss=0.0033 | train_psnr=31.29 dB | val_loss=0.0029 | val_psnr=27.48 dB | time=67.4s
[Epoch 260] train_loss=0.0032 | train_psnr=31.47 dB | val_loss=0.0029 | val_psnr=27.48 dB | time=63.9s
[Epoch 261] train_loss=0.0032 | train_psnr=31.25 dB | val_loss=0.0029 | val_psnr=27.48 dB | time=61.9s
[Epoch 262] train_loss=0.0032 | train_psnr=31.64 dB | val_loss=0.0029 | val_psnr=27.48 dB | time=65.8s
[Epoch 263] train_loss=0.0032 | train_psnr=31.45 dB | val_loss=0.0029 | val_psnr=27.48 dB | time=65.5s
[Epoch 264] train_loss=0.0031 | train_psnr=31.69 dB | val_loss=0.0029 | val_psnr=27.48 dB | time=62.2s
[Epoch 265] train_loss=0.0032 | train_psnr=31.51 dB | val_loss=0.0029 | val_psnr=27.48 dB | time=64.9s
[Epoch 266] train_loss=0.0032 | train_psnr=31.44 dB | val_loss=0.0029 | val_psnr=27.48 dB | time=70.0s
[Epoch 267] train_loss=0.0032 | train_psnr=31.56 dB | val_loss=0.0029 | val_psnr=27.48 dB | time=65.2s
[Epoch 268] train_loss=0.0032 | train_psnr=31.48 dB | val_loss=0.0029 | val_psnr=27.48 dB | time=58.9s
[Epoch 269] train_loss=0.0031 | train_psnr=31.71 dB | val_loss=0.0029 | val_psnr=27.48 dB | time=67.0s
[Epoch 270] train_loss=0.0031 | train_psnr=31.30 dB | val_loss=0.0029 | val_psnr=27.48 dB | time=65.6s
[Epoch 271] train_loss=0.0032 | train_psnr=31.73 dB | val_loss=0.0029 | val_psnr=27.48 dB | time=63.0s
[Epoch 272] train_loss=0.0032 | train_psnr=31.52 dB | val_loss=0.0029 | val_psnr=27.48 dB | time=64.9s
[Epoch 273] train_loss=0.0032 | train_psnr=31.47 dB | val_loss=0.0029 | val_psnr=27.48 dB | time=69.0s
[Epoch 274] train_loss=0.0032 | train_psnr=31.48 dB | val_loss=0.0029 | val_psnr=27.48 dB | time=63.5s
[Epoch 275] train_loss=0.0031 | train_psnr=31.67 dB | val_loss=0.0029 | val_psnr=27.48 dB | time=61.3s
[Epoch 276] train_loss=0.0031 | train_psnr=31.72 dB | val_loss=0.0029 | val_psnr=27.48 dB | time=69.2s
[Epoch 277] train_loss=0.0031 | train_psnr=31.62 dB | val_loss=0.0029 | val_psnr=27.48 dB | time=70.8s
[Epoch 278] train_loss=0.0033 | train_psnr=31.56 dB | val_loss=0.0029 | val_psnr=27.48 dB | time=65.0s
[Epoch 279] train_loss=0.0031 | train_psnr=31.55 dB | val_loss=0.0029 | val_psnr=27.48 dB | time=63.6s
[Epoch 280] train_loss=0.0032 | train_psnr=31.43 dB | val_loss=0.0029 | val_psnr=27.48 dB | time=67.5s
[Epoch 281] train_loss=0.0031 | train_psnr=31.57 dB | val_loss=0.0029 | val_psnr=27.48 dB | time=62.7s
[Epoch 282] train_loss=0.0032 | train_psnr=31.50 dB | val_loss=0.0029 | val_psnr=27.48 dB | time=64.2s
[Epoch 283] train_loss=0.0031 | train_psnr=31.43 dB | val_loss=0.0029 | val_psnr=27.48 dB | time=64.9s
[Epoch 284] train_loss=0.0033 | train_psnr=31.38 dB | val_loss=0.0029 | val_psnr=27.48 dB | time=68.4s
[Epoch 285] train_loss=0.0032 | train_psnr=31.50 dB | val_loss=0.0029 | val_psnr=27.48 dB | time=67.9s
[Epoch 286] train_loss=0.0031 | train_psnr=31.72 dB | val_loss=0.0029 | val_psnr=27.48 dB | time=62.0s
[Epoch 287] train_loss=0.0031 | train_psnr=31.70 dB | val_loss=0.0029 | val_psnr=27.48 dB | time=65.4s
[Epoch 288] train_loss=0.0033 | train_psnr=31.31 dB | val_loss=0.0029 | val_psnr=27.48 dB | time=71.0s
[Epoch 289] train_loss=0.0031 | train_psnr=31.60 dB | val_loss=0.0029 | val_psnr=27.48 dB | time=66.8s
[Epoch 290] train_loss=0.0032 | train_psnr=31.51 dB | val_loss=0.0029 | val_psnr=27.48 dB | time=61.1s
[Epoch 291] train_loss=0.0032 | train_psnr=31.35 dB | val_loss=0.0029 | val_psnr=27.48 dB | time=67.8s
[Epoch 292] train_loss=0.0031 | train_psnr=31.57 dB | val_loss=0.0029 | val_psnr=27.48 dB | time=70.3s
[Epoch 293] train_loss=0.0031 | train_psnr=31.67 dB | val_loss=0.0029 | val_psnr=27.48 dB | time=67.1s
[Epoch 294] train_loss=0.0031 | train_psnr=31.57 dB | val_loss=0.0029 | val_psnr=27.48 dB | time=61.3s
[Epoch 295] train_loss=0.0032 | train_psnr=31.31 dB | val_loss=0.0029 | val_psnr=27.48 dB | time=69.5s
[Epoch 296] train_loss=0.0032 | train_psnr=31.20 dB | val_loss=0.0029 | val_psnr=27.48 dB | time=68.5s
[Epoch 297] train_loss=0.0031 | train_psnr=31.58 dB | val_loss=0.0029 | val_psnr=27.48 dB | time=68.2s
[Epoch 298] train_loss=0.0031 | train_psnr=31.75 dB | val_loss=0.0029 | val_psnr=27.48 dB | time=63.9s
[Epoch 299] train_loss=0.0031 | train_psnr=31.73 dB | val_loss=0.0029 | val_psnr=27.48 dB | time=65.1s
[Epoch 300] train_loss=0.0031 | train_psnr=31.56 dB | val_loss=0.0029 | val_psnr=27.48 dB | time=66.3s
[Epoch 301] train_loss=0.0031 | train_psnr=31.58 dB | val_loss=0.0029 | val_psnr=27.48 dB | time=67.5s
[Epoch 302] train_loss=0.0032 | train_psnr=31.69 dB | val_loss=0.0029 | val_psnr=27.48 dB | time=63.7s
[Epoch 303] train_loss=0.0032 | train_psnr=31.73 dB | val_loss=0.0029 | val_psnr=27.48 dB | time=67.3s
[Epoch 304] train_loss=0.0032 | train_psnr=31.66 dB | val_loss=0.0029 | val_psnr=27.48 dB | time=71.1s
[Epoch 305] train_loss=0.0033 | train_psnr=31.38 dB | val_loss=0.0029 | val_psnr=27.48 dB | time=69.8s
[Epoch 306] train_loss=0.0031 | train_psnr=31.75 dB | val_loss=0.0029 | val_psnr=27.48 dB | time=63.5s
[Epoch 307] train_loss=0.0033 | train_psnr=31.32 dB | val_loss=0.0029 | val_psnr=27.48 dB | time=65.2s
[Epoch 308] train_loss=0.0032 | train_psnr=31.47 dB | val_loss=0.0029 | val_psnr=27.48 dB | time=65.6s
[Epoch 309] train_loss=0.0032 | train_psnr=31.41 dB | val_loss=0.0029 | val_psnr=27.48 dB | time=61.9s
[Epoch 310] train_loss=0.0031 | train_psnr=31.53 dB | val_loss=0.0029 | val_psnr=27.48 dB | time=65.1s
[Epoch 311] train_loss=0.0032 | train_psnr=31.52 dB | val_loss=0.0029 | val_psnr=27.48 dB | time=68.0s
[Epoch 312] train_loss=0.0033 | train_psnr=31.64 dB | val_loss=0.0029 | val_psnr=27.48 dB | time=68.9s
[Epoch 313] train_loss=0.0031 | train_psnr=31.73 dB | val_loss=0.0029 | val_psnr=27.48 dB | time=63.3s
[Epoch 314] train_loss=0.0033 | train_psnr=31.39 dB | val_loss=0.0029 | val_psnr=27.48 dB | time=62.5s
[Epoch 315] train_loss=0.0032 | train_psnr=31.52 dB | val_loss=0.0029 | val_psnr=27.48 dB | time=66.1s
[Epoch 316] train_loss=0.0032 | train_psnr=31.55 dB | val_loss=0.0029 | val_psnr=27.48 dB | time=63.8s
[Epoch 317] train_loss=0.0032 | train_psnr=31.70 dB | val_loss=0.0029 | val_psnr=27.48 dB | time=63.2s
[Epoch 318] train_loss=0.0032 | train_psnr=31.70 dB | val_loss=0.0029 | val_psnr=27.48 dB | time=67.1s
[Epoch 319] train_loss=0.0031 | train_psnr=31.54 dB | val_loss=0.0029 | val_psnr=27.48 dB | time=71.4s
[Epoch 320] train_loss=0.0032 | train_psnr=31.64 dB | val_loss=0.0029 | val_psnr=27.48 dB | time=64.7s
[Epoch 321] train_loss=0.0032 | train_psnr=31.57 dB | val_loss=0.0029 | val_psnr=27.48 dB | time=63.2s
[Epoch 322] train_loss=0.0032 | train_psnr=31.58 dB | val_loss=0.0029 | val_psnr=27.48 dB | time=69.4s
[Epoch 323] train_loss=0.0032 | train_psnr=31.44 dB | val_loss=0.0029 | val_psnr=27.48 dB | time=69.9s
[Epoch 324] train_loss=0.0031 | train_psnr=31.56 dB | val_loss=0.0029 | val_psnr=27.48 dB | time=66.5s
[Epoch 325] train_loss=0.0032 | train_psnr=31.59 dB | val_loss=0.0029 | val_psnr=27.48 dB | time=62.1s
[Epoch 326] train_loss=0.0031 | train_psnr=31.48 dB | val_loss=0.0029 | val_psnr=27.48 dB | time=65.8s
[Epoch 327] train_loss=0.0031 | train_psnr=31.65 dB | val_loss=0.0029 | val_psnr=27.48 dB | time=69.9s
[Epoch 328] train_loss=0.0032 | train_psnr=31.58 dB | val_loss=0.0029 | val_psnr=27.48 dB | time=62.6s
[Epoch 329] train_loss=0.0031 | train_psnr=31.59 dB | val_loss=0.0029 | val_psnr=27.48 dB | time=63.9s
[Epoch 330] train_loss=0.0031 | train_psnr=31.55 dB | val_loss=0.0029 | val_psnr=27.48 dB | time=66.3s
[Epoch 331] train_loss=0.0032 | train_psnr=31.63 dB | val_loss=0.0029 | val_psnr=27.48 dB | time=69.1s
[Epoch 332] train_loss=0.0030 | train_psnr=31.67 dB | val_loss=0.0029 | val_psnr=27.48 dB | time=63.0s
[Epoch 333] train_loss=0.0032 | train_psnr=31.50 dB | val_loss=0.0029 | val_psnr=27.48 dB | time=63.6s
[Epoch 334] train_loss=0.0032 | train_psnr=31.36 dB | val_loss=0.0029 | val_psnr=27.48 dB | time=69.1s
[Epoch 335] train_loss=0.0032 | train_psnr=31.61 dB | val_loss=0.0029 | val_psnr=27.48 dB | time=69.0s
[Epoch 336] train_loss=0.0030 | train_psnr=31.82 dB | val_loss=0.0029 | val_psnr=27.48 dB | time=62.1s
[Epoch 337] train_loss=0.0031 | train_psnr=31.55 dB | val_loss=0.0029 | val_psnr=27.48 dB | time=65.5s
[Epoch 338] train_loss=0.0031 | train_psnr=31.48 dB | val_loss=0.0029 | val_psnr=27.48 dB | time=71.5s
[Epoch 339] train_loss=0.0032 | train_psnr=31.44 dB | val_loss=0.0029 | val_psnr=27.48 dB | time=68.4s
[Epoch 340] train_loss=0.0032 | train_psnr=31.55 dB | val_loss=0.0029 | val_psnr=27.48 dB | time=64.1s
[Epoch 341] train_loss=0.0032 | train_psnr=31.58 dB | val_loss=0.0029 | val_psnr=27.48 dB | time=63.1s
[Epoch 342] train_loss=0.0033 | train_psnr=31.65 dB | val_loss=0.0029 | val_psnr=27.48 dB | time=65.1s
[Epoch 343] train_loss=0.0032 | train_psnr=31.50 dB | val_loss=0.0029 | val_psnr=27.48 dB | time=66.6s
[Epoch 344] train_loss=0.0031 | train_psnr=31.60 dB | val_loss=0.0029 | val_psnr=27.48 dB | time=63.5s
[Epoch 345] train_loss=0.0032 | train_psnr=31.47 dB | val_loss=0.0029 | val_psnr=27.48 dB | time=67.9s
[Epoch 346] train_loss=0.0032 | train_psnr=31.53 dB | val_loss=0.0029 | val_psnr=27.48 dB | time=68.3s
[Epoch 347] train_loss=0.0032 | train_psnr=31.39 dB | val_loss=0.0029 | val_psnr=27.48 dB | time=62.3s
[Epoch 348] train_loss=0.0032 | train_psnr=31.47 dB | val_loss=0.0029 | val_psnr=27.48 dB | time=65.7s
[Epoch 349] train_loss=0.0032 | train_psnr=31.40 dB | val_loss=0.0029 | val_psnr=27.48 dB | time=72.5s
[Epoch 350] train_loss=0.0031 | train_psnr=31.57 dB | val_loss=0.0029 | val_psnr=27.48 dB | time=75.4s
[Epoch 351] train_loss=0.0030 | train_psnr=31.61 dB | val_loss=0.0029 | val_psnr=27.48 dB | time=68.5s
[Epoch 352] train_loss=0.0031 | train_psnr=31.52 dB | val_loss=0.0029 | val_psnr=27.48 dB | time=62.4s
[Epoch 353] train_loss=0.0031 | train_psnr=31.65 dB | val_loss=0.0029 | val_psnr=27.48 dB | time=67.4s
[Epoch 354] train_loss=0.0032 | train_psnr=31.64 dB | val_loss=0.0029 | val_psnr=27.48 dB | time=68.9s
[Epoch 355] train_loss=0.0033 | train_psnr=31.61 dB | val_loss=0.0029 | val_psnr=27.48 dB | time=63.5s
[Epoch 356] train_loss=0.0031 | train_psnr=31.60 dB | val_loss=0.0029 | val_psnr=27.48 dB | time=64.1s
[Epoch 357] train_loss=0.0031 | train_psnr=31.64 dB | val_loss=0.0029 | val_psnr=27.48 dB | time=70.5s
[Epoch 358] train_loss=0.0032 | train_psnr=31.34 dB | val_loss=0.0029 | val_psnr=27.48 dB | time=73.5s
[Epoch 359] train_loss=0.0032 | train_psnr=31.63 dB | val_loss=0.0029 | val_psnr=27.48 dB | time=64.6s
[Epoch 360] train_loss=0.0032 | train_psnr=31.37 dB | val_loss=0.0029 | val_psnr=27.48 dB | time=62.3s
[Epoch 361] train_loss=0.0032 | train_psnr=31.48 dB | val_loss=0.0029 | val_psnr=27.48 dB | time=63.2s
[Epoch 362] train_loss=0.0032 | train_psnr=31.40 dB | val_loss=0.0029 | val_psnr=27.48 dB | time=63.2s
[Epoch 363] train_loss=0.0032 | train_psnr=31.43 dB | val_loss=0.0029 | val_psnr=27.48 dB | time=57.6s
[Epoch 364] train_loss=0.0031 | train_psnr=31.72 dB | val_loss=0.0029 | val_psnr=27.48 dB | time=68.8s
[Epoch 365] train_loss=0.0032 | train_psnr=31.54 dB | val_loss=0.0029 | val_psnr=27.48 dB | time=66.8s
[Epoch 366] train_loss=0.0032 | train_psnr=31.49 dB | val_loss=0.0029 | val_psnr=27.48 dB | time=58.8s
[Epoch 367] train_loss=0.0032 | train_psnr=31.66 dB | val_loss=0.0029 | val_psnr=27.48 dB | time=68.6s
[Epoch 368] train_loss=0.0032 | train_psnr=31.35 dB | val_loss=0.0029 | val_psnr=27.48 dB | time=64.2s
[Epoch 369] train_loss=0.0032 | train_psnr=31.55 dB | val_loss=0.0029 | val_psnr=27.48 dB | time=58.9s
[Epoch 370] train_loss=0.0032 | train_psnr=31.64 dB | val_loss=0.0029 | val_psnr=27.48 dB | time=64.5s
[Epoch 371] train_loss=0.0031 | train_psnr=31.78 dB | val_loss=0.0029 | val_psnr=27.48 dB | time=65.7s
[Epoch 372] train_loss=0.0032 | train_psnr=31.49 dB | val_loss=0.0029 | val_psnr=27.48 dB | time=55.5s
[Epoch 373] train_loss=0.0030 | train_psnr=31.65 dB | val_loss=0.0029 | val_psnr=27.48 dB | time=65.3s
[Epoch 374] train_loss=0.0033 | train_psnr=31.30 dB | val_loss=0.0029 | val_psnr=27.48 dB | time=61.9s
[Epoch 375] train_loss=0.0030 | train_psnr=31.73 dB | val_loss=0.0029 | val_psnr=27.48 dB | time=57.8s
[Epoch 376] train_loss=0.0031 | train_psnr=31.60 dB | val_loss=0.0029 | val_psnr=27.48 dB | time=68.0s
[Epoch 377] train_loss=0.0030 | train_psnr=31.63 dB | val_loss=0.0029 | val_psnr=27.48 dB | time=64.9s
[Epoch 378] train_loss=0.0030 | train_psnr=31.46 dB | val_loss=0.0029 | val_psnr=27.48 dB | time=57.6s
[Epoch 379] train_loss=0.0031 | train_psnr=31.28 dB | val_loss=0.0029 | val_psnr=27.48 dB | time=66.7s
[Epoch 380] train_loss=0.0031 | train_psnr=31.73 dB | val_loss=0.0029 | val_psnr=27.48 dB | time=64.1s
[Epoch 381] train_loss=0.0031 | train_psnr=31.73 dB | val_loss=0.0029 | val_psnr=27.48 dB | time=59.5s
[Epoch 382] train_loss=0.0032 | train_psnr=31.31 dB | val_loss=0.0029 | val_psnr=27.48 dB | time=63.1s
[Epoch 383] train_loss=0.0032 | train_psnr=31.59 dB | val_loss=0.0029 | val_psnr=27.48 dB | time=61.7s
[Epoch 384] train_loss=0.0032 | train_psnr=31.45 dB | val_loss=0.0029 | val_psnr=27.48 dB | time=59.2s
[Epoch 385] train_loss=0.0030 | train_psnr=31.59 dB | val_loss=0.0029 | val_psnr=27.48 dB | time=66.9s
[Epoch 386] train_loss=0.0032 | train_psnr=31.57 dB | val_loss=0.0029 | val_psnr=27.48 dB | time=66.2s
[Epoch 387] train_loss=0.0032 | train_psnr=31.53 dB | val_loss=0.0029 | val_psnr=27.48 dB | time=59.4s
[Epoch 388] train_loss=0.0033 | train_psnr=31.46 dB | val_loss=0.0029 | val_psnr=27.48 dB | time=60.9s
[Epoch 389] train_loss=0.0032 | train_psnr=31.57 dB | val_loss=0.0029 | val_psnr=27.48 dB | time=64.5s
[Epoch 390] train_loss=0.0031 | train_psnr=31.73 dB | val_loss=0.0029 | val_psnr=27.48 dB | time=60.4s
[Epoch 391] train_loss=0.0032 | train_psnr=31.53 dB | val_loss=0.0029 | val_psnr=27.48 dB | time=66.1s
[Epoch 392] train_loss=0.0032 | train_psnr=31.46 dB | val_loss=0.0029 | val_psnr=27.48 dB | time=65.4s
[Epoch 393] train_loss=0.0032 | train_psnr=31.41 dB | val_loss=0.0029 | val_psnr=27.48 dB | time=63.3s
[Epoch 394] train_loss=0.0031 | train_psnr=31.79 dB | val_loss=0.0029 | val_psnr=27.48 dB | time=63.7s
[Epoch 395] train_loss=0.0031 | train_psnr=31.61 dB | val_loss=0.0029 | val_psnr=27.48 dB | time=64.7s
[Epoch 396] train_loss=0.0032 | train_psnr=31.55 dB | val_loss=0.0029 | val_psnr=27.48 dB | time=61.1s
[Epoch 397] train_loss=0.0031 | train_psnr=31.43 dB | val_loss=0.0029 | val_psnr=27.48 dB | time=63.8s
[Epoch 398] train_loss=0.0033 | train_psnr=31.43 dB | val_loss=0.0029 | val_psnr=27.48 dB | time=67.1s
[Epoch 399] train_loss=0.0033 | train_psnr=31.25 dB | val_loss=0.0029 | val_psnr=27.48 dB | time=58.9s
[Epoch 400] train_loss=0.0033 | train_psnr=31.32 dB | val_loss=0.0029 | val_psnr=27.48 dB | time=62.1s
[Epoch 401] train_loss=0.0031 | train_psnr=31.55 dB | val_loss=0.0029 | val_psnr=27.48 dB | time=65.3s
[Epoch 402] train_loss=0.0031 | train_psnr=31.60 dB | val_loss=0.0029 | val_psnr=27.48 dB | time=62.0s
[Epoch 403] train_loss=0.0033 | train_psnr=31.34 dB | val_loss=0.0029 | val_psnr=27.48 dB | time=64.8s
[Epoch 404] train_loss=0.0031 | train_psnr=31.64 dB | val_loss=0.0029 | val_psnr=27.48 dB | time=69.1s
[Epoch 405] train_loss=0.0031 | train_psnr=31.64 dB | val_loss=0.0029 | val_psnr=27.48 dB | time=58.0s
[Epoch 406] train_loss=0.0033 | train_psnr=31.35 dB | val_loss=0.0029 | val_psnr=27.48 dB | time=63.1s
[Epoch 407] train_loss=0.0031 | train_psnr=31.61 dB | val_loss=0.0029 | val_psnr=27.48 dB | time=68.6s
[Epoch 408] train_loss=0.0031 | train_psnr=31.74 dB | val_loss=0.0029 | val_psnr=27.48 dB | time=63.5s
[Epoch 409] train_loss=0.0032 | train_psnr=31.65 dB | val_loss=0.0029 | val_psnr=27.48 dB | time=63.7s
[Epoch 410] train_loss=0.0032 | train_psnr=31.45 dB | val_loss=0.0029 | val_psnr=27.48 dB | time=68.6s
[Epoch 411] train_loss=0.0033 | train_psnr=31.26 dB | val_loss=0.0029 | val_psnr=27.48 dB | time=65.1s
[Epoch 412] train_loss=0.0032 | train_psnr=31.52 dB | val_loss=0.0029 | val_psnr=27.48 dB | time=65.2s
[Epoch 413] train_loss=0.0031 | train_psnr=31.62 dB | val_loss=0.0029 | val_psnr=27.48 dB | time=66.8s
[Epoch 414] train_loss=0.0031 | train_psnr=31.58 dB | val_loss=0.0029 | val_psnr=27.48 dB | time=69.7s
[Epoch 415] train_loss=0.0031 | train_psnr=31.61 dB | val_loss=0.0029 | val_psnr=27.48 dB | time=69.0s
[Epoch 416] train_loss=0.0031 | train_psnr=31.60 dB | val_loss=0.0029 | val_psnr=27.48 dB | time=63.0s
[Epoch 417] train_loss=0.0031 | train_psnr=31.58 dB | val_loss=0.0029 | val_psnr=27.48 dB | time=66.5s
[Epoch 418] train_loss=0.0032 | train_psnr=31.71 dB | val_loss=0.0029 | val_psnr=27.48 dB | time=64.2s
[Epoch 419] train_loss=0.0032 | train_psnr=31.39 dB | val_loss=0.0029 | val_psnr=27.48 dB | time=61.0s
[Epoch 420] train_loss=0.0032 | train_psnr=31.63 dB | val_loss=0.0029 | val_psnr=27.48 dB | time=64.6s
[Epoch 421] train_loss=0.0032 | train_psnr=31.32 dB | val_loss=0.0029 | val_psnr=27.48 dB | time=67.8s
[Epoch 422] train_loss=0.0032 | train_psnr=31.70 dB | val_loss=0.0029 | val_psnr=27.48 dB | time=66.0s
[Epoch 423] train_loss=0.0031 | train_psnr=31.67 dB | val_loss=0.0029 | val_psnr=27.48 dB | time=61.9s
[Epoch 424] train_loss=0.0032 | train_psnr=31.44 dB | val_loss=0.0029 | val_psnr=27.48 dB | time=64.3s
[Epoch 425] train_loss=0.0032 | train_psnr=31.41 dB | val_loss=0.0029 | val_psnr=27.48 dB | time=70.2s
[Epoch 426] train_loss=0.0032 | train_psnr=31.48 dB | val_loss=0.0029 | val_psnr=27.48 dB | time=71.1s
[Epoch 427] train_loss=0.0031 | train_psnr=31.49 dB | val_loss=0.0029 | val_psnr=27.48 dB | time=64.2s
[Epoch 428] train_loss=0.0032 | train_psnr=31.54 dB | val_loss=0.0029 | val_psnr=27.48 dB | time=67.1s
[Epoch 429] train_loss=0.0031 | train_psnr=31.65 dB | val_loss=0.0029 | val_psnr=27.48 dB | time=65.5s
[Epoch 430] train_loss=0.0031 | train_psnr=31.38 dB | val_loss=0.0029 | val_psnr=27.48 dB | time=67.0s
[Epoch 431] train_loss=0.0032 | train_psnr=31.44 dB | val_loss=0.0029 | val_psnr=27.48 dB | time=65.4s
[Epoch 432] train_loss=0.0031 | train_psnr=31.55 dB | val_loss=0.0029 | val_psnr=27.48 dB | time=69.6s
[Epoch 433] train_loss=0.0032 | train_psnr=31.56 dB | val_loss=0.0029 | val_psnr=27.48 dB | time=71.3s
[Epoch 434] train_loss=0.0029 | train_psnr=31.94 dB | val_loss=0.0029 | val_psnr=27.48 dB | time=66.1s
[Epoch 435] train_loss=0.0032 | train_psnr=31.39 dB | val_loss=0.0029 | val_psnr=27.48 dB | time=67.6s
[Epoch 436] train_loss=0.0032 | train_psnr=31.48 dB | val_loss=0.0029 | val_psnr=27.48 dB | time=67.8s
[Epoch 437] train_loss=0.0032 | train_psnr=31.50 dB | val_loss=0.0029 | val_psnr=27.48 dB | time=69.2s
[Epoch 438] train_loss=0.0031 | train_psnr=31.61 dB | val_loss=0.0029 | val_psnr=27.48 dB | time=65.3s
[Epoch 439] train_loss=0.0032 | train_psnr=31.66 dB | val_loss=0.0029 | val_psnr=27.48 dB | time=63.2s
[Epoch 440] train_loss=0.0032 | train_psnr=31.52 dB | val_loss=0.0029 | val_psnr=27.48 dB | time=67.9s
[Epoch 441] train_loss=0.0031 | train_psnr=31.62 dB | val_loss=0.0029 | val_psnr=27.48 dB | time=69.1s
[Epoch 442] train_loss=0.0031 | train_psnr=31.88 dB | val_loss=0.0029 | val_psnr=27.48 dB | time=62.2s
[Epoch 443] train_loss=0.0032 | train_psnr=31.61 dB | val_loss=0.0029 | val_psnr=27.48 dB | time=64.9s
[Epoch 444] train_loss=0.0031 | train_psnr=31.64 dB | val_loss=0.0029 | val_psnr=27.48 dB | time=68.2s
[Epoch 445] train_loss=0.0032 | train_psnr=31.64 dB | val_loss=0.0029 | val_psnr=27.48 dB | time=69.5s
[Epoch 446] train_loss=0.0031 | train_psnr=31.58 dB | val_loss=0.0029 | val_psnr=27.48 dB | time=68.5s
[Epoch 447] train_loss=0.0032 | train_psnr=31.65 dB | val_loss=0.0029 | val_psnr=27.48 dB | time=62.5s
[Epoch 448] train_loss=0.0032 | train_psnr=31.54 dB | val_loss=0.0029 | val_psnr=27.48 dB | time=67.8s
[Epoch 449] train_loss=0.0032 | train_psnr=31.51 dB | val_loss=0.0029 | val_psnr=27.48 dB | time=66.2s
[Epoch 450] train_loss=0.0032 | train_psnr=31.46 dB | val_loss=0.0029 | val_psnr=27.48 dB | time=67.4s
[Epoch 451] train_loss=0.0031 | train_psnr=31.83 dB | val_loss=0.0029 | val_psnr=27.48 dB | time=66.7s
[Epoch 452] train_loss=0.0031 | train_psnr=31.64 dB | val_loss=0.0029 | val_psnr=27.48 dB | time=74.8s
[Epoch 453] train_loss=0.0032 | train_psnr=31.57 dB | val_loss=0.0029 | val_psnr=27.48 dB | time=70.6s
[Epoch 454] train_loss=0.0032 | train_psnr=31.66 dB | val_loss=0.0029 | val_psnr=27.48 dB | time=68.1s
[Epoch 455] train_loss=0.0032 | train_psnr=31.65 dB | val_loss=0.0029 | val_psnr=27.48 dB | time=62.8s
[Epoch 456] train_loss=0.0031 | train_psnr=31.66 dB | val_loss=0.0029 | val_psnr=27.48 dB | time=66.0s
[Epoch 457] train_loss=0.0033 | train_psnr=31.39 dB | val_loss=0.0029 | val_psnr=27.48 dB | time=69.2s
[Epoch 458] train_loss=0.0032 | train_psnr=31.45 dB | val_loss=0.0029 | val_psnr=27.48 dB | time=67.6s
[Epoch 459] train_loss=0.0032 | train_psnr=31.43 dB | val_loss=0.0029 | val_psnr=27.48 dB | time=66.0s
[Epoch 460] train_loss=0.0032 | train_psnr=31.41 dB | val_loss=0.0029 | val_psnr=27.48 dB | time=70.7s
[Epoch 461] train_loss=0.0032 | train_psnr=31.62 dB | val_loss=0.0029 | val_psnr=27.48 dB | time=69.8s
[Epoch 462] train_loss=0.0031 | train_psnr=31.70 dB | val_loss=0.0029 | val_psnr=27.48 dB | time=63.8s
[Epoch 463] train_loss=0.0031 | train_psnr=31.80 dB | val_loss=0.0029 | val_psnr=27.48 dB | time=63.6s
[Epoch 464] train_loss=0.0031 | train_psnr=31.63 dB | val_loss=0.0029 | val_psnr=27.48 dB | time=67.5s
[Epoch 465] train_loss=0.0032 | train_psnr=31.64 dB | val_loss=0.0029 | val_psnr=27.48 dB | time=71.5s
[Epoch 466] train_loss=0.0032 | train_psnr=31.46 dB | val_loss=0.0029 | val_psnr=27.48 dB | time=64.9s
[Epoch 467] train_loss=0.0032 | train_psnr=31.56 dB | val_loss=0.0029 | val_psnr=27.48 dB | time=64.2s
[Epoch 468] train_loss=0.0032 | train_psnr=31.49 dB | val_loss=0.0029 | val_psnr=27.48 dB | time=68.7s
[Epoch 469] train_loss=0.0032 | train_psnr=31.56 dB | val_loss=0.0029 | val_psnr=27.48 dB | time=66.2s
[Epoch 470] train_loss=0.0032 | train_psnr=31.45 dB | val_loss=0.0029 | val_psnr=27.48 dB | time=62.9s
[Epoch 471] train_loss=0.0032 | train_psnr=31.58 dB | val_loss=0.0029 | val_psnr=27.48 dB | time=69.7s
[Epoch 472] train_loss=0.0031 | train_psnr=31.67 dB | val_loss=0.0029 | val_psnr=27.48 dB | time=69.8s
[Epoch 473] train_loss=0.0031 | train_psnr=31.49 dB | val_loss=0.0029 | val_psnr=27.48 dB | time=70.1s
[Epoch 474] train_loss=0.0031 | train_psnr=31.78 dB | val_loss=0.0029 | val_psnr=27.48 dB | time=67.7s
[Epoch 475] train_loss=0.0031 | train_psnr=31.67 dB | val_loss=0.0029 | val_psnr=27.48 dB | time=66.0s
[Epoch 476] train_loss=0.0032 | train_psnr=31.47 dB | val_loss=0.0029 | val_psnr=27.48 dB | time=69.3s
[Epoch 477] train_loss=0.0032 | train_psnr=31.63 dB | val_loss=0.0029 | val_psnr=27.48 dB | time=72.1s
[Epoch 478] train_loss=0.0031 | train_psnr=31.67 dB | val_loss=0.0029 | val_psnr=27.48 dB | time=64.7s
[Epoch 479] train_loss=0.0033 | train_psnr=31.38 dB | val_loss=0.0029 | val_psnr=27.48 dB | time=65.2s
[Epoch 480] train_loss=0.0032 | train_psnr=31.31 dB | val_loss=0.0029 | val_psnr=27.48 dB | time=70.3s
[Epoch 481] train_loss=0.0032 | train_psnr=31.48 dB | val_loss=0.0029 | val_psnr=27.48 dB | time=67.7s
[Epoch 482] train_loss=0.0032 | train_psnr=31.44 dB | val_loss=0.0029 | val_psnr=27.48 dB | time=64.4s
[Epoch 483] train_loss=0.0031 | train_psnr=31.62 dB | val_loss=0.0029 | val_psnr=27.48 dB | time=64.7s
[Epoch 484] train_loss=0.0032 | train_psnr=31.61 dB | val_loss=0.0029 | val_psnr=27.48 dB | time=70.2s
[Epoch 485] train_loss=0.0032 | train_psnr=31.45 dB | val_loss=0.0029 | val_psnr=27.48 dB | time=70.2s
[Epoch 486] train_loss=0.0032 | train_psnr=31.48 dB | val_loss=0.0029 | val_psnr=27.48 dB | time=66.0s
[Epoch 487] train_loss=0.0032 | train_psnr=31.57 dB | val_loss=0.0029 | val_psnr=27.48 dB | time=63.7s
[Epoch 488] train_loss=0.0032 | train_psnr=31.39 dB | val_loss=0.0029 | val_psnr=27.48 dB | time=67.7s
[Epoch 489] train_loss=0.0033 | train_psnr=31.49 dB | val_loss=0.0029 | val_psnr=27.48 dB | time=69.3s
[Epoch 490] train_loss=0.0033 | train_psnr=31.42 dB | val_loss=0.0029 | val_psnr=27.48 dB | time=65.1s
[Epoch 491] train_loss=0.0031 | train_psnr=31.43 dB | val_loss=0.0029 | val_psnr=27.48 dB | time=65.4s
[Epoch 492] train_loss=0.0033 | train_psnr=31.27 dB | val_loss=0.0029 | val_psnr=27.48 dB | time=69.6s
[Epoch 493] train_loss=0.0031 | train_psnr=31.57 dB | val_loss=0.0029 | val_psnr=27.48 dB | time=70.6s
[Epoch 494] train_loss=0.0031 | train_psnr=31.79 dB | val_loss=0.0029 | val_psnr=27.48 dB | time=71.5s
[Epoch 495] train_loss=0.0031 | train_psnr=31.55 dB | val_loss=0.0029 | val_psnr=27.48 dB | time=62.5s
[Epoch 496] train_loss=0.0033 | train_psnr=31.46 dB | val_loss=0.0029 | val_psnr=27.48 dB | time=66.0s
[Epoch 497] train_loss=0.0032 | train_psnr=31.45 dB | val_loss=0.0029 | val_psnr=27.48 dB | time=68.7s
[Epoch 498] train_loss=0.0031 | train_psnr=31.64 dB | val_loss=0.0029 | val_psnr=27.48 dB | time=66.5s
[Epoch 499] train_loss=0.0032 | train_psnr=31.48 dB | val_loss=0.0029 | val_psnr=27.48 dB | time=65.9s
[Epoch 500] train_loss=0.0032 | train_psnr=31.51 dB | val_loss=0.0029 | val_psnr=27.48 dB | time=67.0s

Best PSNR: 27.48 dB
Training complete. Metrics plot saved to experiments/fsrcnn_x4/metrics.png
