LIIF Training — 2026-05-26 22:58:58
Config: {'model': 'liif', 'encoder': 'edsr', 'encoder_args': {'n_feats': 64, 'n_resblocks': 16}, 'liif_args': {'feat_dim': 64, 'hidden_dim': 256, 'local_ensemble': True, 'feat_unfold': True, 'cell_decode': True}, 'train_hr': 'data/DIV2K/DIV2K_train_HR', 'val_hr': 'data/DIV2K/DIV2K_valid_HR', 'patch_size': 48, 'scale_min': 1.0, 'scale_max': 4.0, 'sample_q': 2304, 'val_scale': 4, 'val_batch_q': 30000, 'epochs': 500, 'batch_size': 16, 'lr': 0.0001, 'opt': 'adam', 'crit': 'l1', 'scheduler': 'multi_step', 'milestones': [200, 400], 'gamma': 0.5, 'save_dir': 'experiments/liif_edsr'}
Parameters: 1,530,371
============================================================
[Epoch 001/500] loss=0.096003 | val_psnr(x4)=22.11 dB | lr=1.00e-04 | time=102.1s
[Epoch 002/500] loss=0.041707 | val_psnr(x4)=22.93 dB | lr=1.00e-04 | time=101.9s
[Epoch 003/500] loss=0.037072 | val_psnr(x4)=23.47 dB | lr=1.00e-04 | time=101.6s
[Epoch 004/500] loss=0.034507 | val_psnr(x4)=24.06 dB | lr=1.00e-04 | time=102.9s
[Epoch 005/500] loss=0.031859 | val_psnr(x4)=24.54 dB | lr=1.00e-04 | time=101.7s
[Epoch 006/500] loss=0.030881 | val_psnr(x4)=24.58 dB | lr=1.00e-04 | time=101.8s
[Epoch 007/500] loss=0.029327 | val_psnr(x4)=24.73 dB | lr=1.00e-04 | time=103.4s
[Epoch 008/500] loss=0.028481 | val_psnr(x4)=25.12 dB | lr=1.00e-04 | time=101.3s
[Epoch 009/500] loss=0.028104 | val_psnr(x4)=25.56 dB | lr=1.00e-04 | time=100.7s
[Epoch 010/500] loss=0.026939 | val_psnr(x4)=25.64 dB | lr=1.00e-04 | time=101.0s
[Epoch 011/500] loss=0.026651 | val_psnr(x4)=25.74 dB | lr=1.00e-04 | time=100.6s
[Epoch 012/500] loss=0.026616 | val_psnr(x4)=25.97 dB | lr=1.00e-04 | time=100.5s
[Epoch 013/500] loss=0.025665 | val_psnr(x4)=25.99 dB | lr=1.00e-04 | time=101.3s
[Epoch 014/500] loss=0.024835 | val_psnr(x4)=26.12 dB | lr=1.00e-04 | time=101.7s
[Epoch 015/500] loss=0.025571 | val_psnr(x4)=26.17 dB | lr=1.00e-04 | time=101.5s
[Epoch 016/500] loss=0.025083 | val_psnr(x4)=26.33 dB | lr=1.00e-04 | time=101.5s
[Epoch 017/500] loss=0.023723 | val_psnr(x4)=26.19 dB | lr=1.00e-04 | time=101.6s
[Epoch 018/500] loss=0.024054 | val_psnr(x4)=26.44 dB | lr=1.00e-04 | time=102.2s
[Epoch 019/500] loss=0.023537 | val_psnr(x4)=26.44 dB | lr=1.00e-04 | time=102.3s
[Epoch 020/500] loss=0.023299 | val_psnr(x4)=26.56 dB | lr=1.00e-04 | time=106.2s
[Epoch 021/500] loss=0.022608 | val_psnr(x4)=26.63 dB | lr=1.00e-04 | time=104.3s
[Epoch 022/500] loss=0.023575 | val_psnr(x4)=26.47 dB | lr=1.00e-04 | time=103.7s
[Epoch 023/500] loss=0.022375 | val_psnr(x4)=26.65 dB | lr=1.00e-04 | time=102.8s
[Epoch 024/500] loss=0.022906 | val_psnr(x4)=26.78 dB | lr=1.00e-04 | time=103.0s
[Epoch 025/500] loss=0.022995 | val_psnr(x4)=26.67 dB | lr=1.00e-04 | time=104.2s
[Epoch 026/500] loss=0.022938 | val_psnr(x4)=26.84 dB | lr=1.00e-04 | time=104.0s
[Epoch 027/500] loss=0.022199 | val_psnr(x4)=26.72 dB | lr=1.00e-04 | time=103.7s
[Epoch 028/500] loss=0.021978 | val_psnr(x4)=26.87 dB | lr=1.00e-04 | time=104.1s
[Epoch 029/500] loss=0.022775 | val_psnr(x4)=26.90 dB | lr=1.00e-04 | time=102.9s
[Epoch 030/500] loss=0.021958 | val_psnr(x4)=27.02 dB | lr=1.00e-04 | time=102.3s
[Epoch 031/500] loss=0.021177 | val_psnr(x4)=27.04 dB | lr=1.00e-04 | time=103.2s
[Epoch 032/500] loss=0.021774 | val_psnr(x4)=27.09 dB | lr=1.00e-04 | time=103.7s
[Epoch 033/500] loss=0.022703 | val_psnr(x4)=27.05 dB | lr=1.00e-04 | time=102.9s
[Epoch 034/500] loss=0.021291 | val_psnr(x4)=27.08 dB | lr=1.00e-04 | time=102.6s
[Epoch 035/500] loss=0.021905 | val_psnr(x4)=27.17 dB | lr=1.00e-04 | time=103.4s
[Epoch 036/500] loss=0.021704 | val_psnr(x4)=27.18 dB | lr=1.00e-04 | time=103.8s
[Epoch 037/500] loss=0.021727 | val_psnr(x4)=27.24 dB | lr=1.00e-04 | time=103.7s
[Epoch 038/500] loss=0.021716 | val_psnr(x4)=27.15 dB | lr=1.00e-04 | time=103.0s
[Epoch 039/500] loss=0.021401 | val_psnr(x4)=27.22 dB | lr=1.00e-04 | time=103.5s
[Epoch 040/500] loss=0.020937 | val_psnr(x4)=27.15 dB | lr=1.00e-04 | time=102.7s
[Epoch 041/500] loss=0.021299 | val_psnr(x4)=26.65 dB | lr=1.00e-04 | time=101.7s
[Epoch 042/500] loss=0.020675 | val_psnr(x4)=27.33 dB | lr=1.00e-04 | time=102.6s
[Epoch 043/500] loss=0.020604 | val_psnr(x4)=27.24 dB | lr=1.00e-04 | time=104.1s
[Epoch 044/500] loss=0.021382 | val_psnr(x4)=27.29 dB | lr=1.00e-04 | time=102.6s
[Epoch 045/500] loss=0.022166 | val_psnr(x4)=27.32 dB | lr=1.00e-04 | time=102.1s
[Epoch 046/500] loss=0.020838 | val_psnr(x4)=27.41 dB | lr=1.00e-04 | time=102.9s
[Epoch 047/500] loss=0.020420 | val_psnr(x4)=27.36 dB | lr=1.00e-04 | time=102.4s
[Epoch 048/500] loss=0.021220 | val_psnr(x4)=27.11 dB | lr=1.00e-04 | time=102.0s
[Epoch 049/500] loss=0.020016 | val_psnr(x4)=27.47 dB | lr=1.00e-04 | time=102.3s
[Epoch 050/500] loss=0.020046 | val_psnr(x4)=27.47 dB | lr=1.00e-04 | time=103.6s
[Epoch 051/500] loss=0.020870 | val_psnr(x4)=27.35 dB | lr=1.00e-04 | time=103.5s
[Epoch 052/500] loss=0.020415 | val_psnr(x4)=27.47 dB | lr=1.00e-04 | time=102.3s
[Epoch 053/500] loss=0.020270 | val_psnr(x4)=27.50 dB | lr=1.00e-04 | time=102.5s
[Epoch 054/500] loss=0.019867 | val_psnr(x4)=27.49 dB | lr=1.00e-04 | time=101.7s
[Epoch 055/500] loss=0.020137 | val_psnr(x4)=27.39 dB | lr=1.00e-04 | time=101.1s
[Epoch 056/500] loss=0.020100 | val_psnr(x4)=27.56 dB | lr=1.00e-04 | time=101.6s
[Epoch 057/500] loss=0.020876 | val_psnr(x4)=27.50 dB | lr=1.00e-04 | time=101.1s
[Epoch 058/500] loss=0.020405 | val_psnr(x4)=27.39 dB | lr=1.00e-04 | time=101.2s
[Epoch 059/500] loss=0.019513 | val_psnr(x4)=27.45 dB | lr=1.00e-04 | time=101.8s
[Epoch 060/500] loss=0.020148 | val_psnr(x4)=27.62 dB | lr=1.00e-04 | time=101.9s
[Epoch 061/500] loss=0.019965 | val_psnr(x4)=27.52 dB | lr=1.00e-04 | time=101.5s
[Epoch 062/500] loss=0.019949 | val_psnr(x4)=27.63 dB | lr=1.00e-04 | time=101.8s
[Epoch 063/500] loss=0.019942 | val_psnr(x4)=27.64 dB | lr=1.00e-04 | time=102.1s
[Epoch 064/500] loss=0.019704 | val_psnr(x4)=27.64 dB | lr=1.00e-04 | time=102.2s
[Epoch 065/500] loss=0.018866 | val_psnr(x4)=27.62 dB | lr=1.00e-04 | time=101.5s
[Epoch 066/500] loss=0.019592 | val_psnr(x4)=27.67 dB | lr=1.00e-04 | time=101.8s
[Epoch 067/500] loss=0.019661 | val_psnr(x4)=27.68 dB | lr=1.00e-04 | time=101.7s
[Epoch 068/500] loss=0.019749 | val_psnr(x4)=27.67 dB | lr=1.00e-04 | time=103.1s
[Epoch 069/500] loss=0.019614 | val_psnr(x4)=27.69 dB | lr=1.00e-04 | time=102.3s
[Epoch 070/500] loss=0.019687 | val_psnr(x4)=27.71 dB | lr=1.00e-04 | time=102.3s
[Epoch 071/500] loss=0.019959 | val_psnr(x4)=27.63 dB | lr=1.00e-04 | time=102.1s
[Epoch 072/500] loss=0.019419 | val_psnr(x4)=27.66 dB | lr=1.00e-04 | time=101.2s
[Epoch 073/500] loss=0.020025 | val_psnr(x4)=27.65 dB | lr=1.00e-04 | time=101.3s
[Epoch 074/500] loss=0.019228 | val_psnr(x4)=27.75 dB | lr=1.00e-04 | time=101.8s
[Epoch 075/500] loss=0.019165 | val_psnr(x4)=27.63 dB | lr=1.00e-04 | time=102.1s
[Epoch 076/500] loss=0.020064 | val_psnr(x4)=27.65 dB | lr=1.00e-04 | time=102.7s
[Epoch 077/500] loss=0.018950 | val_psnr(x4)=27.71 dB | lr=1.00e-04 | time=101.4s
[Epoch 078/500] loss=0.019826 | val_psnr(x4)=27.69 dB | lr=1.00e-04 | time=102.0s
[Epoch 079/500] loss=0.019837 | val_psnr(x4)=27.81 dB | lr=1.00e-04 | time=102.0s
[Epoch 080/500] loss=0.019170 | val_psnr(x4)=27.68 dB | lr=1.00e-04 | time=102.9s
[Epoch 081/500] loss=0.019453 | val_psnr(x4)=27.71 dB | lr=1.00e-04 | time=103.4s
[Epoch 082/500] loss=0.019722 | val_psnr(x4)=27.70 dB | lr=1.00e-04 | time=102.5s
[Epoch 083/500] loss=0.019612 | val_psnr(x4)=27.85 dB | lr=1.00e-04 | time=102.3s
[Epoch 084/500] loss=0.018610 | val_psnr(x4)=27.79 dB | lr=1.00e-04 | time=102.8s
[Epoch 085/500] loss=0.018694 | val_psnr(x4)=27.80 dB | lr=1.00e-04 | time=102.3s
[Epoch 086/500] loss=0.018763 | val_psnr(x4)=27.84 dB | lr=1.00e-04 | time=102.6s
[Epoch 087/500] loss=0.019217 | val_psnr(x4)=27.76 dB | lr=1.00e-04 | time=102.7s
[Epoch 088/500] loss=0.019306 | val_psnr(x4)=27.87 dB | lr=1.00e-04 | time=102.1s
[Epoch 089/500] loss=0.019078 | val_psnr(x4)=27.84 dB | lr=1.00e-04 | time=102.8s
[Epoch 090/500] loss=0.019232 | val_psnr(x4)=27.73 dB | lr=1.00e-04 | time=102.5s
[Epoch 091/500] loss=0.019563 | val_psnr(x4)=27.91 dB | lr=1.00e-04 | time=102.2s
[Epoch 092/500] loss=0.019514 | val_psnr(x4)=27.75 dB | lr=1.00e-04 | time=102.4s
[Epoch 093/500] loss=0.018812 | val_psnr(x4)=27.93 dB | lr=1.00e-04 | time=101.6s
[Epoch 094/500] loss=0.018797 | val_psnr(x4)=27.95 dB | lr=1.00e-04 | time=102.2s
[Epoch 095/500] loss=0.018500 | val_psnr(x4)=27.86 dB | lr=1.00e-04 | time=101.9s
[Epoch 096/500] loss=0.018805 | val_psnr(x4)=27.92 dB | lr=1.00e-04 | time=104.4s
[Epoch 097/500] loss=0.019241 | val_psnr(x4)=27.92 dB | lr=1.00e-04 | time=104.4s
[Epoch 098/500] loss=0.018332 | val_psnr(x4)=27.94 dB | lr=1.00e-04 | time=102.3s
[Epoch 099/500] loss=0.018961 | val_psnr(x4)=27.77 dB | lr=1.00e-04 | time=102.6s
[Epoch 100/500] loss=0.019238 | val_psnr(x4)=27.96 dB | lr=1.00e-04 | time=103.0s
[Epoch 101/500] loss=0.018354 | val_psnr(x4)=27.93 dB | lr=1.00e-04 | time=102.5s
[Epoch 102/500] loss=0.018959 | val_psnr(x4)=27.91 dB | lr=1.00e-04 | time=101.9s
[Epoch 103/500] loss=0.018859 | val_psnr(x4)=27.65 dB | lr=1.00e-04 | time=103.1s
[Epoch 104/500] loss=0.019109 | val_psnr(x4)=27.95 dB | lr=1.00e-04 | time=102.6s
[Epoch 105/500] loss=0.018659 | val_psnr(x4)=27.98 dB | lr=1.00e-04 | time=102.2s
[Epoch 106/500] loss=0.019277 | val_psnr(x4)=27.97 dB | lr=1.00e-04 | time=102.1s
[Epoch 107/500] loss=0.018790 | val_psnr(x4)=27.81 dB | lr=1.00e-04 | time=101.6s
[Epoch 108/500] loss=0.018616 | val_psnr(x4)=28.00 dB | lr=1.00e-04 | time=102.7s
[Epoch 109/500] loss=0.018693 | val_psnr(x4)=27.90 dB | lr=1.00e-04 | time=102.4s
[Epoch 110/500] loss=0.018660 | val_psnr(x4)=27.81 dB | lr=1.00e-04 | time=102.4s
[Epoch 111/500] loss=0.018824 | val_psnr(x4)=28.02 dB | lr=1.00e-04 | time=103.1s
[Epoch 112/500] loss=0.018376 | val_psnr(x4)=27.93 dB | lr=1.00e-04 | time=103.8s
[Epoch 113/500] loss=0.018697 | val_psnr(x4)=28.03 dB | lr=1.00e-04 | time=102.6s
[Epoch 114/500] loss=0.018573 | val_psnr(x4)=28.01 dB | lr=1.00e-04 | time=103.1s
[Epoch 115/500] loss=0.019196 | val_psnr(x4)=27.82 dB | lr=1.00e-04 | time=102.4s
[Epoch 116/500] loss=0.018825 | val_psnr(x4)=27.93 dB | lr=1.00e-04 | time=102.4s
[Epoch 117/500] loss=0.018823 | val_psnr(x4)=27.91 dB | lr=1.00e-04 | time=102.1s
[Epoch 118/500] loss=0.018300 | val_psnr(x4)=27.91 dB | lr=1.00e-04 | time=102.2s
[Epoch 119/500] loss=0.018577 | val_psnr(x4)=27.95 dB | lr=1.00e-04 | time=102.0s
[Epoch 120/500] loss=0.018550 | val_psnr(x4)=28.05 dB | lr=1.00e-04 | time=102.2s
[Epoch 121/500] loss=0.018217 | val_psnr(x4)=27.95 dB | lr=1.00e-04 | time=101.9s
[Epoch 122/500] loss=0.019201 | val_psnr(x4)=28.07 dB | lr=1.00e-04 | time=102.4s
[Epoch 123/500] loss=0.018269 | val_psnr(x4)=28.07 dB | lr=1.00e-04 | time=101.7s
[Epoch 124/500] loss=0.018590 | val_psnr(x4)=27.92 dB | lr=1.00e-04 | time=104.9s
[Epoch 125/500] loss=0.019258 | val_psnr(x4)=27.90 dB | lr=1.00e-04 | time=102.4s
[Epoch 126/500] loss=0.018609 | val_psnr(x4)=27.97 dB | lr=1.00e-04 | time=102.0s
[Epoch 127/500] loss=0.018053 | val_psnr(x4)=28.02 dB | lr=1.00e-04 | time=102.8s
[Epoch 128/500] loss=0.018007 | val_psnr(x4)=28.05 dB | lr=1.00e-04 | time=101.9s
[Epoch 129/500] loss=0.018307 | val_psnr(x4)=28.04 dB | lr=1.00e-04 | time=101.9s
[Epoch 130/500] loss=0.018564 | val_psnr(x4)=28.01 dB | lr=1.00e-04 | time=102.2s
[Epoch 131/500] loss=0.018671 | val_psnr(x4)=28.04 dB | lr=1.00e-04 | time=101.5s
[Epoch 132/500] loss=0.018255 | val_psnr(x4)=28.08 dB | lr=1.00e-04 | time=101.8s
[Epoch 133/500] loss=0.018346 | val_psnr(x4)=27.97 dB | lr=1.00e-04 | time=103.1s
[Epoch 134/500] loss=0.018552 | val_psnr(x4)=28.09 dB | lr=1.00e-04 | time=104.6s
[Epoch 135/500] loss=0.018720 | val_psnr(x4)=28.11 dB | lr=1.00e-04 | time=102.8s
[Epoch 136/500] loss=0.018278 | val_psnr(x4)=28.11 dB | lr=1.00e-04 | time=102.2s
[Epoch 137/500] loss=0.018898 | val_psnr(x4)=28.05 dB | lr=1.00e-04 | time=102.1s
[Epoch 138/500] loss=0.017883 | val_psnr(x4)=28.15 dB | lr=1.00e-04 | time=102.2s
[Epoch 139/500] loss=0.018859 | val_psnr(x4)=28.14 dB | lr=1.00e-04 | time=103.0s
[Epoch 140/500] loss=0.018246 | val_psnr(x4)=28.06 dB | lr=1.00e-04 | time=102.5s
[Epoch 141/500] loss=0.018718 | val_psnr(x4)=28.10 dB | lr=1.00e-04 | time=101.4s
[Epoch 142/500] loss=0.018017 | val_psnr(x4)=28.10 dB | lr=1.00e-04 | time=102.0s
[Epoch 143/500] loss=0.018220 | val_psnr(x4)=28.06 dB | lr=1.00e-04 | time=102.1s
[Epoch 144/500] loss=0.018095 | val_psnr(x4)=28.03 dB | lr=1.00e-04 | time=102.6s
[Epoch 145/500] loss=0.018358 | val_psnr(x4)=28.14 dB | lr=1.00e-04 | time=102.0s
[Epoch 146/500] loss=0.017749 | val_psnr(x4)=28.15 dB | lr=1.00e-04 | time=104.5s
[Epoch 147/500] loss=0.018366 | val_psnr(x4)=28.14 dB | lr=1.00e-04 | time=102.2s
[Epoch 148/500] loss=0.018177 | val_psnr(x4)=28.01 dB | lr=1.00e-04 | time=101.6s
[Epoch 149/500] loss=0.018866 | val_psnr(x4)=28.16 dB | lr=1.00e-04 | time=102.4s
[Epoch 150/500] loss=0.018190 | val_psnr(x4)=28.02 dB | lr=1.00e-04 | time=102.4s
[Epoch 151/500] loss=0.018166 | val_psnr(x4)=28.18 dB | lr=1.00e-04 | time=102.3s
[Epoch 152/500] loss=0.018130 | val_psnr(x4)=28.17 dB | lr=1.00e-04 | time=102.4s
[Epoch 153/500] loss=0.018248 | val_psnr(x4)=28.12 dB | lr=1.00e-04 | time=101.9s
[Epoch 154/500] loss=0.017637 | val_psnr(x4)=28.13 dB | lr=1.00e-04 | time=102.1s
[Epoch 155/500] loss=0.017859 | val_psnr(x4)=28.03 dB | lr=1.00e-04 | time=102.0s
[Epoch 156/500] loss=0.018009 | val_psnr(x4)=28.15 dB | lr=1.00e-04 | time=102.0s
[Epoch 157/500] loss=0.018125 | val_psnr(x4)=28.16 dB | lr=1.00e-04 | time=102.1s
[Epoch 158/500] loss=0.017900 | val_psnr(x4)=28.07 dB | lr=1.00e-04 | time=102.1s
[Epoch 159/500] loss=0.018359 | val_psnr(x4)=28.15 dB | lr=1.00e-04 | time=104.4s
[Epoch 160/500] loss=0.018349 | val_psnr(x4)=28.17 dB | lr=1.00e-04 | time=102.0s
[Epoch 161/500] loss=0.017837 | val_psnr(x4)=27.98 dB | lr=1.00e-04 | time=102.2s
[Epoch 162/500] loss=0.017941 | val_psnr(x4)=27.99 dB | lr=1.00e-04 | time=102.2s
[Epoch 163/500] loss=0.018468 | val_psnr(x4)=28.19 dB | lr=1.00e-04 | time=103.0s
[Epoch 164/500] loss=0.018277 | val_psnr(x4)=28.19 dB | lr=1.00e-04 | time=102.7s
[Epoch 165/500] loss=0.018785 | val_psnr(x4)=28.17 dB | lr=1.00e-04 | time=102.1s
[Epoch 166/500] loss=0.017996 | val_psnr(x4)=28.15 dB | lr=1.00e-04 | time=102.7s
[Epoch 167/500] loss=0.017817 | val_psnr(x4)=28.15 dB | lr=1.00e-04 | time=102.3s
[Epoch 168/500] loss=0.018629 | val_psnr(x4)=28.14 dB | lr=1.00e-04 | time=102.6s
[Epoch 169/500] loss=0.018197 | val_psnr(x4)=28.09 dB | lr=1.00e-04 | time=102.3s
[Epoch 170/500] loss=0.018772 | val_psnr(x4)=28.22 dB | lr=1.00e-04 | time=102.3s
[Epoch 171/500] loss=0.017924 | val_psnr(x4)=28.16 dB | lr=1.00e-04 | time=103.7s
[Epoch 172/500] loss=0.018422 | val_psnr(x4)=28.17 dB | lr=1.00e-04 | time=102.1s
[Epoch 173/500] loss=0.017432 | val_psnr(x4)=28.21 dB | lr=1.00e-04 | time=104.2s
[Epoch 174/500] loss=0.018016 | val_psnr(x4)=28.23 dB | lr=1.00e-04 | time=103.5s
[Epoch 175/500] loss=0.018197 | val_psnr(x4)=28.13 dB | lr=1.00e-04 | time=103.4s
[Epoch 176/500] loss=0.018055 | val_psnr(x4)=28.06 dB | lr=1.00e-04 | time=102.6s
[Epoch 177/500] loss=0.018148 | val_psnr(x4)=28.20 dB | lr=1.00e-04 | time=103.0s
[Epoch 178/500] loss=0.018263 | val_psnr(x4)=28.21 dB | lr=1.00e-04 | time=102.6s
[Epoch 179/500] loss=0.018154 | val_psnr(x4)=28.22 dB | lr=1.00e-04 | time=102.4s
[Epoch 180/500] loss=0.017964 | val_psnr(x4)=28.21 dB | lr=1.00e-04 | time=102.9s
[Epoch 181/500] loss=0.018088 | val_psnr(x4)=28.25 dB | lr=1.00e-04 | time=103.0s
[Epoch 182/500] loss=0.018349 | val_psnr(x4)=28.19 dB | lr=1.00e-04 | time=102.7s
[Epoch 183/500] loss=0.018313 | val_psnr(x4)=28.21 dB | lr=1.00e-04 | time=102.9s
[Epoch 184/500] loss=0.018264 | val_psnr(x4)=28.09 dB | lr=1.00e-04 | time=102.5s
[Epoch 185/500] loss=0.018513 | val_psnr(x4)=28.25 dB | lr=1.00e-04 | time=102.7s
[Epoch 186/500] loss=0.018335 | val_psnr(x4)=28.16 dB | lr=1.00e-04 | time=102.2s
[Epoch 187/500] loss=0.017733 | val_psnr(x4)=27.68 dB | lr=1.00e-04 | time=102.8s
[Epoch 188/500] loss=0.018035 | val_psnr(x4)=28.07 dB | lr=1.00e-04 | time=102.6s
[Epoch 189/500] loss=0.017762 | val_psnr(x4)=28.17 dB | lr=1.00e-04 | time=101.3s
[Epoch 190/500] loss=0.017574 | val_psnr(x4)=28.22 dB | lr=1.00e-04 | time=103.1s
[Epoch 191/500] loss=0.017632 | val_psnr(x4)=28.22 dB | lr=1.00e-04 | time=104.9s
[Epoch 192/500] loss=0.017587 | val_psnr(x4)=28.26 dB | lr=1.00e-04 | time=103.1s
[Epoch 193/500] loss=0.017951 | val_psnr(x4)=28.20 dB | lr=1.00e-04 | time=102.0s
[Epoch 194/500] loss=0.018353 | val_psnr(x4)=28.24 dB | lr=1.00e-04 | time=107.2s
[Epoch 195/500] loss=0.018329 | val_psnr(x4)=28.23 dB | lr=1.00e-04 | time=102.8s
[Epoch 196/500] loss=0.017638 | val_psnr(x4)=28.28 dB | lr=1.00e-04 | time=102.3s
[Epoch 197/500] loss=0.017729 | val_psnr(x4)=28.26 dB | lr=1.00e-04 | time=102.5s
[Epoch 198/500] loss=0.018200 | val_psnr(x4)=28.25 dB | lr=1.00e-04 | time=102.9s
[Epoch 199/500] loss=0.018534 | val_psnr(x4)=28.27 dB | lr=1.00e-04 | time=101.8s
[Epoch 200/500] loss=0.017654 | val_psnr(x4)=28.24 dB | lr=5.00e-05 | time=102.3s
[Epoch 201/500] loss=0.017102 | val_psnr(x4)=28.32 dB | lr=5.00e-05 | time=106.9s
[Epoch 202/500] loss=0.017757 | val_psnr(x4)=28.30 dB | lr=5.00e-05 | time=102.3s
[Epoch 203/500] loss=0.017668 | val_psnr(x4)=28.33 dB | lr=5.00e-05 | time=103.0s
[Epoch 204/500] loss=0.017457 | val_psnr(x4)=28.33 dB | lr=5.00e-05 | time=102.1s
[Epoch 205/500] loss=0.017481 | val_psnr(x4)=28.34 dB | lr=5.00e-05 | time=102.7s
[Epoch 206/500] loss=0.017198 | val_psnr(x4)=28.30 dB | lr=5.00e-05 | time=102.2s
[Epoch 207/500] loss=0.017474 | val_psnr(x4)=28.32 dB | lr=5.00e-05 | time=101.6s
[Epoch 208/500] loss=0.017215 | val_psnr(x4)=28.34 dB | lr=5.00e-05 | time=102.5s
[Epoch 209/500] loss=0.017452 | val_psnr(x4)=28.33 dB | lr=5.00e-05 | time=102.4s
[Epoch 210/500] loss=0.017732 | val_psnr(x4)=28.33 dB | lr=5.00e-05 | time=102.7s
[Epoch 211/500] loss=0.016972 | val_psnr(x4)=28.34 dB | lr=5.00e-05 | time=102.3s
[Epoch 212/500] loss=0.017631 | val_psnr(x4)=28.32 dB | lr=5.00e-05 | time=102.1s
[Epoch 213/500] loss=0.017301 | val_psnr(x4)=28.32 dB | lr=5.00e-05 | time=102.9s
[Epoch 214/500] loss=0.017026 | val_psnr(x4)=28.30 dB | lr=5.00e-05 | time=102.8s
[Epoch 215/500] loss=0.017855 | val_psnr(x4)=28.33 dB | lr=5.00e-05 | time=103.0s
[Epoch 216/500] loss=0.017033 | val_psnr(x4)=28.31 dB | lr=5.00e-05 | time=102.9s
[Epoch 217/500] loss=0.017394 | val_psnr(x4)=28.24 dB | lr=5.00e-05 | time=103.0s
[Epoch 218/500] loss=0.017761 | val_psnr(x4)=28.30 dB | lr=5.00e-05 | time=103.0s
[Epoch 219/500] loss=0.017190 | val_psnr(x4)=28.35 dB | lr=5.00e-05 | time=102.4s
[Epoch 220/500] loss=0.017708 | val_psnr(x4)=28.34 dB | lr=5.00e-05 | time=102.7s
[Epoch 221/500] loss=0.017346 | val_psnr(x4)=28.32 dB | lr=5.00e-05 | time=103.9s
[Epoch 222/500] loss=0.017376 | val_psnr(x4)=28.36 dB | lr=5.00e-05 | time=102.7s
[Epoch 223/500] loss=0.016937 | val_psnr(x4)=28.36 dB | lr=5.00e-05 | time=102.9s
[Epoch 224/500] loss=0.017119 | val_psnr(x4)=28.36 dB | lr=5.00e-05 | time=102.8s
[Epoch 225/500] loss=0.017081 | val_psnr(x4)=28.35 dB | lr=5.00e-05 | time=102.9s
[Epoch 226/500] loss=0.016949 | val_psnr(x4)=28.33 dB | lr=5.00e-05 | time=102.6s
[Epoch 227/500] loss=0.017023 | val_psnr(x4)=28.33 dB | lr=5.00e-05 | time=102.4s
[Epoch 228/500] loss=0.017374 | val_psnr(x4)=28.34 dB | lr=5.00e-05 | time=104.0s
[Epoch 229/500] loss=0.017513 | val_psnr(x4)=28.30 dB | lr=5.00e-05 | time=102.3s
[Epoch 230/500] loss=0.017602 | val_psnr(x4)=28.26 dB | lr=5.00e-05 | time=102.4s
[Epoch 231/500] loss=0.017777 | val_psnr(x4)=28.37 dB | lr=5.00e-05 | time=102.3s
[Epoch 232/500] loss=0.016912 | val_psnr(x4)=28.36 dB | lr=5.00e-05 | time=102.4s
[Epoch 233/500] loss=0.017418 | val_psnr(x4)=28.37 dB | lr=5.00e-05 | time=102.7s
[Epoch 234/500] loss=0.017505 | val_psnr(x4)=28.36 dB | lr=5.00e-05 | time=107.5s
[Epoch 235/500] loss=0.017124 | val_psnr(x4)=28.36 dB | lr=5.00e-05 | time=103.7s
[Epoch 236/500] loss=0.017161 | val_psnr(x4)=28.37 dB | lr=5.00e-05 | time=103.0s
[Epoch 237/500] loss=0.017886 | val_psnr(x4)=28.36 dB | lr=5.00e-05 | time=104.4s
[Epoch 238/500] loss=0.017651 | val_psnr(x4)=28.37 dB | lr=5.00e-05 | time=103.4s
[Epoch 239/500] loss=0.017783 | val_psnr(x4)=28.29 dB | lr=5.00e-05 | time=102.0s
[Epoch 240/500] loss=0.017249 | val_psnr(x4)=28.29 dB | lr=5.00e-05 | time=102.2s
[Epoch 241/500] loss=0.017639 | val_psnr(x4)=28.31 dB | lr=5.00e-05 | time=102.1s
[Epoch 242/500] loss=0.017492 | val_psnr(x4)=28.37 dB | lr=5.00e-05 | time=102.5s
[Epoch 243/500] loss=0.017294 | val_psnr(x4)=28.36 dB | lr=5.00e-05 | time=101.6s
[Epoch 244/500] loss=0.017704 | val_psnr(x4)=28.37 dB | lr=5.00e-05 | time=102.4s
[Epoch 245/500] loss=0.017853 | val_psnr(x4)=28.37 dB | lr=5.00e-05 | time=101.7s
[Epoch 246/500] loss=0.017074 | val_psnr(x4)=28.39 dB | lr=5.00e-05 | time=102.5s
[Epoch 247/500] loss=0.017734 | val_psnr(x4)=28.37 dB | lr=5.00e-05 | time=102.3s
[Epoch 248/500] loss=0.017638 | val_psnr(x4)=28.36 dB | lr=5.00e-05 | time=103.6s
[Epoch 249/500] loss=0.018105 | val_psnr(x4)=28.37 dB | lr=5.00e-05 | time=102.4s
[Epoch 250/500] loss=0.016989 | val_psnr(x4)=28.38 dB | lr=5.00e-05 | time=102.8s
[Epoch 251/500] loss=0.016697 | val_psnr(x4)=28.35 dB | lr=5.00e-05 | time=101.8s
[Epoch 252/500] loss=0.017133 | val_psnr(x4)=28.38 dB | lr=5.00e-05 | time=102.0s
[Epoch 253/500] loss=0.017665 | val_psnr(x4)=28.37 dB | lr=5.00e-05 | time=102.4s
[Epoch 254/500] loss=0.017276 | val_psnr(x4)=28.39 dB | lr=5.00e-05 | time=101.5s
[Epoch 255/500] loss=0.017263 | val_psnr(x4)=28.39 dB | lr=5.00e-05 | time=101.6s
[Epoch 256/500] loss=0.017226 | val_psnr(x4)=28.39 dB | lr=5.00e-05 | time=101.8s
[Epoch 257/500] loss=0.017279 | val_psnr(x4)=28.40 dB | lr=5.00e-05 | time=102.5s
[Epoch 258/500] loss=0.016955 | val_psnr(x4)=28.39 dB | lr=5.00e-05 | time=102.0s
[Epoch 259/500] loss=0.016971 | val_psnr(x4)=28.37 dB | lr=5.00e-05 | time=102.2s
[Epoch 260/500] loss=0.016995 | val_psnr(x4)=28.25 dB | lr=5.00e-05 | time=102.6s
[Epoch 261/500] loss=0.016728 | val_psnr(x4)=28.40 dB | lr=5.00e-05 | time=102.7s
[Epoch 262/500] loss=0.017229 | val_psnr(x4)=28.38 dB | lr=5.00e-05 | time=102.1s
[Epoch 263/500] loss=0.017345 | val_psnr(x4)=28.32 dB | lr=5.00e-05 | time=102.6s
[Epoch 264/500] loss=0.017857 | val_psnr(x4)=28.38 dB | lr=5.00e-05 | time=101.6s
[Epoch 265/500] loss=0.017002 | val_psnr(x4)=28.36 dB | lr=5.00e-05 | time=101.9s
[Epoch 266/500] loss=0.016962 | val_psnr(x4)=28.35 dB | lr=5.00e-05 | time=102.4s
[Epoch 267/500] loss=0.016936 | val_psnr(x4)=28.39 dB | lr=5.00e-05 | time=102.1s
[Epoch 268/500] loss=0.017332 | val_psnr(x4)=28.36 dB | lr=5.00e-05 | time=102.2s
[Epoch 269/500] loss=0.017309 | val_psnr(x4)=28.38 dB | lr=5.00e-05 | time=102.9s
[Epoch 270/500] loss=0.017284 | val_psnr(x4)=28.39 dB | lr=5.00e-05 | time=102.2s
[Epoch 271/500] loss=0.016700 | val_psnr(x4)=28.39 dB | lr=5.00e-05 | time=102.6s
[Epoch 272/500] loss=0.017377 | val_psnr(x4)=28.40 dB | lr=5.00e-05 | time=103.7s
[Epoch 273/500] loss=0.017050 | val_psnr(x4)=28.40 dB | lr=5.00e-05 | time=102.1s
[Epoch 274/500] loss=0.016882 | val_psnr(x4)=28.41 dB | lr=5.00e-05 | time=102.7s
[Epoch 275/500] loss=0.017147 | val_psnr(x4)=28.31 dB | lr=5.00e-05 | time=101.5s
[Epoch 276/500] loss=0.017147 | val_psnr(x4)=28.35 dB | lr=5.00e-05 | time=106.6s
[Epoch 277/500] loss=0.017591 | val_psnr(x4)=28.37 dB | lr=5.00e-05 | time=105.1s
[Epoch 278/500] loss=0.017465 | val_psnr(x4)=28.41 dB | lr=5.00e-05 | time=102.7s
[Epoch 279/500] loss=0.017275 | val_psnr(x4)=28.34 dB | lr=5.00e-05 | time=102.6s
[Epoch 280/500] loss=0.016978 | val_psnr(x4)=28.38 dB | lr=5.00e-05 | time=101.9s
[Epoch 281/500] loss=0.017372 | val_psnr(x4)=28.35 dB | lr=5.00e-05 | time=102.3s
[Epoch 282/500] loss=0.016980 | val_psnr(x4)=28.40 dB | lr=5.00e-05 | time=103.2s
[Epoch 283/500] loss=0.017234 | val_psnr(x4)=28.38 dB | lr=5.00e-05 | time=102.2s
[Epoch 284/500] loss=0.016815 | val_psnr(x4)=28.32 dB | lr=5.00e-05 | time=101.7s
[Epoch 285/500] loss=0.017214 | val_psnr(x4)=28.37 dB | lr=5.00e-05 | time=101.5s
[Epoch 286/500] loss=0.017313 | val_psnr(x4)=28.39 dB | lr=5.00e-05 | time=103.4s
[Epoch 287/500] loss=0.017359 | val_psnr(x4)=28.39 dB | lr=5.00e-05 | time=101.9s
[Epoch 288/500] loss=0.016839 | val_psnr(x4)=28.39 dB | lr=5.00e-05 | time=104.1s
[Epoch 289/500] loss=0.016786 | val_psnr(x4)=28.41 dB | lr=5.00e-05 | time=104.1s
[Epoch 290/500] loss=0.017648 | val_psnr(x4)=28.41 dB | lr=5.00e-05 | time=102.5s
[Epoch 291/500] loss=0.016805 | val_psnr(x4)=28.40 dB | lr=5.00e-05 | time=103.2s
[Epoch 292/500] loss=0.017366 | val_psnr(x4)=28.40 dB | lr=5.00e-05 | time=103.0s
[Epoch 293/500] loss=0.017080 | val_psnr(x4)=28.39 dB | lr=5.00e-05 | time=101.9s
[Epoch 294/500] loss=0.017063 | val_psnr(x4)=28.41 dB | lr=5.00e-05 | time=101.8s
[Epoch 295/500] loss=0.016695 | val_psnr(x4)=28.41 dB | lr=5.00e-05 | time=102.4s
[Epoch 296/500] loss=0.017250 | val_psnr(x4)=28.42 dB | lr=5.00e-05 | time=103.2s
[Epoch 297/500] loss=0.017652 | val_psnr(x4)=28.40 dB | lr=5.00e-05 | time=102.2s
[Epoch 298/500] loss=0.017428 | val_psnr(x4)=28.41 dB | lr=5.00e-05 | time=102.3s
[Epoch 299/500] loss=0.017340 | val_psnr(x4)=28.41 dB | lr=5.00e-05 | time=102.2s
[Epoch 300/500] loss=0.017028 | val_psnr(x4)=28.40 dB | lr=5.00e-05 | time=102.0s
[Epoch 301/500] loss=0.017276 | val_psnr(x4)=28.43 dB | lr=5.00e-05 | time=102.7s
[Epoch 302/500] loss=0.017147 | val_psnr(x4)=28.40 dB | lr=5.00e-05 | time=102.8s
[Epoch 303/500] loss=0.016701 | val_psnr(x4)=28.25 dB | lr=5.00e-05 | time=102.6s
[Epoch 304/500] loss=0.017425 | val_psnr(x4)=28.26 dB | lr=5.00e-05 | time=102.5s
[Epoch 305/500] loss=0.017126 | val_psnr(x4)=28.42 dB | lr=5.00e-05 | time=102.0s
[Epoch 306/500] loss=0.016791 | val_psnr(x4)=28.42 dB | lr=5.00e-05 | time=101.9s
[Epoch 307/500] loss=0.017030 | val_psnr(x4)=28.41 dB | lr=5.00e-05 | time=103.9s
[Epoch 308/500] loss=0.016984 | val_psnr(x4)=28.40 dB | lr=5.00e-05 | time=102.7s
[Epoch 309/500] loss=0.016934 | val_psnr(x4)=28.43 dB | lr=5.00e-05 | time=103.4s
[Epoch 310/500] loss=0.017388 | val_psnr(x4)=28.42 dB | lr=5.00e-05 | time=102.5s
[Epoch 311/500] loss=0.017187 | val_psnr(x4)=28.42 dB | lr=5.00e-05 | time=103.3s
[Epoch 312/500] loss=0.017186 | val_psnr(x4)=28.41 dB | lr=5.00e-05 | time=103.5s
[Epoch 313/500] loss=0.016915 | val_psnr(x4)=28.40 dB | lr=5.00e-05 | time=101.4s
[Epoch 314/500] loss=0.017160 | val_psnr(x4)=28.44 dB | lr=5.00e-05 | time=102.0s
[Epoch 315/500] loss=0.017336 | val_psnr(x4)=28.42 dB | lr=5.00e-05 | time=102.1s
[Epoch 316/500] loss=0.017186 | val_psnr(x4)=28.39 dB | lr=5.00e-05 | time=102.0s
[Epoch 317/500] loss=0.016940 | val_psnr(x4)=28.41 dB | lr=5.00e-05 | time=102.1s
[Epoch 318/500] loss=0.017149 | val_psnr(x4)=28.39 dB | lr=5.00e-05 | time=102.3s
[Epoch 319/500] loss=0.017823 | val_psnr(x4)=28.43 dB | lr=5.00e-05 | time=101.7s
[Epoch 320/500] loss=0.017245 | val_psnr(x4)=28.40 dB | lr=5.00e-05 | time=102.3s
[Epoch 321/500] loss=0.017206 | val_psnr(x4)=28.40 dB | lr=5.00e-05 | time=104.0s
[Epoch 322/500] loss=0.017139 | val_psnr(x4)=28.41 dB | lr=5.00e-05 | time=101.4s
[Epoch 323/500] loss=0.016897 | val_psnr(x4)=28.43 dB | lr=5.00e-05 | time=102.0s
[Epoch 324/500] loss=0.016925 | val_psnr(x4)=28.42 dB | lr=5.00e-05 | time=101.1s
[Epoch 325/500] loss=0.016956 | val_psnr(x4)=28.44 dB | lr=5.00e-05 | time=101.8s
[Epoch 326/500] loss=0.016926 | val_psnr(x4)=28.42 dB | lr=5.00e-05 | time=102.7s
[Epoch 327/500] loss=0.017142 | val_psnr(x4)=28.43 dB | lr=5.00e-05 | time=101.1s
[Epoch 328/500] loss=0.016959 | val_psnr(x4)=28.42 dB | lr=5.00e-05 | time=101.7s
[Epoch 329/500] loss=0.017470 | val_psnr(x4)=28.39 dB | lr=5.00e-05 | time=101.6s
[Epoch 330/500] loss=0.016730 | val_psnr(x4)=28.41 dB | lr=5.00e-05 | time=102.5s
[Epoch 331/500] loss=0.017332 | val_psnr(x4)=28.44 dB | lr=5.00e-05 | time=102.6s
[Epoch 332/500] loss=0.017385 | val_psnr(x4)=28.43 dB | lr=5.00e-05 | time=101.8s
[Epoch 333/500] loss=0.017431 | val_psnr(x4)=28.40 dB | lr=5.00e-05 | time=101.0s
[Epoch 334/500] loss=0.017513 | val_psnr(x4)=28.44 dB | lr=5.00e-05 | time=100.9s
[Epoch 335/500] loss=0.017493 | val_psnr(x4)=28.44 dB | lr=5.00e-05 | time=101.4s
[Epoch 336/500] loss=0.016672 | val_psnr(x4)=28.38 dB | lr=5.00e-05 | time=101.4s
[Epoch 337/500] loss=0.017209 | val_psnr(x4)=28.45 dB | lr=5.00e-05 | time=102.0s
[Epoch 338/500] loss=0.017148 | val_psnr(x4)=28.44 dB | lr=5.00e-05 | time=102.4s
[Epoch 339/500] loss=0.017338 | val_psnr(x4)=28.39 dB | lr=5.00e-05 | time=101.5s
[Epoch 340/500] loss=0.017566 | val_psnr(x4)=28.37 dB | lr=5.00e-05 | time=102.1s
[Epoch 341/500] loss=0.017262 | val_psnr(x4)=28.40 dB | lr=5.00e-05 | time=103.0s
[Epoch 342/500] loss=0.017223 | val_psnr(x4)=28.42 dB | lr=5.00e-05 | time=101.8s
[Epoch 343/500] loss=0.017184 | val_psnr(x4)=28.40 dB | lr=5.00e-05 | time=101.3s
[Epoch 344/500] loss=0.017123 | val_psnr(x4)=28.44 dB | lr=5.00e-05 | time=101.7s
[Epoch 345/500] loss=0.017522 | val_psnr(x4)=28.40 dB | lr=5.00e-05 | time=102.5s
[Epoch 346/500] loss=0.017022 | val_psnr(x4)=28.45 dB | lr=5.00e-05 | time=102.5s
[Epoch 347/500] loss=0.017162 | val_psnr(x4)=28.44 dB | lr=5.00e-05 | time=102.4s
[Epoch 348/500] loss=0.017243 | val_psnr(x4)=28.44 dB | lr=5.00e-05 | time=102.3s
[Epoch 349/500] loss=0.017211 | val_psnr(x4)=28.46 dB | lr=5.00e-05 | time=101.3s
[Epoch 350/500] loss=0.017141 | val_psnr(x4)=28.44 dB | lr=5.00e-05 | time=101.0s
[Epoch 351/500] loss=0.016899 | val_psnr(x4)=28.34 dB | lr=5.00e-05 | time=101.5s
[Epoch 352/500] loss=0.017128 | val_psnr(x4)=28.43 dB | lr=5.00e-05 | time=101.8s
[Epoch 353/500] loss=0.017518 | val_psnr(x4)=28.45 dB | lr=5.00e-05 | time=101.4s
[Epoch 354/500] loss=0.017002 | val_psnr(x4)=28.45 dB | lr=5.00e-05 | time=102.0s
[Epoch 355/500] loss=0.017023 | val_psnr(x4)=28.45 dB | lr=5.00e-05 | time=101.8s
[Epoch 356/500] loss=0.017388 | val_psnr(x4)=28.45 dB | lr=5.00e-05 | time=101.9s
[Epoch 357/500] loss=0.016896 | val_psnr(x4)=28.44 dB | lr=5.00e-05 | time=102.3s
[Epoch 358/500] loss=0.017369 | val_psnr(x4)=28.45 dB | lr=5.00e-05 | time=101.6s
[Epoch 359/500] loss=0.016875 | val_psnr(x4)=28.45 dB | lr=5.00e-05 | time=101.3s
[Epoch 360/500] loss=0.017319 | val_psnr(x4)=28.46 dB | lr=5.00e-05 | time=103.9s
[Epoch 361/500] loss=0.017011 | val_psnr(x4)=28.40 dB | lr=5.00e-05 | time=102.0s
[Epoch 362/500] loss=0.017019 | val_psnr(x4)=28.46 dB | lr=5.00e-05 | time=101.9s
[Epoch 363/500] loss=0.016450 | val_psnr(x4)=28.44 dB | lr=5.00e-05 | time=101.8s
[Epoch 364/500] loss=0.016960 | val_psnr(x4)=28.45 dB | lr=5.00e-05 | time=101.6s
[Epoch 365/500] loss=0.017195 | val_psnr(x4)=28.44 dB | lr=5.00e-05 | time=102.5s
[Epoch 366/500] loss=0.017309 | val_psnr(x4)=28.45 dB | lr=5.00e-05 | time=102.4s
[Epoch 367/500] loss=0.016965 | val_psnr(x4)=28.44 dB | lr=5.00e-05 | time=102.9s
[Epoch 368/500] loss=0.016931 | val_psnr(x4)=28.46 dB | lr=5.00e-05 | time=102.9s
[Epoch 369/500] loss=0.016662 | val_psnr(x4)=28.47 dB | lr=5.00e-05 | time=102.4s
[Epoch 370/500] loss=0.016998 | val_psnr(x4)=28.46 dB | lr=5.00e-05 | time=102.4s
[Epoch 371/500] loss=0.016989 | val_psnr(x4)=28.46 dB | lr=5.00e-05 | time=102.5s
[Epoch 372/500] loss=0.016819 | val_psnr(x4)=28.46 dB | lr=5.00e-05 | time=102.1s
[Epoch 373/500] loss=0.016990 | val_psnr(x4)=28.44 dB | lr=5.00e-05 | time=101.7s
[Epoch 374/500] loss=0.017392 | val_psnr(x4)=28.46 dB | lr=5.00e-05 | time=102.6s
[Epoch 375/500] loss=0.017296 | val_psnr(x4)=28.46 dB | lr=5.00e-05 | time=102.8s
[Epoch 376/500] loss=0.016974 | val_psnr(x4)=28.46 dB | lr=5.00e-05 | time=103.0s
[Epoch 377/500] loss=0.017347 | val_psnr(x4)=28.45 dB | lr=5.00e-05 | time=103.7s
[Epoch 378/500] loss=0.016774 | val_psnr(x4)=28.45 dB | lr=5.00e-05 | time=103.5s
[Epoch 379/500] loss=0.017087 | val_psnr(x4)=28.45 dB | lr=5.00e-05 | time=105.4s
[Epoch 380/500] loss=0.016914 | val_psnr(x4)=28.48 dB | lr=5.00e-05 | time=103.2s
[Epoch 381/500] loss=0.016872 | val_psnr(x4)=28.44 dB | lr=5.00e-05 | time=105.7s
[Epoch 382/500] loss=0.016793 | val_psnr(x4)=28.47 dB | lr=5.00e-05 | time=103.6s
[Epoch 383/500] loss=0.016599 | val_psnr(x4)=28.46 dB | lr=5.00e-05 | time=103.4s
[Epoch 384/500] loss=0.017172 | val_psnr(x4)=28.43 dB | lr=5.00e-05 | time=103.4s
[Epoch 385/500] loss=0.016852 | val_psnr(x4)=28.45 dB | lr=5.00e-05 | time=102.5s
[Epoch 386/500] loss=0.017113 | val_psnr(x4)=28.46 dB | lr=5.00e-05 | time=101.7s
[Epoch 387/500] loss=0.016626 | val_psnr(x4)=28.45 dB | lr=5.00e-05 | time=104.6s
[Epoch 388/500] loss=0.017029 | val_psnr(x4)=28.41 dB | lr=5.00e-05 | time=102.7s
[Epoch 389/500] loss=0.017154 | val_psnr(x4)=28.46 dB | lr=5.00e-05 | time=102.8s
[Epoch 390/500] loss=0.017404 | val_psnr(x4)=28.46 dB | lr=5.00e-05 | time=103.8s
[Epoch 391/500] loss=0.017684 | val_psnr(x4)=28.37 dB | lr=5.00e-05 | time=103.2s
[Epoch 392/500] loss=0.017657 | val_psnr(x4)=28.47 dB | lr=5.00e-05 | time=102.3s
[Epoch 393/500] loss=0.016765 | val_psnr(x4)=28.41 dB | lr=5.00e-05 | time=101.9s
[Epoch 394/500] loss=0.017150 | val_psnr(x4)=28.47 dB | lr=5.00e-05 | time=102.3s
[Epoch 395/500] loss=0.017002 | val_psnr(x4)=28.48 dB | lr=5.00e-05 | time=103.4s
[Epoch 396/500] loss=0.017031 | val_psnr(x4)=28.45 dB | lr=5.00e-05 | time=102.8s
[Epoch 397/500] loss=0.017032 | val_psnr(x4)=28.46 dB | lr=5.00e-05 | time=103.8s
[Epoch 398/500] loss=0.016782 | val_psnr(x4)=28.46 dB | lr=5.00e-05 | time=102.3s
[Epoch 399/500] loss=0.017014 | val_psnr(x4)=28.44 dB | lr=5.00e-05 | time=102.5s
[Epoch 400/500] loss=0.016852 | val_psnr(x4)=28.44 dB | lr=2.50e-05 | time=102.9s
[Epoch 401/500] loss=0.017056 | val_psnr(x4)=28.50 dB | lr=2.50e-05 | time=102.6s
[Epoch 402/500] loss=0.016064 | val_psnr(x4)=28.50 dB | lr=2.50e-05 | time=102.9s
[Epoch 403/500] loss=0.017224 | val_psnr(x4)=28.50 dB | lr=2.50e-05 | time=102.5s
[Epoch 404/500] loss=0.016708 | val_psnr(x4)=28.49 dB | lr=2.50e-05 | time=102.4s
[Epoch 405/500] loss=0.016784 | val_psnr(x4)=28.49 dB | lr=2.50e-05 | time=102.5s
[Epoch 406/500] loss=0.017064 | val_psnr(x4)=28.48 dB | lr=2.50e-05 | time=102.7s
[Epoch 407/500] loss=0.016932 | val_psnr(x4)=28.50 dB | lr=2.50e-05 | time=102.4s
[Epoch 408/500] loss=0.016828 | val_psnr(x4)=28.47 dB | lr=2.50e-05 | time=101.8s
[Epoch 409/500] loss=0.017254 | val_psnr(x4)=28.48 dB | lr=2.50e-05 | time=102.9s
[Epoch 410/500] loss=0.017068 | val_psnr(x4)=28.49 dB | lr=2.50e-05 | time=102.3s
[Epoch 411/500] loss=0.016731 | val_psnr(x4)=28.49 dB | lr=2.50e-05 | time=102.8s
[Epoch 412/500] loss=0.017024 | val_psnr(x4)=28.49 dB | lr=2.50e-05 | time=103.0s
[Epoch 413/500] loss=0.017133 | val_psnr(x4)=28.50 dB | lr=2.50e-05 | time=102.4s
[Epoch 414/500] loss=0.016882 | val_psnr(x4)=28.46 dB | lr=2.50e-05 | time=103.8s
[Epoch 415/500] loss=0.016711 | val_psnr(x4)=28.47 dB | lr=2.50e-05 | time=102.8s
[Epoch 416/500] loss=0.016733 | val_psnr(x4)=28.50 dB | lr=2.50e-05 | time=105.7s
[Epoch 417/500] loss=0.016905 | val_psnr(x4)=28.48 dB | lr=2.50e-05 | time=104.0s
[Epoch 418/500] loss=0.016508 | val_psnr(x4)=28.50 dB | lr=2.50e-05 | time=102.5s
[Epoch 419/500] loss=0.016718 | val_psnr(x4)=28.50 dB | lr=2.50e-05 | time=101.8s
[Epoch 420/500] loss=0.016949 | val_psnr(x4)=28.50 dB | lr=2.50e-05 | time=102.5s
[Epoch 421/500] loss=0.016706 | val_psnr(x4)=28.50 dB | lr=2.50e-05 | time=102.3s
[Epoch 422/500] loss=0.016543 | val_psnr(x4)=28.51 dB | lr=2.50e-05 | time=102.6s
[Epoch 423/500] loss=0.016920 | val_psnr(x4)=28.50 dB | lr=2.50e-05 | time=102.9s
[Epoch 424/500] loss=0.017137 | val_psnr(x4)=28.49 dB | lr=2.50e-05 | time=104.9s
[Epoch 425/500] loss=0.017065 | val_psnr(x4)=28.50 dB | lr=2.50e-05 | time=105.2s
[Epoch 426/500] loss=0.016642 | val_psnr(x4)=28.49 dB | lr=2.50e-05 | time=104.5s
[Epoch 427/500] loss=0.016773 | val_psnr(x4)=28.50 dB | lr=2.50e-05 | time=104.1s
[Epoch 428/500] loss=0.017026 | val_psnr(x4)=28.49 dB | lr=2.50e-05 | time=102.7s
[Epoch 429/500] loss=0.016661 | val_psnr(x4)=28.51 dB | lr=2.50e-05 | time=102.0s
[Epoch 430/500] loss=0.016887 | val_psnr(x4)=28.51 dB | lr=2.50e-05 | time=102.0s
[Epoch 431/500] loss=0.016729 | val_psnr(x4)=28.51 dB | lr=2.50e-05 | time=103.9s
[Epoch 432/500] loss=0.017139 | val_psnr(x4)=28.51 dB | lr=2.50e-05 | time=102.3s
[Epoch 433/500] loss=0.016864 | val_psnr(x4)=28.50 dB | lr=2.50e-05 | time=101.9s
[Epoch 434/500] loss=0.016782 | val_psnr(x4)=28.45 dB | lr=2.50e-05 | time=102.3s
[Epoch 435/500] loss=0.016564 | val_psnr(x4)=28.50 dB | lr=2.50e-05 | time=101.7s
[Epoch 436/500] loss=0.016556 | val_psnr(x4)=28.51 dB | lr=2.50e-05 | time=102.3s
[Epoch 437/500] loss=0.016517 | val_psnr(x4)=28.51 dB | lr=2.50e-05 | time=102.4s
[Epoch 438/500] loss=0.016822 | val_psnr(x4)=28.51 dB | lr=2.50e-05 | time=101.7s
[Epoch 439/500] loss=0.016767 | val_psnr(x4)=28.50 dB | lr=2.50e-05 | time=102.1s
